MPLINK 4.38, Linker
Linker Map File - Created Thu Mar 31 20:57:49 2011

                                 Section Info
                  Section       Type    Address   Location Size(Bytes)
                ---------  ---------  ---------  ---------  ---------
                   .org_0       code   0x000000    program   0x000000
                   .org_1       code   0x000000    program   0x000002
                   .org_2       code   0x000004    program   0x0001be
 .config_2007_ADC_USART.O       code   0x002007    program   0x000002
 .config_2008_ADC_USART.O       code   0x002008    program   0x000002



                              Program Memory Usage 
                               Start         End      
                           ---------   ---------      
                            0x000000    0x000000      
                            0x000004    0x0000e2      
                            0x002007    0x002008      
            226 out of 4359 program addresses used, program memory utilization is 5%



                              Symbols - Sorted by Name
                     Name    Address   Location    Storage File                     
                ---------  ---------  ---------  --------- ---------                
                  ADJ_BCD   0x000041    program     static E:\Electrónica\Taller V IF 2011-01\Prácticas\Códigos y Simulaciones\Práctica VII\ADC\ADC_USART.asm
                  ADJ_DEC   0x000037    program     static E:\Electrónica\Taller V IF 2011-01\Prácticas\Códigos y Simulaciones\Práctica VII\ADC\ADC_USART.asm
      CINCO_MICROSEGUNDOS   0x000005    program     static E:\Electrónica\Taller V IF 2011-01\Prácticas\Códigos y Simulaciones\Práctica VII\ADC\ADC_USART.asm
          CREAR_REGISTROS   0x00004c    program     static E:\Electrónica\Taller V IF 2011-01\Prácticas\Códigos y Simulaciones\Práctica VII\ADC\ADC_USART.asm
                   Espere   0x00000c    program     static E:\Electrónica\Taller V IF 2011-01\Prácticas\Códigos y Simulaciones\Práctica VII\ADC\ADC_USART.asm
               INICIO_ADC   0x000014    program     static E:\Electrónica\Taller V IF 2011-01\Prácticas\Códigos y Simulaciones\Práctica VII\ADC\ADC_USART.asm
             INTERRUPCION   0x000064    program     static E:\Electrónica\Taller V IF 2011-01\Prácticas\Códigos y Simulaciones\Práctica VII\ADC\ADC_USART.asm
                     LOOP   0x00002d    program     static E:\Electrónica\Taller V IF 2011-01\Prácticas\Códigos y Simulaciones\Práctica VII\ADC\ADC_USART.asm
                    LOOP2   0x000007    program     static E:\Electrónica\Taller V IF 2011-01\Prácticas\Códigos y Simulaciones\Práctica VII\ADC\ADC_USART.asm
                     MAIN   0x000093    program     static E:\Electrónica\Taller V IF 2011-01\Prácticas\Códigos y Simulaciones\Práctica VII\ADC\ADC_USART.asm
            OBTENER_#ARAB   0x000059    program     static E:\Electrónica\Taller V IF 2011-01\Prácticas\Códigos y Simulaciones\Práctica VII\ADC\ADC_USART.asm
                RECEPCION   0x00006d    program     static E:\Electrónica\Taller V IF 2011-01\Prácticas\Códigos y Simulaciones\Práctica VII\ADC\ADC_USART.asm
                   SALIDA   0x00008b    program     static E:\Electrónica\Taller V IF 2011-01\Prácticas\Códigos y Simulaciones\Práctica VII\ADC\ADC_USART.asm
           TRANSF_BIN_BCD   0x000018    program     static E:\Electrónica\Taller V IF 2011-01\Prácticas\Códigos y Simulaciones\Práctica VII\ADC\ADC_USART.asm
               enviaRS232   0x00000a    program     static E:\Electrónica\Taller V IF 2011-01\Prácticas\Códigos y Simulaciones\Práctica VII\ADC\ADC_USART.asm
                    msgCR   0x000010    program     static E:\Electrónica\Taller V IF 2011-01\Prácticas\Códigos y Simulaciones\Práctica VII\ADC\ADC_USART.asm



                              Symbols - Sorted by Address
                     Name    Address   Location    Storage File                     
                ---------  ---------  ---------  --------- ---------                
      CINCO_MICROSEGUNDOS   0x000005    program     static E:\Electrónica\Taller V IF 2011-01\Prácticas\Códigos y Simulaciones\Práctica VII\ADC\ADC_USART.asm
                    LOOP2   0x000007    program     static E:\Electrónica\Taller V IF 2011-01\Prácticas\Códigos y Simulaciones\Práctica VII\ADC\ADC_USART.asm
               enviaRS232   0x00000a    program     static E:\Electrónica\Taller V IF 2011-01\Prácticas\Códigos y Simulaciones\Práctica VII\ADC\ADC_USART.asm
                   Espere   0x00000c    program     static E:\Electrónica\Taller V IF 2011-01\Prácticas\Códigos y Simulaciones\Práctica VII\ADC\ADC_USART.asm
                    msgCR   0x000010    program     static E:\Electrónica\Taller V IF 2011-01\Prácticas\Códigos y Simulaciones\Práctica VII\ADC\ADC_USART.asm
               INICIO_ADC   0x000014    program     static E:\Electrónica\Taller V IF 2011-01\Prácticas\Códigos y Simulaciones\Práctica VII\ADC\ADC_USART.asm
           TRANSF_BIN_BCD   0x000018    program     static E:\Electrónica\Taller V IF 2011-01\Prácticas\Códigos y Simulaciones\Práctica VII\ADC\ADC_USART.asm
                     LOOP   0x00002d    program     static E:\Electrónica\Taller V IF 2011-01\Prácticas\Códigos y Simulaciones\Práctica VII\ADC\ADC_USART.asm
                  ADJ_DEC   0x000037    program     static E:\Electrónica\Taller V IF 2011-01\Prácticas\Códigos y Simulaciones\Práctica VII\ADC\ADC_USART.asm
                  ADJ_BCD   0x000041    program     static E:\Electrónica\Taller V IF 2011-01\Prácticas\Códigos y Simulaciones\Práctica VII\ADC\ADC_USART.asm
          CREAR_REGISTROS   0x00004c    program     static E:\Electrónica\Taller V IF 2011-01\Prácticas\Códigos y Simulaciones\Práctica VII\ADC\ADC_USART.asm
            OBTENER_#ARAB   0x000059    program     static E:\Electrónica\Taller V IF 2011-01\Prácticas\Códigos y Simulaciones\Práctica VII\ADC\ADC_USART.asm
             INTERRUPCION   0x000064    program     static E:\Electrónica\Taller V IF 2011-01\Prácticas\Códigos y Simulaciones\Práctica VII\ADC\ADC_USART.asm
                RECEPCION   0x00006d    program     static E:\Electrónica\Taller V IF 2011-01\Prácticas\Códigos y Simulaciones\Práctica VII\ADC\ADC_USART.asm
                   SALIDA   0x00008b    program     static E:\Electrónica\Taller V IF 2011-01\Prácticas\Códigos y Simulaciones\Práctica VII\ADC\ADC_USART.asm
                     MAIN   0x000093    program     static E:\Electrónica\Taller V IF 2011-01\Prácticas\Códigos y Simulaciones\Práctica VII\ADC\ADC_USART.asm


