;  LST file generated by mikroListExporter - v.2.0 
; Date/Time: 09/04/2011 13:17:13
;----------------------------------------------

;Address Opcode 	ASM
0x0000	0x2AB3      	GOTO       691
_interrupt:
0x0004	0x00FF      	MOVWF      R15
0x0005	0x0E03      	SWAPF      STATUS, 0
0x0006	0x0183      	CLRF       STATUS
0x0007	0x00C7      	MOVWF      ___saveSTATUS
0x0008	0x080A      	MOVF       PCLATH, 0
0x0009	0x00C6      	MOVWF      ___savePCLATH
0x000A	0x018A      	CLRF       PCLATH
0x000B	0x0870      	MOVF       R0, 0
0x000C	0x00A2      	MOVWF      34
0x000D	0x0871      	MOVF       R1, 0
0x000E	0x00A1      	MOVWF      33
0x000F	0x0872      	MOVF       R2, 0
0x0010	0x00A0      	MOVWF      32
;ADC_USART_INT_TMRX.c,6 :: 		void interrupt() {
;ADC_USART_INT_TMRX.c,7 :: 		if (INTCON.TMR0IF) {
0x0011	0x1D0B      	BTFSS      INTCON, 2
0x0012	0x2842      	GOTO       L_interrupt0
;ADC_USART_INT_TMRX.c,8 :: 		contador_TMR0++;
0x0013	0x0842      	MOVF       _contador_TMR0, 0
0x0014	0x00F0      	MOVWF      R0
0x0015	0x0843      	MOVF       _contador_TMR0+1, 0
0x0016	0x00F1      	MOVWF      R0+1
0x0017	0x0844      	MOVF       _contador_TMR0+2, 0
0x0018	0x00F2      	MOVWF      R0+2
0x0019	0x0845      	MOVF       _contador_TMR0+3, 0
0x001A	0x00F3      	MOVWF      R0+3
0x001B	0x0AF0      	INCF       R0, 1
0x001C	0x1903      	BTFSC      STATUS, 2
0x001D	0x0AF1      	INCF       R0+1, 1
0x001E	0x1903      	BTFSC      STATUS, 2
0x001F	0x0AF2      	INCF       R0+2, 1
0x0020	0x1903      	BTFSC      STATUS, 2
0x0021	0x0AF3      	INCF       R0+3, 1
0x0022	0x0870      	MOVF       R0, 0
0x0023	0x00C2      	MOVWF      _contador_TMR0
0x0024	0x0871      	MOVF       R0+1, 0
0x0025	0x00C3      	MOVWF      _contador_TMR0+1
0x0026	0x0872      	MOVF       R0+2, 0
0x0027	0x00C4      	MOVWF      _contador_TMR0+2
0x0028	0x0873      	MOVF       R0+3, 0
0x0029	0x00C5      	MOVWF      _contador_TMR0+3
;ADC_USART_INT_TMRX.c,9 :: 		if (contador_TMR0 == desbordes){
0x002A	0x0845      	MOVF       _contador_TMR0+3, 0
0x002B	0x0641      	XORWF      _desbordes+3, 0
0x002C	0x1D03      	BTFSS      STATUS, 2
0x002D	0x2838      	GOTO       L__interrupt32
0x002E	0x0844      	MOVF       _contador_TMR0+2, 0
0x002F	0x0640      	XORWF      _desbordes+2, 0
0x0030	0x1D03      	BTFSS      STATUS, 2
0x0031	0x2838      	GOTO       L__interrupt32
0x0032	0x0843      	MOVF       _contador_TMR0+1, 0
0x0033	0x063F      	XORWF      _desbordes+1, 0
0x0034	0x1D03      	BTFSS      STATUS, 2
0x0035	0x2838      	GOTO       L__interrupt32
0x0036	0x0842      	MOVF       _contador_TMR0, 0
0x0037	0x063E      	XORWF      _desbordes, 0
L__interrupt32:
0x0038	0x1D03      	BTFSS      STATUS, 2
0x0039	0x2840      	GOTO       L_interrupt1
;ADC_USART_INT_TMRX.c,10 :: 		envio_ADC = 1;
0x003A	0x3001      	MOVLW      1
0x003B	0x00B8      	MOVWF      _envio_ADC
;ADC_USART_INT_TMRX.c,11 :: 		contador_TMR0 = 0;
0x003C	0x01C2      	CLRF       _contador_TMR0
0x003D	0x01C3      	CLRF       _contador_TMR0+1
0x003E	0x01C4      	CLRF       _contador_TMR0+2
0x003F	0x01C5      	CLRF       _contador_TMR0+3
;ADC_USART_INT_TMRX.c,12 :: 		}
L_interrupt1:
;ADC_USART_INT_TMRX.c,13 :: 		INTCON.TMR0IF = 0;
0x0040	0x110B      	BCF        INTCON, 2
;ADC_USART_INT_TMRX.c,14 :: 		}
0x0041	0x28C1      	GOTO       L_interrupt2
L_interrupt0:
;ADC_USART_INT_TMRX.c,15 :: 		else if (INTCON.RBIF) {
0x0042	0x1C0B      	BTFSS      INTCON, 0
0x0043	0x2890      	GOTO       L_interrupt3
;ADC_USART_INT_TMRX.c,16 :: 		if (PORTB.RB6 ==1) desbordes=desbordes+488;  //488 desbordes son 50ms
0x0044	0x1F06      	BTFSS      PORTB, 6
0x0045	0x2862      	GOTO       L_interrupt4
0x0046	0x30E8      	MOVLW      232
0x0047	0x00F0      	MOVWF      R0
0x0048	0x3001      	MOVLW      1
0x0049	0x00F1      	MOVWF      R0+1
0x004A	0x01F2      	CLRF       R0+2
0x004B	0x01F3      	CLRF       R0+3
0x004C	0x083E      	MOVF       _desbordes, 0
0x004D	0x07F0      	ADDWF      R0, 1
0x004E	0x083F      	MOVF       _desbordes+1, 0
0x004F	0x1803      	BTFSC      STATUS, 0
0x0050	0x0F3F      	INCFSZ     _desbordes+1, 0
0x0051	0x07F1      	ADDWF      R0+1, 1
0x0052	0x0840      	MOVF       _desbordes+2, 0
0x0053	0x1803      	BTFSC      STATUS, 0
0x0054	0x0F40      	INCFSZ     _desbordes+2, 0
0x0055	0x07F2      	ADDWF      R0+2, 1
0x0056	0x0841      	MOVF       _desbordes+3, 0
0x0057	0x1803      	BTFSC      STATUS, 0
0x0058	0x0F41      	INCFSZ     _desbordes+3, 0
0x0059	0x07F3      	ADDWF      R0+3, 1
0x005A	0x0870      	MOVF       R0, 0
0x005B	0x00BE      	MOVWF      _desbordes
0x005C	0x0871      	MOVF       R0+1, 0
0x005D	0x00BF      	MOVWF      _desbordes+1
0x005E	0x0872      	MOVF       R0+2, 0
0x005F	0x00C0      	MOVWF      _desbordes+2
0x0060	0x0873      	MOVF       R0+3, 0
0x0061	0x00C1      	MOVWF      _desbordes+3
L_interrupt4:
;ADC_USART_INT_TMRX.c,17 :: 		if (PORTB.RB7 ==1) desbordes=desbordes-488;
0x0062	0x1F86      	BTFSS      PORTB, 7
0x0063	0x2878      	GOTO       L_interrupt5
0x0064	0x30E8      	MOVLW      232
0x0065	0x00F0      	MOVWF      R0
0x0066	0x3001      	MOVLW      1
0x0067	0x00F1      	MOVWF      R0+1
0x0068	0x01F2      	CLRF       R0+2
0x0069	0x01F3      	CLRF       R0+3
0x006A	0x0870      	MOVF       R0, 0
0x006B	0x02BE      	SUBWF      _desbordes, 1
0x006C	0x0871      	MOVF       R0+1, 0
0x006D	0x1C03      	BTFSS      STATUS, 0
0x006E	0x0F71      	INCFSZ     R0+1, 0
0x006F	0x02BF      	SUBWF      _desbordes+1, 1
0x0070	0x0872      	MOVF       R0+2, 0
0x0071	0x1C03      	BTFSS      STATUS, 0
0x0072	0x0F72      	INCFSZ     R0+2, 0
0x0073	0x02C0      	SUBWF      _desbordes+2, 1
0x0074	0x0873      	MOVF       R0+3, 0
0x0075	0x1C03      	BTFSS      STATUS, 0
0x0076	0x0F73      	INCFSZ     R0+3, 0
0x0077	0x02C1      	SUBWF      _desbordes+3, 1
L_interrupt5:
;ADC_USART_INT_TMRX.c,18 :: 		if (desbordes <= 488) desbordes=489;
0x0078	0x0841      	MOVF       _desbordes+3, 0
0x0079	0x3C00      	SUBLW      0
0x007A	0x1D03      	BTFSS      STATUS, 2
0x007B	0x2886      	GOTO       L__interrupt33
0x007C	0x0840      	MOVF       _desbordes+2, 0
0x007D	0x3C00      	SUBLW      0
0x007E	0x1D03      	BTFSS      STATUS, 2
0x007F	0x2886      	GOTO       L__interrupt33
0x0080	0x083F      	MOVF       _desbordes+1, 0
0x0081	0x3C01      	SUBLW      1
0x0082	0x1D03      	BTFSS      STATUS, 2
0x0083	0x2886      	GOTO       L__interrupt33
0x0084	0x083E      	MOVF       _desbordes, 0
0x0085	0x3CE8      	SUBLW      232
L__interrupt33:
0x0086	0x1C03      	BTFSS      STATUS, 0
0x0087	0x288E      	GOTO       L_interrupt6
0x0088	0x30E9      	MOVLW      233
0x0089	0x00BE      	MOVWF      _desbordes
0x008A	0x3001      	MOVLW      1
0x008B	0x00BF      	MOVWF      _desbordes+1
0x008C	0x01C0      	CLRF       _desbordes+2
0x008D	0x01C1      	CLRF       _desbordes+3
L_interrupt6:
;ADC_USART_INT_TMRX.c,19 :: 		INTCON.RBIF = 0;
0x008E	0x100B      	BCF        INTCON, 0
;ADC_USART_INT_TMRX.c,20 :: 		}
0x008F	0x28C1      	GOTO       L_interrupt7
L_interrupt3:
;ADC_USART_INT_TMRX.c,21 :: 		else if (PIR1.TMR1IF) {
0x0090	0x1C0C      	BTFSS      PIR1, 0
0x0091	0x28C1      	GOTO       L_interrupt8
;ADC_USART_INT_TMRX.c,22 :: 		contador_TMR1++;
0x0092	0x0839      	MOVF       _contador_TMR1, 0
0x0093	0x00F0      	MOVWF      R0
0x0094	0x083A      	MOVF       _contador_TMR1+1, 0
0x0095	0x00F1      	MOVWF      R0+1
0x0096	0x083B      	MOVF       _contador_TMR1+2, 0
0x0097	0x00F2      	MOVWF      R0+2
0x0098	0x083C      	MOVF       _contador_TMR1+3, 0
0x0099	0x00F3      	MOVWF      R0+3
0x009A	0x0AF0      	INCF       R0, 1
0x009B	0x1903      	BTFSC      STATUS, 2
0x009C	0x0AF1      	INCF       R0+1, 1
0x009D	0x1903      	BTFSC      STATUS, 2
0x009E	0x0AF2      	INCF       R0+2, 1
0x009F	0x1903      	BTFSC      STATUS, 2
0x00A0	0x0AF3      	INCF       R0+3, 1
0x00A1	0x0870      	MOVF       R0, 0
0x00A2	0x00B9      	MOVWF      _contador_TMR1
0x00A3	0x0871      	MOVF       R0+1, 0
0x00A4	0x00BA      	MOVWF      _contador_TMR1+1
0x00A5	0x0872      	MOVF       R0+2, 0
0x00A6	0x00BB      	MOVWF      _contador_TMR1+2
0x00A7	0x0873      	MOVF       R0+3, 0
0x00A8	0x00BC      	MOVWF      _contador_TMR1+3
;ADC_USART_INT_TMRX.c,23 :: 		if (contador_TMR1 == 76){   //Un segundo
0x00A9	0x3000      	MOVLW      0
0x00AA	0x00F0      	MOVWF      R0
0x00AB	0x063C      	XORWF      _contador_TMR1+3, 0
0x00AC	0x1D03      	BTFSS      STATUS, 2
0x00AD	0x28B8      	GOTO       L__interrupt34
0x00AE	0x0870      	MOVF       R0, 0
0x00AF	0x063B      	XORWF      _contador_TMR1+2, 0
0x00B0	0x1D03      	BTFSS      STATUS, 2
0x00B1	0x28B8      	GOTO       L__interrupt34
0x00B2	0x0870      	MOVF       R0, 0
0x00B3	0x063A      	XORWF      _contador_TMR1+1, 0
0x00B4	0x1D03      	BTFSS      STATUS, 2
0x00B5	0x28B8      	GOTO       L__interrupt34
0x00B6	0x0839      	MOVF       _contador_TMR1, 0
0x00B7	0x3A4C      	XORLW      76
L__interrupt34:
0x00B8	0x1D03      	BTFSS      STATUS, 2
0x00B9	0x28C0      	GOTO       L_interrupt9
;ADC_USART_INT_TMRX.c,24 :: 		incrementar = 1;
0x00BA	0x3001      	MOVLW      1
0x00BB	0x00BD      	MOVWF      _incrementar
;ADC_USART_INT_TMRX.c,25 :: 		contador_TMR1 = 0;
0x00BC	0x01B9      	CLRF       _contador_TMR1
0x00BD	0x01BA      	CLRF       _contador_TMR1+1
0x00BE	0x01BB      	CLRF       _contador_TMR1+2
0x00BF	0x01BC      	CLRF       _contador_TMR1+3
;ADC_USART_INT_TMRX.c,26 :: 		}
L_interrupt9:
;ADC_USART_INT_TMRX.c,27 :: 		PIR1.TMR1IF = 0;
0x00C0	0x100C      	BCF        PIR1, 0
;ADC_USART_INT_TMRX.c,28 :: 		}
L_interrupt8:
L_interrupt7:
L_interrupt2:
;ADC_USART_INT_TMRX.c,29 :: 		}
L__interrupt31:
0x00C1	0x0822      	MOVF       34, 0
0x00C2	0x00F0      	MOVWF      R0
0x00C3	0x0821      	MOVF       33, 0
0x00C4	0x00F1      	MOVWF      R1
0x00C5	0x0820      	MOVF       32, 0
0x00C6	0x00F2      	MOVWF      R2
0x00C7	0x0846      	MOVF       ___savePCLATH, 0
0x00C8	0x008A      	MOVWF      PCLATH
0x00C9	0x0E47      	SWAPF      ___saveSTATUS, 0
0x00CA	0x0083      	MOVWF      STATUS
0x00CB	0x0EFF      	SWAPF      R15, 1
0x00CC	0x0E7F      	SWAPF      R15, 0
0x00CD	0x0009      	RETFIE
; end of _interrupt
_Div_16x16_U:
;__Lib_Math.c,215 :: 		
;__Lib_Math.c,222 :: 		
0x00CE	0x1283      	BCF        STATUS, 5
;__Lib_Math.c,223 :: 		
0x00CF	0x1303      	BCF        STATUS, 6
;__Lib_Math.c,224 :: 		
0x00D0	0x01F8      	CLRF       R8
;__Lib_Math.c,225 :: 		
0x00D1	0x01F9      	CLRF       R9
;__Lib_Math.c,226 :: 		
0x00D2	0x3010      	MOVLW      16
;__Lib_Math.c,227 :: 		
0x00D3	0x00FC      	MOVWF      R12
;__Lib_Math.c,228 :: 		
0x00D4	0x0D71      	RLF        R1, 0
;__Lib_Math.c,229 :: 		
0x00D5	0x0DF8      	RLF        R8, 1
;__Lib_Math.c,230 :: 		
0x00D6	0x0DF9      	RLF        R9, 1
;__Lib_Math.c,231 :: 		
0x00D7	0x0874      	MOVF       R4, 0
;__Lib_Math.c,232 :: 		
0x00D8	0x02F8      	SUBWF      R8, 1
;__Lib_Math.c,233 :: 		
0x00D9	0x0875      	MOVF       R5, 0
;__Lib_Math.c,234 :: 		
0x00DA	0x1C03      	BTFSS      STATUS, 0
;__Lib_Math.c,235 :: 		
0x00DB	0x0F75      	INCFSZ     R5, 0
;__Lib_Math.c,236 :: 		
0x00DC	0x02F9      	SUBWF      R9, 1
;__Lib_Math.c,237 :: 		
0x00DD	0x1803      	BTFSC      STATUS, 0
;__Lib_Math.c,238 :: 		
0x00DE	0x28E6      	GOTO       $+8
;__Lib_Math.c,239 :: 		
0x00DF	0x0874      	MOVF       R4, 0
;__Lib_Math.c,240 :: 		
0x00E0	0x07F8      	ADDWF      R8, 1
;__Lib_Math.c,241 :: 		
0x00E1	0x0875      	MOVF       R5, 0
;__Lib_Math.c,242 :: 		
0x00E2	0x1803      	BTFSC      STATUS, 0
;__Lib_Math.c,243 :: 		
0x00E3	0x0F75      	INCFSZ     R5, 0
;__Lib_Math.c,244 :: 		
0x00E4	0x07F9      	ADDWF      R9, 1
;__Lib_Math.c,245 :: 		
0x00E5	0x1003      	BCF        STATUS, 0
;__Lib_Math.c,246 :: 		
0x00E6	0x0DF0      	RLF        R0, 1
;__Lib_Math.c,247 :: 		
0x00E7	0x0DF1      	RLF        R1, 1
;__Lib_Math.c,248 :: 		
0x00E8	0x0BFC      	DECFSZ     R12, 1
;__Lib_Math.c,249 :: 		
0x00E9	0x28D4      	GOTO       $-21
;__Lib_Math.c,251 :: 		
0x00EA	0x0008      	RETURN
; end of _Div_16x16_U
_WordToStr:
;__Lib_Conversions.c,84 :: 		
;__Lib_Conversions.c,89 :: 		
0x00EB	0x1283      	BCF        STATUS, 5
0x00EC	0x1303      	BCF        STATUS, 6
0x00ED	0x01D5      	CLRF       WordToStr_len_L0
L_WordToStr6:
0x00EE	0x3005      	MOVLW      5
0x00EF	0x0255      	SUBWF      WordToStr_len_L0, 0
0x00F0	0x1803      	BTFSC      STATUS, 0
0x00F1	0x28F9      	GOTO       L_WordToStr7
;__Lib_Conversions.c,90 :: 		
0x00F2	0x0855      	MOVF       WordToStr_len_L0, 0
0x00F3	0x0754      	ADDWF      FARG_WordToStr_output, 0
0x00F4	0x0084      	MOVWF      FSR
0x00F5	0x3020      	MOVLW      32
0x00F6	0x0080      	MOVWF      INDF
;__Lib_Conversions.c,89 :: 		
0x00F7	0x0AD5      	INCF       WordToStr_len_L0, 1
;__Lib_Conversions.c,90 :: 		
0x00F8	0x28EE      	GOTO       L_WordToStr6
L_WordToStr7:
;__Lib_Conversions.c,91 :: 		
0x00F9	0x0855      	MOVF       WordToStr_len_L0, 0
0x00FA	0x0754      	ADDWF      FARG_WordToStr_output, 0
0x00FB	0x0084      	MOVWF      FSR
0x00FC	0x0180      	CLRF       INDF
0x00FD	0x03D5      	DECF       WordToStr_len_L0, 1
;__Lib_Conversions.c,93 :: 		
L_WordToStr9:
;__Lib_Conversions.c,94 :: 		
0x00FE	0x0855      	MOVF       WordToStr_len_L0, 0
0x00FF	0x0754      	ADDWF      FARG_WordToStr_output, 0
0x0100	0x00D6      	MOVWF      FLOC__WordToStr
0x0101	0x300A      	MOVLW      10
0x0102	0x00F4      	MOVWF      R4
0x0103	0x01F5      	CLRF       R4+1
0x0104	0x0852      	MOVF       FARG_WordToStr_input, 0
0x0105	0x00F0      	MOVWF      R0
0x0106	0x0853      	MOVF       FARG_WordToStr_input+1, 0
0x0107	0x00F1      	MOVWF      R0+1
0x0108	0x20CE      	CALL       _Div_16x16_U
0x0109	0x0878      	MOVF       R8, 0
0x010A	0x00F0      	MOVWF      R0
0x010B	0x0879      	MOVF       R8+1, 0
0x010C	0x00F1      	MOVWF      R0+1
0x010D	0x3030      	MOVLW      48
0x010E	0x07F0      	ADDWF      R0, 1
0x010F	0x0856      	MOVF       FLOC__WordToStr, 0
0x0110	0x0084      	MOVWF      FSR
0x0111	0x0870      	MOVF       R0, 0
0x0112	0x0080      	MOVWF      INDF
;__Lib_Conversions.c,95 :: 		
0x0113	0x300A      	MOVLW      10
0x0114	0x00F4      	MOVWF      R4
0x0115	0x01F5      	CLRF       R4+1
0x0116	0x0852      	MOVF       FARG_WordToStr_input, 0
0x0117	0x00F0      	MOVWF      R0
0x0118	0x0853      	MOVF       FARG_WordToStr_input+1, 0
0x0119	0x00F1      	MOVWF      R0+1
0x011A	0x20CE      	CALL       _Div_16x16_U
0x011B	0x0870      	MOVF       R0, 0
0x011C	0x00D2      	MOVWF      FARG_WordToStr_input
0x011D	0x0871      	MOVF       R0+1, 0
0x011E	0x00D3      	MOVWF      FARG_WordToStr_input+1
;__Lib_Conversions.c,96 :: 		
0x011F	0x3000      	MOVLW      0
0x0120	0x0671      	XORWF      R0+1, 0
0x0121	0x1D03      	BTFSS      STATUS, 2
0x0122	0x2925      	GOTO       L__WordToStr96
0x0123	0x3000      	MOVLW      0
0x0124	0x0670      	XORWF      R0, 0
L__WordToStr96:
0x0125	0x1D03      	BTFSS      STATUS, 2
0x0126	0x2928      	GOTO       L_WordToStr11
;__Lib_Conversions.c,97 :: 		
0x0127	0x292A      	GOTO       L_WordToStr10
L_WordToStr11:
;__Lib_Conversions.c,98 :: 		
0x0128	0x03D5      	DECF       WordToStr_len_L0, 1
;__Lib_Conversions.c,99 :: 		
0x0129	0x28FE      	GOTO       L_WordToStr9
L_WordToStr10:
;__Lib_Conversions.c,100 :: 		
0x012A	0x0008      	RETURN
; end of _WordToStr
_Delay_22us:
;__Lib_Delays.c,15 :: 		void Delay_22us() {
;__Lib_Delays.c,16 :: 		Delay_us(22);
0x012B	0x3024      	MOVLW      36
0x012C	0x1283      	BCF        STATUS, 5
0x012D	0x1303      	BCF        STATUS, 6
0x012E	0x00FD      	MOVWF      R13
L_Delay_22us1:
0x012F	0x0BFD      	DECFSZ     R13, 1
0x0130	0x292F      	GOTO       L_Delay_22us1
0x0131	0x0000      	NOP
;__Lib_Delays.c,17 :: 		}
0x0132	0x0008      	RETURN
; end of _Delay_22us
_UART1_Write:
;__Lib_UART_c67.c,39 :: 		
;__Lib_UART_c67.c,40 :: 		
L_UART1_Write3:
0x0133	0x1683      	BSF        STATUS, 5
0x0134	0x1303      	BCF        STATUS, 6
0x0135	0x1898      	BTFSC      TXSTA, 1
0x0136	0x2939      	GOTO       L_UART1_Write4
;__Lib_UART_c67.c,41 :: 		
0x0137	0x0000      	NOP
0x0138	0x2933      	GOTO       L_UART1_Write3
L_UART1_Write4:
;__Lib_UART_c67.c,42 :: 		
0x0139	0x1283      	BCF        STATUS, 5
0x013A	0x0852      	MOVF       FARG_UART1_Write_data_, 0
0x013B	0x0099      	MOVWF      TXREG
;__Lib_UART_c67.c,43 :: 		
0x013C	0x0008      	RETURN
; end of _UART1_Write
_Mul_8x8_U:
;__Lib_Math.c,103 :: 		
;__Lib_Math.c,108 :: 		
0x013D	0x1283      	BCF        STATUS, 5
;__Lib_Math.c,109 :: 		
0x013E	0x1303      	BCF        STATUS, 6
;__Lib_Math.c,110 :: 		
0x013F	0x0870      	MOVF       R0, 0
;__Lib_Math.c,111 :: 		
0x0140	0x00F1      	MOVWF      R1
;__Lib_Math.c,112 :: 		
0x0141	0x01F0      	CLRF       R0
;__Lib_Math.c,113 :: 		
0x0142	0x3008      	MOVLW      8
;__Lib_Math.c,114 :: 		
0x0143	0x00FC      	MOVWF      R12
;__Lib_Math.c,115 :: 		
0x0144	0x0871      	MOVF       R1, 0
;__Lib_Math.c,116 :: 		
0x0145	0x0CF4      	RRF        R4, 1
;__Lib_Math.c,117 :: 		
0x0146	0x1803      	BTFSC      STATUS, 0
;__Lib_Math.c,118 :: 		
0x0147	0x294C      	GOTO       $+5
;__Lib_Math.c,119 :: 		
0x0148	0x0BFC      	DECFSZ     R12, 1
;__Lib_Math.c,120 :: 		
0x0149	0x2945      	GOTO       $-4
;__Lib_Math.c,121 :: 		
0x014A	0x01F1      	CLRF       R1
;__Lib_Math.c,122 :: 		
0x014B	0x3400      	RETLW      0
;__Lib_Math.c,123 :: 		
0x014C	0x1003      	BCF        STATUS, 0
;__Lib_Math.c,124 :: 		
0x014D	0x2951      	GOTO       $+4
;__Lib_Math.c,125 :: 		
0x014E	0x0CF4      	RRF        R4, 1
;__Lib_Math.c,126 :: 		
0x014F	0x1803      	BTFSC      STATUS, 0
;__Lib_Math.c,127 :: 		
0x0150	0x07F1      	ADDWF      R1, 1
;__Lib_Math.c,128 :: 		
0x0151	0x0CF1      	RRF        R1, 1
;__Lib_Math.c,129 :: 		
0x0152	0x0CF0      	RRF        R0, 1
;__Lib_Math.c,130 :: 		
0x0153	0x0BFC      	DECFSZ     R12, 1
;__Lib_Math.c,131 :: 		
0x0154	0x294E      	GOTO       $-6
;__Lib_Math.c,133 :: 		
;__Lib_Math.c,134 :: 		
0x0155	0x0008      	RETURN
; end of _Mul_8x8_U
_IntToStr:
;__Lib_Conversions.c,146 :: 		
;__Lib_Conversions.c,152 :: 		
0x0156	0x1283      	BCF        STATUS, 5
0x0157	0x1303      	BCF        STATUS, 6
0x0158	0x01CE      	CLRF       IntToStr_negative_L0
0x0159	0x01CF      	CLRF       IntToStr_negative_L0+1
;__Lib_Conversions.c,153 :: 		
0x015A	0x0849      	MOVF       FARG_IntToStr_input, 0
0x015B	0x00D0      	MOVWF      IntToStr_inword_L0
0x015C	0x084A      	MOVF       FARG_IntToStr_input+1, 0
0x015D	0x00D1      	MOVWF      IntToStr_inword_L0+1
;__Lib_Conversions.c,154 :: 		
0x015E	0x3080      	MOVLW      128
0x015F	0x064A      	XORWF      FARG_IntToStr_input+1, 0
0x0160	0x00F0      	MOVWF      R0
0x0161	0x3080      	MOVLW      128
0x0162	0x0270      	SUBWF      R0, 0
0x0163	0x1D03      	BTFSS      STATUS, 2
0x0164	0x2967      	GOTO       L__IntToStr99
0x0165	0x3000      	MOVLW      0
0x0166	0x0249      	SUBWF      FARG_IntToStr_input, 0
L__IntToStr99:
0x0167	0x1803      	BTFSC      STATUS, 0
0x0168	0x2975      	GOTO       L_IntToStr23
;__Lib_Conversions.c,155 :: 		
0x0169	0x3001      	MOVLW      1
0x016A	0x00CE      	MOVWF      IntToStr_negative_L0
0x016B	0x3000      	MOVLW      0
0x016C	0x00CF      	MOVWF      IntToStr_negative_L0+1
;__Lib_Conversions.c,156 :: 		
0x016D	0x0849      	MOVF       FARG_IntToStr_input, 0
0x016E	0x3C00      	SUBLW      0
0x016F	0x00D0      	MOVWF      IntToStr_inword_L0
0x0170	0x084A      	MOVF       FARG_IntToStr_input+1, 0
0x0171	0x1C03      	BTFSS      STATUS, 0
0x0172	0x3E01      	ADDLW      1
0x0173	0x01D1      	CLRF       IntToStr_inword_L0+1
0x0174	0x02D1      	SUBWF      IntToStr_inword_L0+1, 1
;__Lib_Conversions.c,157 :: 		
L_IntToStr23:
;__Lib_Conversions.c,158 :: 		
0x0175	0x0850      	MOVF       IntToStr_inword_L0, 0
0x0176	0x00D2      	MOVWF      FARG_WordToStr_input
0x0177	0x0851      	MOVF       IntToStr_inword_L0+1, 0
0x0178	0x00D3      	MOVWF      FARG_WordToStr_input+1
0x0179	0x084B      	MOVF       FARG_IntToStr_output, 0
0x017A	0x00D4      	MOVWF      FARG_WordToStr_output
0x017B	0x20EB      	CALL       _WordToStr
;__Lib_Conversions.c,160 :: 		
0x017C	0x3006      	MOVLW      6
0x017D	0x00CC      	MOVWF      IntToStr_i_L0
0x017E	0x3000      	MOVLW      0
0x017F	0x00CD      	MOVWF      IntToStr_i_L0+1
;__Lib_Conversions.c,161 :: 		
L_IntToStr24:
0x0180	0x084D      	MOVF       IntToStr_i_L0+1, 0
0x0181	0x3C00      	SUBLW      0
0x0182	0x1D03      	BTFSS      STATUS, 2
0x0183	0x2986      	GOTO       L__IntToStr100
0x0184	0x084C      	MOVF       IntToStr_i_L0, 0
0x0185	0x3C00      	SUBLW      0
L__IntToStr100:
0x0186	0x1803      	BTFSC      STATUS, 0
0x0187	0x29A1      	GOTO       L_IntToStr25
;__Lib_Conversions.c,162 :: 		
0x0188	0x084C      	MOVF       IntToStr_i_L0, 0
0x0189	0x074B      	ADDWF      FARG_IntToStr_output, 0
0x018A	0x00F2      	MOVWF      R2
0x018B	0x3001      	MOVLW      1
0x018C	0x024C      	SUBWF      IntToStr_i_L0, 0
0x018D	0x00F0      	MOVWF      R0
0x018E	0x3000      	MOVLW      0
0x018F	0x1C03      	BTFSS      STATUS, 0
0x0190	0x3E01      	ADDLW      1
0x0191	0x024D      	SUBWF      IntToStr_i_L0+1, 0
0x0192	0x00F1      	MOVWF      R0+1
0x0193	0x0870      	MOVF       R0, 0
0x0194	0x074B      	ADDWF      FARG_IntToStr_output, 0
0x0195	0x0084      	MOVWF      FSR
0x0196	0x0800      	MOVF       INDF, 0
0x0197	0x00F0      	MOVWF      R0
0x0198	0x0872      	MOVF       R2, 0
0x0199	0x0084      	MOVWF      FSR
0x019A	0x0870      	MOVF       R0, 0
0x019B	0x0080      	MOVWF      INDF
;__Lib_Conversions.c,163 :: 		
0x019C	0x3001      	MOVLW      1
0x019D	0x02CC      	SUBWF      IntToStr_i_L0, 1
0x019E	0x1C03      	BTFSS      STATUS, 0
0x019F	0x03CD      	DECF       IntToStr_i_L0+1, 1
;__Lib_Conversions.c,164 :: 		
0x01A0	0x2980      	GOTO       L_IntToStr24
L_IntToStr25:
;__Lib_Conversions.c,165 :: 		
0x01A1	0x084B      	MOVF       FARG_IntToStr_output, 0
0x01A2	0x0084      	MOVWF      FSR
0x01A3	0x3020      	MOVLW      32
0x01A4	0x0080      	MOVWF      INDF
;__Lib_Conversions.c,166 :: 		
0x01A5	0x084E      	MOVF       IntToStr_negative_L0, 0
0x01A6	0x044F      	IORWF      IntToStr_negative_L0+1, 0
0x01A7	0x1903      	BTFSC      STATUS, 2
0x01A8	0x29BF      	GOTO       L_IntToStr26
;__Lib_Conversions.c,167 :: 		
0x01A9	0x01CC      	CLRF       IntToStr_i_L0
0x01AA	0x01CD      	CLRF       IntToStr_i_L0+1
;__Lib_Conversions.c,168 :: 		
L_IntToStr27:
0x01AB	0x084C      	MOVF       IntToStr_i_L0, 0
0x01AC	0x074B      	ADDWF      FARG_IntToStr_output, 0
0x01AD	0x0084      	MOVWF      FSR
0x01AE	0x0800      	MOVF       INDF, 0
0x01AF	0x3A20      	XORLW      32
0x01B0	0x1D03      	BTFSS      STATUS, 2
0x01B1	0x29B6      	GOTO       L_IntToStr28
0x01B2	0x0ACC      	INCF       IntToStr_i_L0, 1
0x01B3	0x1903      	BTFSC      STATUS, 2
0x01B4	0x0ACD      	INCF       IntToStr_i_L0+1, 1
0x01B5	0x29AB      	GOTO       L_IntToStr27
L_IntToStr28:
;__Lib_Conversions.c,169 :: 		
0x01B6	0x3001      	MOVLW      1
0x01B7	0x02CC      	SUBWF      IntToStr_i_L0, 1
0x01B8	0x1C03      	BTFSS      STATUS, 0
0x01B9	0x03CD      	DECF       IntToStr_i_L0+1, 1
;__Lib_Conversions.c,170 :: 		
0x01BA	0x084C      	MOVF       IntToStr_i_L0, 0
0x01BB	0x074B      	ADDWF      FARG_IntToStr_output, 0
0x01BC	0x0084      	MOVWF      FSR
0x01BD	0x302D      	MOVLW      45
0x01BE	0x0080      	MOVWF      INDF
L_IntToStr26:
;__Lib_Conversions.c,171 :: 		
0x01BF	0x0008      	RETURN
; end of _IntToStr
_ADC_Read:
;__Lib_ADC_88X.c,55 :: 		
;__Lib_ADC_88X.c,57 :: 		
0x01C0	0x30C3      	MOVLW      195
0x01C1	0x1283      	BCF        STATUS, 5
0x01C2	0x1303      	BCF        STATUS, 6
0x01C3	0x059F      	ANDWF      ADCON0, 1
;__Lib_ADC_88X.c,61 :: 		
0x01C4	0x30C0      	MOVLW      192
0x01C5	0x009F      	MOVWF      ADCON0
;__Lib_ADC_88X.c,62 :: 		
0x01C6	0x0849      	MOVF       FARG_ADC_Read_channel, 0
0x01C7	0x00F0      	MOVWF      R0
0x01C8	0x0DF0      	RLF        R0, 1
0x01C9	0x1070      	BCF        R0, 0
0x01CA	0x0DF0      	RLF        R0, 1
0x01CB	0x1070      	BCF        R0, 0
0x01CC	0x0870      	MOVF       R0, 0
0x01CD	0x049F      	IORWF      ADCON0, 1
;__Lib_ADC_88X.c,63 :: 		
0x01CE	0x1683      	BSF        STATUS, 5
0x01CF	0x179F      	BSF        ADCON1, 7
;__Lib_ADC_88X.c,66 :: 		
0x01D0	0x1283      	BCF        STATUS, 5
0x01D1	0x141F      	BSF        ADCON0, 0
;__Lib_ADC_88X.c,69 :: 		
0x01D2	0x212B      	CALL       _Delay_22us
;__Lib_ADC_88X.c,72 :: 		
0x01D3	0x149F      	BSF        ADCON0, 1
;__Lib_ADC_88X.c,75 :: 		
L_ADC_Read2:
0x01D4	0x1C9F      	BTFSS      ADCON0, 1
0x01D5	0x29D8      	GOTO       L_ADC_Read3
;__Lib_ADC_88X.c,76 :: 		
0x01D6	0x0000      	NOP
0x01D7	0x29D4      	GOTO       L_ADC_Read2
L_ADC_Read3:
;__Lib_ADC_88X.c,79 :: 		
0x01D8	0x101F      	BCF        ADCON0, 0
;__Lib_ADC_88X.c,82 :: 		
0x01D9	0x081E      	MOVF       ADRESH, 0
0x01DA	0x00F1      	MOVWF      R0+1
0x01DB	0x01F0      	CLRF       R0
0x01DC	0x1683      	BSF        STATUS, 5
0x01DD	0x081E      	MOVF       ADRESL, 0
0x01DE	0x04F0      	IORWF      R0, 1
0x01DF	0x3000      	MOVLW      0
0x01E0	0x04F1      	IORWF      R0+1, 1
;__Lib_ADC_88X.c,83 :: 		
0x01E1	0x0008      	RETURN
; end of _ADC_Read
_UART1_Write_Text:
;__Lib_UART_c67.c,47 :: 		
;__Lib_UART_c67.c,48 :: 		
0x01E2	0x1283      	BCF        STATUS, 5
0x01E3	0x1303      	BCF        STATUS, 6
0x01E4	0x01CB      	CLRF       UART1_Write_Text_counter_L0
;__Lib_UART_c67.c,50 :: 		
0x01E5	0x0849      	MOVF       FARG_UART1_Write_Text_uart_text, 0
0x01E6	0x0084      	MOVWF      FSR
0x01E7	0x0800      	MOVF       INDF, 0
0x01E8	0x00CA      	MOVWF      UART1_Write_Text_data__L0
;__Lib_UART_c67.c,51 :: 		
L_UART1_Write_Text5:
0x01E9	0x084A      	MOVF       UART1_Write_Text_data__L0, 0
0x01EA	0x3A00      	XORLW      0
0x01EB	0x1903      	BTFSC      STATUS, 2
0x01EC	0x29F7      	GOTO       L_UART1_Write_Text6
;__Lib_UART_c67.c,52 :: 		
0x01ED	0x084A      	MOVF       UART1_Write_Text_data__L0, 0
0x01EE	0x00D2      	MOVWF      FARG_UART1_Write_data_
0x01EF	0x2133      	CALL       _UART1_Write
;__Lib_UART_c67.c,53 :: 		
0x01F0	0x0ACB      	INCF       UART1_Write_Text_counter_L0, 1
;__Lib_UART_c67.c,54 :: 		
0x01F1	0x084B      	MOVF       UART1_Write_Text_counter_L0, 0
0x01F2	0x0749      	ADDWF      FARG_UART1_Write_Text_uart_text, 0
0x01F3	0x0084      	MOVWF      FSR
0x01F4	0x0800      	MOVF       INDF, 0
0x01F5	0x00CA      	MOVWF      UART1_Write_Text_data__L0
;__Lib_UART_c67.c,55 :: 		
0x01F6	0x29E9      	GOTO       L_UART1_Write_Text5
L_UART1_Write_Text6:
;__Lib_UART_c67.c,56 :: 		
0x01F7	0x0008      	RETURN
; end of _UART1_Write_Text
_____DoICP:
;__Lib_System.c,6 :: 		
;__Lib_System.c,9 :: 		
0x01F8	0x1283      	BCF        STATUS, 5
0x01F9	0x1303      	BCF        STATUS, 6
0x01FA	0x0837      	MOVF       ___DoICPAddr+1, 0
0x01FB	0x008A      	MOVWF      PCLATH
;__Lib_System.c,10 :: 		
0x01FC	0x0836      	MOVF       ___DoICPAddr, 0
0x01FD	0x0082      	MOVWF      PCL
;__Lib_System.c,12 :: 		
0x01FE	0x0008      	RETURN
; end of _____DoICP
_Div_8x8_U:
;__Lib_Math.c,189 :: 		
;__Lib_Math.c,196 :: 		
0x01FF	0x1283      	BCF        STATUS, 5
;__Lib_Math.c,197 :: 		
0x0200	0x1303      	BCF        STATUS, 6
;__Lib_Math.c,198 :: 		
0x0201	0x01F8      	CLRF       R8
;__Lib_Math.c,199 :: 		
0x0202	0x3008      	MOVLW      8
;__Lib_Math.c,200 :: 		
0x0203	0x00FC      	MOVWF      R12
;__Lib_Math.c,201 :: 		
0x0204	0x0D70      	RLF        R0, 0
;__Lib_Math.c,202 :: 		
0x0205	0x0DF8      	RLF        R8, 1
;__Lib_Math.c,203 :: 		
0x0206	0x0874      	MOVF       R4, 0
;__Lib_Math.c,204 :: 		
0x0207	0x02F8      	SUBWF      R8, 1
;__Lib_Math.c,205 :: 		
0x0208	0x1803      	BTFSC      STATUS, 0
;__Lib_Math.c,206 :: 		
0x0209	0x2A0C      	GOTO       $+3
;__Lib_Math.c,207 :: 		
0x020A	0x07F8      	ADDWF      R8, 1
;__Lib_Math.c,208 :: 		
0x020B	0x1003      	BCF        STATUS, 0
;__Lib_Math.c,209 :: 		
0x020C	0x0DF0      	RLF        R0, 1
;__Lib_Math.c,210 :: 		
0x020D	0x0BFC      	DECFSZ     R12, 1
;__Lib_Math.c,211 :: 		
0x020E	0x2A04      	GOTO       $-10
;__Lib_Math.c,213 :: 		
0x020F	0x0008      	RETURN
; end of _Div_8x8_U
_incrementar_contador:
;ADC_USART_INT_TMRX.c,30 :: 		void incrementar_contador () {
;ADC_USART_INT_TMRX.c,31 :: 		i=i+1;
0x0210	0x1283      	BCF        STATUS, 5
0x0211	0x1303      	BCF        STATUS, 6
0x0212	0x0AB5      	INCF       _i, 1
;ADC_USART_INT_TMRX.c,32 :: 		if (i>99)i=0;
0x0213	0x0835      	MOVF       _i, 0
0x0214	0x3C63      	SUBLW      99
0x0215	0x1803      	BTFSC      STATUS, 0
0x0216	0x2A18      	GOTO       L_incrementar_contador10
0x0217	0x01B5      	CLRF       _i
L_incrementar_contador10:
;ADC_USART_INT_TMRX.c,33 :: 		dato_2 = i/10;
0x0218	0x300A      	MOVLW      10
0x0219	0x00F4      	MOVWF      R4
0x021A	0x0835      	MOVF       _i, 0
0x021B	0x00F0      	MOVWF      R0
0x021C	0x21FF      	CALL       _Div_8x8_U
0x021D	0x0870      	MOVF       R0, 0
0x021E	0x00AB      	MOVWF      _dato_2
;ADC_USART_INT_TMRX.c,34 :: 		dato_1 = (i - (dato_2*10));
0x021F	0x300A      	MOVLW      10
0x0220	0x00F4      	MOVWF      R4
0x0221	0x213D      	CALL       _Mul_8x8_U
0x0222	0x0870      	MOVF       R0, 0
0x0223	0x0235      	SUBWF      _i, 0
0x0224	0x00AA      	MOVWF      _dato_1
;ADC_USART_INT_TMRX.c,35 :: 		}
0x0225	0x0008      	RETURN
; end of _incrementar_contador
_ADC_UART:
;ADC_USART_INT_TMRX.c,37 :: 		void ADC_UART () {
;ADC_USART_INT_TMRX.c,38 :: 		temp_res = ADC_Read(4);   // Get 10-bit results of AD conversion
0x0226	0x3004      	MOVLW      4
0x0227	0x1283      	BCF        STATUS, 5
0x0228	0x1303      	BCF        STATUS, 6
0x0229	0x00C9      	MOVWF      FARG_ADC_Read_channel
0x022A	0x21C0      	CALL       _ADC_Read
0x022B	0x0870      	MOVF       R0, 0
0x022C	0x1283      	BCF        STATUS, 5
0x022D	0x00B3      	MOVWF      _temp_res
0x022E	0x0871      	MOVF       R0+1, 0
0x022F	0x00B4      	MOVWF      _temp_res+1
;ADC_USART_INT_TMRX.c,39 :: 		IntToStr(temp_res,txt);   //Convertir binario a Ascii
0x0230	0x0870      	MOVF       R0, 0
0x0231	0x00C9      	MOVWF      FARG_IntToStr_input
0x0232	0x0871      	MOVF       R0+1, 0
0x0233	0x00CA      	MOVWF      FARG_IntToStr_input+1
0x0234	0x302C      	MOVLW      _txt
0x0235	0x00CB      	MOVWF      FARG_IntToStr_output
0x0236	0x2156      	CALL       _IntToStr
;ADC_USART_INT_TMRX.c,40 :: 		UART1_Write_Text(txt);
0x0237	0x302C      	MOVLW      _txt
0x0238	0x00C9      	MOVWF      FARG_UART1_Write_Text_uart_text
0x0239	0x21E2      	CALL       _UART1_Write_Text
;ADC_USART_INT_TMRX.c,41 :: 		UART1_Write(10),UART1_Write(13); //Enter
0x023A	0x300A      	MOVLW      10
0x023B	0x00D2      	MOVWF      FARG_UART1_Write_data_
0x023C	0x2133      	CALL       _UART1_Write
0x023D	0x300D      	MOVLW      13
0x023E	0x00D2      	MOVWF      FARG_UART1_Write_data_
0x023F	0x2133      	CALL       _UART1_Write
;ADC_USART_INT_TMRX.c,42 :: 		}
0x0240	0x0008      	RETURN
; end of _ADC_UART
_UART1_Init:
;__Lib_UART_c67.c,2 :: 		
;__Lib_UART_c67.c,5 :: 		
0x0241	0x1683      	BSF        STATUS, 5
0x0242	0x1303      	BCF        STATUS, 6
0x0243	0x1698      	BSF        TXSTA, 5
;__Lib_UART_c67.c,6 :: 		
0x0244	0x3090      	MOVLW      144
0x0245	0x1283      	BCF        STATUS, 5
0x0246	0x0098      	MOVWF      RCSTA
;__Lib_UART_c67.c,7 :: 		
0x0247	0x1683      	BSF        STATUS, 5
0x0248	0x1787      	BSF        TRISC7_bit, 7
;__Lib_UART_c67.c,8 :: 		
0x0249	0x1307      	BCF        TRISC6_bit, 6
;__Lib_UART_c67.c,10 :: 		
L_UART1_Init0:
0x024A	0x1283      	BCF        STATUS, 5
0x024B	0x1E8C      	BTFSS      PIR1, 5
0x024C	0x2A50      	GOTO       L_UART1_Init1
;__Lib_UART_c67.c,11 :: 		
0x024D	0x081A      	MOVF       RCREG, 0
0x024E	0x00F0      	MOVWF      R0
0x024F	0x2A4A      	GOTO       L_UART1_Init0
L_UART1_Init1:
;__Lib_UART_c67.c,12 :: 		
0x0250	0x0008      	RETURN
; end of _UART1_Init
_visualizar:
;ADC_USART_INT_TMRX.c,44 :: 		visualizar (unsigned short dato) {
;ADC_USART_INT_TMRX.c,45 :: 		switch (dato) {
0x0251	0x2A7C      	GOTO       L_visualizar11
;ADC_USART_INT_TMRX.c,46 :: 		case 0 :
L_visualizar13:
;ADC_USART_INT_TMRX.c,47 :: 		portc=0xC0;
0x0252	0x30C0      	MOVLW      192
0x0253	0x1283      	BCF        STATUS, 5
0x0254	0x1303      	BCF        STATUS, 6
0x0255	0x0087      	MOVWF      PORTC
;ADC_USART_INT_TMRX.c,48 :: 		PORTB.RB5=1;
0x0256	0x1686      	BSF        PORTB, 5
;ADC_USART_INT_TMRX.c,49 :: 		break;
0x0257	0x2AA6      	GOTO       L_visualizar12
;ADC_USART_INT_TMRX.c,50 :: 		case 1 :
L_visualizar14:
;ADC_USART_INT_TMRX.c,51 :: 		portc=0xF9;
0x0258	0x30F9      	MOVLW      249
0x0259	0x0087      	MOVWF      PORTC
;ADC_USART_INT_TMRX.c,52 :: 		PORTB.RB5=1;
0x025A	0x1686      	BSF        PORTB, 5
;ADC_USART_INT_TMRX.c,53 :: 		break;
0x025B	0x2AA6      	GOTO       L_visualizar12
;ADC_USART_INT_TMRX.c,54 :: 		case 2 :
L_visualizar15:
;ADC_USART_INT_TMRX.c,55 :: 		PORTc=0xA4;
0x025C	0x30A4      	MOVLW      164
0x025D	0x0087      	MOVWF      PORTC
;ADC_USART_INT_TMRX.c,56 :: 		PORTB.RB5=0;
0x025E	0x1286      	BCF        PORTB, 5
;ADC_USART_INT_TMRX.c,57 :: 		break;
0x025F	0x2AA6      	GOTO       L_visualizar12
;ADC_USART_INT_TMRX.c,58 :: 		case 3 :
L_visualizar16:
;ADC_USART_INT_TMRX.c,59 :: 		PORTc=0xB0;
0x0260	0x30B0      	MOVLW      176
0x0261	0x0087      	MOVWF      PORTC
;ADC_USART_INT_TMRX.c,60 :: 		PORTB.RB5=0;
0x0262	0x1286      	BCF        PORTB, 5
;ADC_USART_INT_TMRX.c,61 :: 		break;
0x0263	0x2AA6      	GOTO       L_visualizar12
;ADC_USART_INT_TMRX.c,62 :: 		case 4 :
L_visualizar17:
;ADC_USART_INT_TMRX.c,63 :: 		portc=0x99;
0x0264	0x3099      	MOVLW      153
0x0265	0x0087      	MOVWF      PORTC
;ADC_USART_INT_TMRX.c,64 :: 		PORTB.RB5=0;
0x0266	0x1286      	BCF        PORTB, 5
;ADC_USART_INT_TMRX.c,65 :: 		break;
0x0267	0x2AA6      	GOTO       L_visualizar12
;ADC_USART_INT_TMRX.c,66 :: 		case 5 :
L_visualizar18:
;ADC_USART_INT_TMRX.c,67 :: 		portc=0x92;
0x0268	0x3092      	MOVLW      146
0x0269	0x0087      	MOVWF      PORTC
;ADC_USART_INT_TMRX.c,68 :: 		PORTB.RB5=0;
0x026A	0x1286      	BCF        PORTB, 5
;ADC_USART_INT_TMRX.c,69 :: 		break;
0x026B	0x2AA6      	GOTO       L_visualizar12
;ADC_USART_INT_TMRX.c,70 :: 		case 6 :
L_visualizar19:
;ADC_USART_INT_TMRX.c,71 :: 		portc=0x82;
0x026C	0x3082      	MOVLW      130
0x026D	0x0087      	MOVWF      PORTC
;ADC_USART_INT_TMRX.c,72 :: 		PORTB.RB5=0;
0x026E	0x1286      	BCF        PORTB, 5
;ADC_USART_INT_TMRX.c,73 :: 		break;
0x026F	0x2AA6      	GOTO       L_visualizar12
;ADC_USART_INT_TMRX.c,74 :: 		case 7 :
L_visualizar20:
;ADC_USART_INT_TMRX.c,75 :: 		portc=0xF8;
0x0270	0x30F8      	MOVLW      248
0x0271	0x0087      	MOVWF      PORTC
;ADC_USART_INT_TMRX.c,76 :: 		PORTB.RB5=1;
0x0272	0x1686      	BSF        PORTB, 5
;ADC_USART_INT_TMRX.c,77 :: 		break;
0x0273	0x2AA6      	GOTO       L_visualizar12
;ADC_USART_INT_TMRX.c,78 :: 		case 8 :
L_visualizar21:
;ADC_USART_INT_TMRX.c,79 :: 		portc=0x80;
0x0274	0x3080      	MOVLW      128
0x0275	0x0087      	MOVWF      PORTC
;ADC_USART_INT_TMRX.c,80 :: 		PORTB.RB5=0;
0x0276	0x1286      	BCF        PORTB, 5
;ADC_USART_INT_TMRX.c,81 :: 		break;
0x0277	0x2AA6      	GOTO       L_visualizar12
;ADC_USART_INT_TMRX.c,82 :: 		case 9 :
L_visualizar22:
;ADC_USART_INT_TMRX.c,83 :: 		portc=0x90;
0x0278	0x3090      	MOVLW      144
0x0279	0x0087      	MOVWF      PORTC
;ADC_USART_INT_TMRX.c,84 :: 		PORTB.RB5=0;
0x027A	0x1286      	BCF        PORTB, 5
;ADC_USART_INT_TMRX.c,85 :: 		break;
0x027B	0x2AA6      	GOTO       L_visualizar12
;ADC_USART_INT_TMRX.c,86 :: 		}
L_visualizar11:
0x027C	0x1283      	BCF        STATUS, 5
0x027D	0x1303      	BCF        STATUS, 6
0x027E	0x0848      	MOVF       FARG_visualizar_dato, 0
0x027F	0x3A00      	XORLW      0
0x0280	0x1903      	BTFSC      STATUS, 2
0x0281	0x2A52      	GOTO       L_visualizar13
0x0282	0x0848      	MOVF       FARG_visualizar_dato, 0
0x0283	0x3A01      	XORLW      1
0x0284	0x1903      	BTFSC      STATUS, 2
0x0285	0x2A58      	GOTO       L_visualizar14
0x0286	0x0848      	MOVF       FARG_visualizar_dato, 0
0x0287	0x3A02      	XORLW      2
0x0288	0x1903      	BTFSC      STATUS, 2
0x0289	0x2A5C      	GOTO       L_visualizar15
0x028A	0x0848      	MOVF       FARG_visualizar_dato, 0
0x028B	0x3A03      	XORLW      3
0x028C	0x1903      	BTFSC      STATUS, 2
0x028D	0x2A60      	GOTO       L_visualizar16
0x028E	0x0848      	MOVF       FARG_visualizar_dato, 0
0x028F	0x3A04      	XORLW      4
0x0290	0x1903      	BTFSC      STATUS, 2
0x0291	0x2A64      	GOTO       L_visualizar17
0x0292	0x0848      	MOVF       FARG_visualizar_dato, 0
0x0293	0x3A05      	XORLW      5
0x0294	0x1903      	BTFSC      STATUS, 2
0x0295	0x2A68      	GOTO       L_visualizar18
0x0296	0x0848      	MOVF       FARG_visualizar_dato, 0
0x0297	0x3A06      	XORLW      6
0x0298	0x1903      	BTFSC      STATUS, 2
0x0299	0x2A6C      	GOTO       L_visualizar19
0x029A	0x0848      	MOVF       FARG_visualizar_dato, 0
0x029B	0x3A07      	XORLW      7
0x029C	0x1903      	BTFSC      STATUS, 2
0x029D	0x2A70      	GOTO       L_visualizar20
0x029E	0x0848      	MOVF       FARG_visualizar_dato, 0
0x029F	0x3A08      	XORLW      8
0x02A0	0x1903      	BTFSC      STATUS, 2
0x02A1	0x2A74      	GOTO       L_visualizar21
0x02A2	0x0848      	MOVF       FARG_visualizar_dato, 0
0x02A3	0x3A09      	XORLW      9
0x02A4	0x1903      	BTFSC      STATUS, 2
0x02A5	0x2A78      	GOTO       L_visualizar22
L_visualizar12:
;ADC_USART_INT_TMRX.c,99 :: 		}
0x02A6	0x0008      	RETURN
; end of _visualizar
___CC2DW:
;__Lib_System.c,24 :: 		
;__Lib_System.c,27 :: 		
_CC2D_Loop1:
;__Lib_System.c,29 :: 		
0x02A7	0x21F8      	CALL       _____DoICP
0x02A8	0x118A      	BCF        PCLATH, 3
0x02A9	0x120A      	BCF        PCLATH, 4
;__Lib_System.c,31 :: 		
0x02AA	0x0080      	MOVWF      INDF
;__Lib_System.c,32 :: 		
0x02AB	0x0A84      	INCF       FSR, 1
;__Lib_System.c,33 :: 		
0x02AC	0x0AB6      	INCF       ___DoICPAddr, 1
;__Lib_System.c,35 :: 		
0x02AD	0x1903      	BTFSC      STATUS, 2
;__Lib_System.c,36 :: 		
0x02AE	0x0AB7      	INCF       ___DoICPAddr+1, 1
;__Lib_System.c,37 :: 		
0x02AF	0x03F0      	DECF       R0, 1
;__Lib_System.c,39 :: 		
0x02B0	0x1D03      	BTFSS      STATUS, 2
;__Lib_System.c,40 :: 		
0x02B1	0x2AA7      	GOTO       _CC2D_Loop1
;__Lib_System.c,42 :: 		
0x02B2	0x0008      	RETURN
; end of ___CC2DW
_main:
0x02B3	0x304A      	MOVLW      74
0x02B4	0x1283      	BCF        STATUS, 5
0x02B5	0x1303      	BCF        STATUS, 6
0x02B6	0x00A3      	MOVWF      ?lstr1_ADC_USART_INT_TMRX
0x02B7	0x3075      	MOVLW      117
0x02B8	0x00A4      	MOVWF      36
0x02B9	0x306E      	MOVLW      110
0x02BA	0x00A5      	MOVWF      37
0x02BB	0x3069      	MOVLW      105
0x02BC	0x00A6      	MOVWF      38
0x02BD	0x306F      	MOVLW      111
0x02BE	0x00A7      	MOVWF      39
0x02BF	0x3072      	MOVLW      114
0x02C0	0x00A8      	MOVWF      40
0x02C1	0x01A9      	CLRF       41
;ADC_USART_INT_TMRX.c,100 :: 		void main() {
;ADC_USART_INT_TMRX.c,101 :: 		ANSEL  = 0B00010000;              // Configure AN5 pin as analog
0x02C2	0x3010      	MOVLW      16
0x02C3	0x1683      	BSF        STATUS, 5
0x02C4	0x1703      	BSF        STATUS, 6
0x02C5	0x0088      	MOVWF      ANSEL
;ADC_USART_INT_TMRX.c,102 :: 		ANSELH = 0X00;                 // Configure other AN pins as digital I/O
0x02C6	0x0189      	CLRF       ANSELH
;ADC_USART_INT_TMRX.c,103 :: 		C1ON_bit = 0;               // Disable comparators
0x02C7	0x1283      	BCF        STATUS, 5
0x02C8	0x1387      	BCF        C1ON_bit, 7
;ADC_USART_INT_TMRX.c,104 :: 		C2ON_bit = 0;
0x02C9	0x1388      	BCF        C2ON_bit, 7
;ADC_USART_INT_TMRX.c,106 :: 		TRISA  = 0B00100000;              // RA5(AN4) is input
0x02CA	0x3020      	MOVLW      32
0x02CB	0x1683      	BSF        STATUS, 5
0x02CC	0x1303      	BCF        STATUS, 6
0x02CD	0x0085      	MOVWF      TRISA
;ADC_USART_INT_TMRX.c,107 :: 		TRISC  = 0;                 // PORTC is output
0x02CE	0x0187      	CLRF       TRISC
;ADC_USART_INT_TMRX.c,108 :: 		TRISB  = 0b11000000;                 // RB7 and RB6 are outputs
0x02CF	0x30C0      	MOVLW      192
0x02D0	0x0086      	MOVWF      TRISB
;ADC_USART_INT_TMRX.c,110 :: 		PORTB = PORTA = 0;
0x02D1	0x1283      	BCF        STATUS, 5
0x02D2	0x0185      	CLRF       PORTA
0x02D3	0x0805      	MOVF       PORTA, 0
0x02D4	0x0086      	MOVWF      PORTB
;ADC_USART_INT_TMRX.c,112 :: 		OPTION_REG = 0B01000000;      //Prescaler 1:2, INT por flanco de subida, Prescaler pa' TMR0
0x02D5	0x3040      	MOVLW      64
0x02D6	0x1683      	BSF        STATUS, 5
0x02D7	0x0081      	MOVWF      OPTION_REG
;ADC_USART_INT_TMRX.c,113 :: 		INTCON = 0B11111000;          //Habilitadas INT ext, RBChange, TMR0 int además de las periféricas y las globales
0x02D8	0x30F8      	MOVLW      248
0x02D9	0x008B      	MOVWF      INTCON
;ADC_USART_INT_TMRX.c,114 :: 		IOCB = 0B11000000;            //RB6 y RB7 generan interrupción
0x02DA	0x30C0      	MOVLW      192
0x02DB	0x0096      	MOVWF      IOCB
;ADC_USART_INT_TMRX.c,116 :: 		PIE1.TMR1IE = 1;      //Se habilita la interupción por Timer1
0x02DC	0x140C      	BSF        PIE1, 0
;ADC_USART_INT_TMRX.c,117 :: 		T1CON = 0b10000001;   //Se configura el preescaler del Timer a 1:1, se utiliza el reloj interno (Timer)
0x02DD	0x3081      	MOVLW      129
0x02DE	0x1283      	BCF        STATUS, 5
0x02DF	0x0090      	MOVWF      T1CON
;ADC_USART_INT_TMRX.c,120 :: 		UART1_INIT(115200);
0x02E0	0x300A      	MOVLW      10
0x02E1	0x1683      	BSF        STATUS, 5
0x02E2	0x0099      	MOVWF      SPBRG
0x02E3	0x1518      	BSF        TXSTA, 2
0x02E4	0x2241      	CALL       _UART1_Init
;ADC_USART_INT_TMRX.c,121 :: 		Delay_ms(10);
0x02E5	0x3041      	MOVLW      65
0x02E6	0x00FC      	MOVWF      R12
0x02E7	0x30EE      	MOVLW      238
0x02E8	0x00FD      	MOVWF      R13
L_main23:
0x02E9	0x0BFD      	DECFSZ     R13, 1
0x02EA	0x2AE9      	GOTO       L_main23
0x02EB	0x0BFC      	DECFSZ     R12, 1
0x02EC	0x2AE9      	GOTO       L_main23
0x02ED	0x0000      	NOP
;ADC_USART_INT_TMRX.c,122 :: 		UART1_Write_text("Junior");
0x02EE	0x3023      	MOVLW      ?lstr1_ADC_USART_INT_TMRX
0x02EF	0x00C9      	MOVWF      FARG_UART1_Write_Text_uart_text
0x02F0	0x21E2      	CALL       _UART1_Write_Text
;ADC_USART_INT_TMRX.c,125 :: 		contador_TMR0 = 0;
0x02F1	0x01C2      	CLRF       _contador_TMR0
0x02F2	0x01C3      	CLRF       _contador_TMR0+1
0x02F3	0x01C4      	CLRF       _contador_TMR0+2
0x02F4	0x01C5      	CLRF       _contador_TMR0+3
;ADC_USART_INT_TMRX.c,126 :: 		contador_TMR1 = 0;
0x02F5	0x01B9      	CLRF       _contador_TMR1
0x02F6	0x01BA      	CLRF       _contador_TMR1+1
0x02F7	0x01BB      	CLRF       _contador_TMR1+2
0x02F8	0x01BC      	CLRF       _contador_TMR1+3
;ADC_USART_INT_TMRX.c,127 :: 		envio_ADC = 0;
0x02F9	0x01B8      	CLRF       _envio_ADC
;ADC_USART_INT_TMRX.c,128 :: 		desbordes = 9766; //9766 desbordes del TMR0 a 1:2 da aprox. 1seg
0x02FA	0x3026      	MOVLW      38
0x02FB	0x00BE      	MOVWF      _desbordes
0x02FC	0x3026      	MOVLW      38
0x02FD	0x00BF      	MOVWF      _desbordes+1
0x02FE	0x01C0      	CLRF       _desbordes+2
0x02FF	0x01C1      	CLRF       _desbordes+3
;ADC_USART_INT_TMRX.c,129 :: 		dato_1 = 0;
0x0300	0x01AA      	CLRF       _dato_1
;ADC_USART_INT_TMRX.c,130 :: 		dato_2 = 0;
0x0301	0x01AB      	CLRF       _dato_2
;ADC_USART_INT_TMRX.c,131 :: 		i = 0;
0x0302	0x01B5      	CLRF       _i
;ADC_USART_INT_TMRX.c,132 :: 		PORTC=0xC0;  // INICIALIZACIÓN DEL PUERTO A EN CERO DE 7-SEGMENTOS
0x0303	0x30C0      	MOVLW      192
0x0304	0x0087      	MOVWF      PORTC
;ADC_USART_INT_TMRX.c,133 :: 		TMR0 = 0;
0x0305	0x0181      	CLRF       TMR0
;ADC_USART_INT_TMRX.c,135 :: 		do {
L_main24:
;ADC_USART_INT_TMRX.c,136 :: 		if (envio_ADC == 1) {
0x0306	0x0838      	MOVF       _envio_ADC, 0
0x0307	0x3A01      	XORLW      1
0x0308	0x1D03      	BTFSS      STATUS, 2
0x0309	0x2B0C      	GOTO       L_main27
;ADC_USART_INT_TMRX.c,137 :: 		ADC_UART();
0x030A	0x2226      	CALL       _ADC_UART
;ADC_USART_INT_TMRX.c,138 :: 		envio_ADC = 0;
0x030B	0x01B8      	CLRF       _envio_ADC
;ADC_USART_INT_TMRX.c,139 :: 		}
L_main27:
;ADC_USART_INT_TMRX.c,141 :: 		if (incrementar == 1) {
0x030C	0x083D      	MOVF       _incrementar, 0
0x030D	0x3A01      	XORLW      1
0x030E	0x1D03      	BTFSS      STATUS, 2
0x030F	0x2B12      	GOTO       L_main28
;ADC_USART_INT_TMRX.c,142 :: 		incrementar_contador();
0x0310	0x2210      	CALL       _incrementar_contador
;ADC_USART_INT_TMRX.c,143 :: 		incrementar = 0;
0x0311	0x01BD      	CLRF       _incrementar
;ADC_USART_INT_TMRX.c,144 :: 		}
L_main28:
;ADC_USART_INT_TMRX.c,146 :: 		PORTB.RB2 =1,   PORTB.RB1 =0;
0x0312	0x1506      	BSF        PORTB, 2
0x0313	0x1086      	BCF        PORTB, 1
;ADC_USART_INT_TMRX.c,147 :: 		visualizar(dato_1);
0x0314	0x082A      	MOVF       _dato_1, 0
0x0315	0x00C8      	MOVWF      FARG_visualizar_dato
0x0316	0x2251      	CALL       _visualizar
;ADC_USART_INT_TMRX.c,148 :: 		delay_ms(30);
0x0317	0x30C3      	MOVLW      195
0x0318	0x00FC      	MOVWF      R12
0x0319	0x30CD      	MOVLW      205
0x031A	0x00FD      	MOVWF      R13
L_main29:
0x031B	0x0BFD      	DECFSZ     R13, 1
0x031C	0x2B1B      	GOTO       L_main29
0x031D	0x0BFC      	DECFSZ     R12, 1
0x031E	0x2B1B      	GOTO       L_main29
;ADC_USART_INT_TMRX.c,150 :: 		PORTB.RB2 =0,   PORTB.RB1 =1;
0x031F	0x1106      	BCF        PORTB, 2
0x0320	0x1486      	BSF        PORTB, 1
;ADC_USART_INT_TMRX.c,151 :: 		visualizar(dato_2);
0x0321	0x082B      	MOVF       _dato_2, 0
0x0322	0x00C8      	MOVWF      FARG_visualizar_dato
0x0323	0x2251      	CALL       _visualizar
;ADC_USART_INT_TMRX.c,152 :: 		delay_ms(30);
0x0324	0x30C3      	MOVLW      195
0x0325	0x00FC      	MOVWF      R12
0x0326	0x30CD      	MOVLW      205
0x0327	0x00FD      	MOVWF      R13
L_main30:
0x0328	0x0BFD      	DECFSZ     R13, 1
0x0329	0x2B28      	GOTO       L_main30
0x032A	0x0BFC      	DECFSZ     R12, 1
0x032B	0x2B28      	GOTO       L_main30
;ADC_USART_INT_TMRX.c,154 :: 		} while(729);
0x032C	0x2B06      	GOTO       L_main24
;ADC_USART_INT_TMRX.c,156 :: 		}
0x032D	0x2B2D      	GOTO       $+0
; end of _main
Symbol List:
//** Routines locations **
//ADDRESS    SIZE    PROCEDURE
//----------------------------------------------
0x0004     [202]    _interrupt
0x00CE      [29]    _Div_16x16_U
0x00EB      [64]    _WordToStr
0x012B       [8]    _Delay_22us
0x0133      [10]    _UART1_Write
0x013D      [25]    _Mul_8x8_U
0x0156     [106]    _IntToStr
0x01C0      [34]    _ADC_Read
0x01E2      [22]    _UART1_Write_Text
0x01F8       [7]    _____DoICP
0x01FF      [17]    _Div_8x8_U
0x0210      [22]    _incrementar_contador
0x0226      [27]    _ADC_UART
0x0241      [16]    _UART1_Init
0x0251      [86]    _visualizar
0x02A7      [12]    ___CC2DW
0x02B3     [123]    _main
//** Variables locations ** 
//ADDRESS    SIZE    VARIABLE
//----------------------------------------------
0x0000       [1]    INDF
0x0001       [1]    TMR0
0x0002       [1]    PCL
0x0003       [1]    STATUS
0x0003       [0]    DC_bit
0x0003       [0]    Z_bit
0x0003       [0]    NOT_PD_bit
0x0003       [0]    C_bit
0x0003       [0]    RP1_bit
0x0003       [0]    IRP_bit
0x0003       [0]    NOT_TO_bit
0x0003       [0]    RP0_bit
0x0004       [1]    FSR
0x0004       [1]    FSRPTR
0x0005       [0]    RA0_bit
0x0005       [0]    RA1_bit
0x0005       [0]    RA2_bit
0x0005       [0]    RA7_bit
0x0005       [0]    RA4_bit
0x0005       [0]    RA6_bit
0x0005       [0]    RA5_bit
0x0005       [0]    RA3_bit
0x0005       [1]    PORTA
0x0006       [0]    RB7_bit
0x0006       [0]    RB4_bit
0x0006       [0]    RB5_bit
0x0006       [0]    RB3_bit
0x0006       [0]    RB0_bit
0x0006       [0]    RB1_bit
0x0006       [0]    RB6_bit
0x0006       [0]    RB2_bit
0x0006       [1]    PORTB
0x0007       [0]    RC2_bit
0x0007       [0]    RC6_bit
0x0007       [0]    RC1_bit
0x0007       [0]    RC0_bit
0x0007       [0]    RC7_bit
0x0007       [0]    RC3_bit
0x0007       [1]    PORTC
0x0007       [0]    RC4_bit
0x0007       [0]    RC5_bit
0x0009       [0]    RE3_bit
0x0009       [1]    PORTE
0x000A       [1]    PCLATH
0x000B       [0]    RBIE_bit
0x000B       [0]    INTE_bit
0x000B       [1]    INTCON
0x000B       [0]    GIE_bit
0x000B       [0]    TMR0IF_bit
0x000B       [0]    T0IE_bit
0x000B       [0]    T0IF_bit
0x000B       [0]    RBIF_bit
0x000B       [0]    PEIE_bit
0x000B       [0]    INTF_bit
0x000B       [0]    TMR0IE_bit
0x000C       [0]    ADIF_bit
0x000C       [0]    CCP1IF_bit
0x000C       [0]    TMR2IF_bit
0x000C       [0]    TMR1IF_bit
0x000C       [0]    TXIF_bit
0x000C       [1]    PIR1
0x000C       [0]    SSPIF_bit
0x000C       [0]    RCIF_bit
0x000D       [0]    EEIF_bit
0x000D       [0]    BCLIF_bit
0x000D       [1]    PIR2
0x000D       [0]    ULPWUIF_bit
0x000D       [0]    C2IF_bit
0x000D       [0]    OSFIF_bit
0x000D       [0]    C1IF_bit
0x000D       [0]    CCP2IF_bit
0x000E       [1]    TMR1L
0x000F       [1]    TMR1H
0x0010       [0]    TMR1ON_bit
0x0010       [0]    T1SYNC_bit
0x0010       [0]    TMR1CS_bit
0x0010       [0]    T1CKPS0_bit
0x0010       [0]    NOT_T1SYNC_bit
0x0010       [0]    T1OSCEN_bit
0x0010       [1]    T1CON
0x0010       [0]    TMR1GE_bit
0x0010       [0]    T1GINV_bit
0x0010       [0]    T1CKPS1_bit
0x0010       [0]    T1INSYNC_bit
0x0011       [1]    TMR2
0x0012       [0]    T2CKPS0_bit
0x0012       [0]    TOUTPS0_bit
0x0012       [0]    TMR2ON_bit
0x0012       [0]    T2CKPS1_bit
0x0012       [0]    TOUTPS1_bit
0x0012       [0]    TOUTPS3_bit
0x0012       [0]    TOUTPS2_bit
0x0012       [1]    T2CON
0x0013       [1]    SSPBUF
0x0014       [0]    SSPM2_bit
0x0014       [0]    SSPM3_bit
0x0014       [0]    WCOL_bit
0x0014       [0]    SSPM0_bit
0x0014       [0]    SSPOV_bit
0x0014       [0]    SSPEN_bit
0x0014       [0]    CKP_bit
0x0014       [1]    SSPCON
0x0014       [0]    SSPM1_bit
0x0015       [1]    CCPR1L
0x0015       [2]    CCPR1
0x0016       [1]    CCPR1H
0x0017       [0]    CCP1M1_bit
0x0017       [0]    CCP1X_bit
0x0017       [0]    DC1B1_bit
0x0017       [0]    DC1B0_bit
0x0017       [0]    CCP1M3_bit
0x0017       [0]    CCP1Y_bit
0x0017       [0]    CCP1M2_bit
0x0017       [0]    CCP1M0_bit
0x0017       [0]    P1M1_bit
0x0017       [1]    CCP1CON
0x0017       [0]    P1M0_bit
0x0018       [0]    CREN_bit
0x0018       [0]    SREN_bit
0x0018       [0]    ADDEN_bit
0x0018       [1]    RCSTA
0x0018       [0]    RC8_9_bit
0x0018       [0]    RX9_bit
0x0018       [0]    SPEN_bit
0x0018       [0]    NOT_RC8_bit
0x0018       [0]    RC9_bit
0x0018       [0]    OERR_bit
0x0018       [0]    FERR_bit
0x0018       [0]    RCD8_bit
0x0018       [0]    RX9D_bit
0x0019       [1]    TXREG
0x001A       [1]    RCREG
0x001B       [1]    CCPR2L
0x001B       [2]    CCPR2
0x001C       [1]    CCPR2H
0x001D       [0]    DC2B1_bit
0x001D       [0]    CCP2M0_bit
0x001D       [0]    CCP2X_bit
0x001D       [0]    CCP2M3_bit
0x001D       [0]    CCP2M2_bit
0x001D       [0]    CCP2M1_bit
0x001D       [0]    DC2B0_bit
0x001D       [1]    CCP2CON
0x001D       [0]    CCP2Y_bit
0x001E       [1]    ADRESH
0x001F       [1]    ADCON0
0x001F       [0]    ADON_bit
0x001F       [0]    CHS0_bit
0x001F       [0]    GO_DONE_bit
0x001F       [0]    GO_bit
0x001F       [0]    NOT_DONE_bit
0x001F       [0]    CHS1_bit
0x001F       [0]    ADCS0_bit
0x001F       [0]    ADCS1_bit
0x001F       [0]    CHS2_bit
0x001F       [0]    CHS3_bit
0x0023       [7]    ?lstr1_ADC_USART_INT_TMRX
0x002A       [1]    _dato_1
0x002B       [1]    _dato_2
0x002C       [7]    _txt
0x0033       [2]    _temp_res
0x0035       [1]    _i
0x0036       [2]    ___DoICPAddr
0x0038       [1]    _envio_ADC
0x0039       [4]    _contador_TMR1
0x003D       [1]    _incrementar
0x003E       [4]    _desbordes
0x0042       [4]    _contador_TMR0
0x0046       [1]    ___savePCLATH
0x0047       [1]    ___saveSTATUS
0x0048       [1]    FARG_visualizar_dato
0x0049       [1]    FARG_UART1_Write_Text_uart_text
0x0049       [2]    FARG_IntToStr_input
0x0049       [1]    FARG_ADC_Read_channel
0x004A       [1]    UART1_Write_Text_data__L0
0x004B       [1]    FARG_IntToStr_output
0x004B       [1]    UART1_Write_Text_counter_L0
0x004C       [2]    IntToStr_i_L0
0x004E       [2]    IntToStr_negative_L0
0x0050       [2]    IntToStr_inword_L0
0x0052       [2]    FARG_WordToStr_input
0x0052       [1]    FARG_UART1_Write_data_
0x0054       [1]    FARG_WordToStr_output
0x0055       [1]    WordToStr_len_L0
0x0056       [1]    FLOC__WordToStr
0x0070       [1]    R0
0x0071       [1]    R1
0x0072       [1]    R2
0x0073       [1]    R3
0x0074       [1]    R4
0x0075       [1]    R5
0x0076       [1]    R6
0x0077       [1]    R7
0x0078       [1]    R8
0x0079       [1]    R9
0x007A       [1]    R10
0x007B       [1]    R11
0x007C       [1]    R12
0x007D       [1]    R13
0x007E       [1]    R14
0x007F       [1]    R15
0x0081       [1]    OPTION_REG
0x0081       [0]    PS0_bit
0x0081       [0]    PSA_bit
0x0081       [0]    PS2_bit
0x0081       [0]    PS1_bit
0x0081       [0]    INTEDG_bit
0x0081       [0]    NOT_RBPU_bit
0x0081       [0]    T0SE_bit
0x0081       [0]    T0CS_bit
0x0085       [1]    TRISA
0x0085       [0]    TRISA2_bit
0x0085       [0]    TRISA3_bit
0x0085       [0]    TRISA0_bit
0x0085       [0]    TRISA1_bit
0x0085       [0]    TRISA6_bit
0x0085       [0]    TRISA7_bit
0x0085       [0]    TRISA4_bit
0x0085       [0]    TRISA5_bit
0x0086       [0]    TRISB2_bit
0x0086       [0]    TRISB3_bit
0x0086       [0]    TRISB0_bit
0x0086       [0]    TRISB1_bit
0x0086       [0]    TRISB6_bit
0x0086       [0]    TRISB7_bit
0x0086       [0]    TRISB4_bit
0x0086       [0]    TRISB5_bit
0x0086       [1]    TRISB
0x0087       [0]    TRISC3_bit
0x0087       [0]    TRISC2_bit
0x0087       [0]    TRISC1_bit
0x0087       [0]    TRISC0_bit
0x0087       [1]    TRISC
0x0087       [0]    TRISC6_bit
0x0087       [0]    TRISC7_bit
0x0087       [0]    TRISC5_bit
0x0087       [0]    TRISC4_bit
0x0089       [0]    TRISE3_bit
0x0089       [1]    TRISE
0x008C       [0]    TMR2IE_bit
0x008C       [1]    PIE1
0x008C       [0]    CCP1IE_bit
0x008C       [0]    TMR1IE_bit
0x008C       [0]    RCIE_bit
0x008C       [0]    ADIE_bit
0x008C       [0]    TXIE_bit
0x008C       [0]    SSPIE_bit
0x008D       [0]    ULPWUIE_bit
0x008D       [0]    BCLIE_bit
0x008D       [0]    CCP2IE_bit
0x008D       [1]    PIE2
0x008D       [0]    C2IE_bit
0x008D       [0]    OSFIE_bit
0x008D       [0]    EEIE_bit
0x008D       [0]    C1IE_bit
0x008E       [0]    NOT_BO_bit
0x008E       [0]    NOT_BOR_bit
0x008E       [0]    NOT_POR_bit
0x008E       [0]    ULPWUE_bit
0x008E       [0]    SBOREN_bit
0x008E       [1]    PCON
0x008F       [0]    LTS_bit
0x008F       [0]    HTS_bit
0x008F       [0]    SCS_bit
0x008F       [0]    IRCF0_bit
0x008F       [0]    IRCF1_bit
0x008F       [0]    OSTS_bit
0x008F       [1]    OSCCON
0x008F       [0]    IRCF2_bit
0x0090       [0]    TUN4_bit
0x0090       [0]    TUN3_bit
0x0090       [0]    TUN1_bit
0x0090       [0]    TUN2_bit
0x0090       [1]    OSCTUNE
0x0090       [0]    TUN0_bit
0x0091       [0]    ACKDT_bit
0x0091       [0]    ACKSTAT_bit
0x0091       [0]    PEN_bit
0x0091       [0]    GCEN_bit
0x0091       [0]    RCEN_bit
0x0091       [0]    ACKEN_bit
0x0091       [1]    SSPCON2
0x0091       [0]    SEN_bit
0x0091       [0]    RSEN_bit
0x0092       [1]    PR2
0x0093       [1]    SSPMSK
0x0093       [1]    MSK
0x0093       [1]    SSPADD
0x0094       [0]    CKE_bit
0x0094       [0]    SMP_bit
0x0094       [0]    D_bit
0x0094       [0]    READ_WRITE_bit
0x0094       [0]    P_bit
0x0094       [0]    NOT_W_bit
0x0094       [0]    I2C_START__bit
0x0094       [0]    NOT_ADDRESS_bit
0x0094       [0]    UA_bit
0x0094       [0]    R_W_bit
0x0094       [0]    NOT_WRITE_bit
0x0094       [0]    DATA_ADDRESS_bit
0x0094       [0]    D_A_bit
0x0094       [0]    R_bit
0x0094       [0]    I2C_READ_bit
0x0094       [0]    I2C_STOP__bit
0x0094       [0]    NOT_A_bit
0x0094       [0]    I2C_DATA_bit
0x0094       [0]    BF_bit
0x0094       [1]    SSPSTAT
0x0094       [0]    S_bit
0x0095       [1]    WPUB
0x0095       [0]    WPUB3_bit
0x0095       [0]    WPUB4_bit
0x0095       [0]    WPUB6_bit
0x0095       [0]    WPUB7_bit
0x0095       [0]    WPUB5_bit
0x0095       [0]    WPUB2_bit
0x0095       [0]    WPUB1_bit
0x0095       [0]    WPUB0_bit
0x0096       [0]    IOCB4_bit
0x0096       [0]    IOCB2_bit
0x0096       [0]    IOCB3_bit
0x0096       [0]    IOCB1_bit
0x0096       [1]    IOCB
0x0096       [0]    IOCB6_bit
0x0096       [0]    IOCB7_bit
0x0096       [0]    IOCB0_bit
0x0096       [0]    IOCB5_bit
0x0097       [0]    VRR_bit
0x0097       [0]    VREN_bit
0x0097       [0]    VROE_bit
0x0097       [0]    VR2_bit
0x0097       [0]    VR1_bit
0x0097       [0]    VR0_bit
0x0097       [1]    VRCON
0x0097       [0]    VRSS_bit
0x0097       [0]    VR3_bit
0x0098       [0]    TXEN_bit
0x0098       [0]    SYNC_bit
0x0098       [0]    SENDB_bit
0x0098       [0]    TX8_9_bit
0x0098       [0]    CSRC_bit
0x0098       [0]    TX9_bit
0x0098       [0]    NOT_TX8_bit
0x0098       [0]    TRMT_bit
0x0098       [0]    BRGH_bit
0x0098       [1]    TXSTA
0x0098       [0]    TXD8_bit
0x0098       [0]    TX9D_bit
0x0099       [1]    SPBRG
0x0099       [0]    BRG5_bit
0x0099       [0]    BRG4_bit
0x0099       [0]    BRG7_bit
0x0099       [0]    BRG1_bit
0x0099       [0]    BRG0_bit
0x0099       [0]    BRG6_bit
0x0099       [0]    BRG2_bit
0x0099       [0]    BRG3_bit
0x009A       [1]    SPBRGH
0x009A       [0]    BRG14_bit
0x009A       [0]    BRG15_bit
0x009A       [0]    BRG11_bit
0x009A       [0]    BRG10_bit
0x009A       [0]    BRG9_bit
0x009A       [0]    BRG13_bit
0x009A       [0]    BRG12_bit
0x009A       [0]    BRG8_bit
0x009B       [1]    PWM1CON
0x009B       [0]    PDC2_bit
0x009B       [0]    PDC3_bit
0x009B       [0]    PDC1_bit
0x009B       [0]    PDC0_bit
0x009B       [0]    PDC4_bit
0x009B       [0]    PDC6_bit
0x009B       [0]    PRSEN_bit
0x009B       [0]    PDC5_bit
0x009C       [0]    PSSBD0_bit
0x009C       [0]    PSSBD1_bit
0x009C       [0]    ECCPASE_bit
0x009C       [0]    ECCPAS2_bit
0x009C       [1]    ECCPAS
0x009C       [0]    PSSAC1_bit
0x009C       [0]    PSSAC0_bit
0x009C       [0]    ECCPAS1_bit
0x009C       [0]    ECCPAS0_bit
0x009D       [0]    STRB_bit
0x009D       [0]    STRA_bit
0x009D       [0]    STRC_bit
0x009D       [0]    STRSYNC_bit
0x009D       [0]    STRD_bit
0x009D       [1]    PSTRCON
0x009E       [1]    ADRESL
0x009F       [0]    ADFM_bit
0x009F       [0]    VCFG0_bit
0x009F       [0]    VCFG1_bit
0x009F       [1]    ADCON1
0x0105       [0]    WDTPS2_bit
0x0105       [0]    WDTPS1_bit
0x0105       [0]    SWDTEN_bit
0x0105       [0]    WDTPS0_bit
0x0105       [1]    WDTCON
0x0105       [0]    WDTPS3_bit
0x0107       [0]    C1R_bit
0x0107       [0]    C1POL_bit
0x0107       [0]    C1CH0_bit
0x0107       [0]    C1CH1_bit
0x0107       [0]    C1OE_bit
0x0107       [1]    CM1CON0
0x0107       [0]    C1ON_bit
0x0107       [0]    C1OUT_bit
0x0108       [0]    C2R_bit
0x0108       [0]    C2POL_bit
0x0108       [0]    C2CH0_bit
0x0108       [0]    C2CH1_bit
0x0108       [0]    C2ON_bit
0x0108       [1]    CM2CON0
0x0108       [0]    C2OE_bit
0x0108       [0]    C2OUT_bit
0x0109       [0]    T1GSS_bit
0x0109       [0]    C2RSEL_bit
0x0109       [1]    CM2CON1
0x0109       [0]    C2SYNC_bit
0x0109       [0]    MC2OUT_bit
0x0109       [0]    C1RSEL_bit
0x0109       [0]    MC1OUT_bit
0x010C       [1]    EEDAT
0x010C       [1]    EEDATA
0x010D       [1]    EEADR
0x010E       [1]    EEDATH
0x010F       [1]    EEADRH
0x0185       [0]    SR0_bit
0x0185       [0]    C1SEN_bit
0x0185       [0]    C2REN_bit
0x0185       [0]    PULSR_bit
0x0185       [0]    FVREN_bit
0x0185       [0]    SR1_bit
0x0185       [0]    PULSS_bit
0x0185       [1]    SRCON
0x0187       [0]    SCKP_bit
0x0187       [0]    RCIDL_bit
0x0187       [0]    BRG16_bit
0x0187       [0]    WUE_bit
0x0187       [0]    ABDEN_bit
0x0187       [0]    ABDOVF_bit
0x0187       [1]    BAUDCTL
0x0188       [0]    ANS4_bit
0x0188       [0]    ANS3_bit
0x0188       [0]    ANS0_bit
0x0188       [0]    ANS1_bit
0x0188       [0]    ANS2_bit
0x0188       [1]    ANSEL
0x0189       [0]    ANS12_bit
0x0189       [0]    ANS13_bit
0x0189       [0]    ANS11_bit
0x0189       [0]    ANS10_bit
0x0189       [0]    ANS9_bit
0x0189       [1]    ANSELH
0x0189       [0]    ANS8_bit
0x018C       [0]    EEPGD_bit
0x018C       [0]    WR_bit
0x018C       [1]    EECON1
0x018C       [0]    WREN_bit
0x018C       [0]    RD_bit
0x018C       [0]    WRERR_bit
0x018D       [1]    EECON2
//** Label List: ** 
//----------------------------------------------
  L_interrupt0
  L_interrupt1
  L_interrupt2
  L_interrupt3
  L_interrupt4
  L_interrupt5
  L_interrupt6
  L_interrupt7
  L_interrupt8
  L_interrupt9
  L_incrementar_contador10
  L_visualizar11
  L_visualizar12
  L_visualizar13
  L_visualizar14
  L_visualizar15
  L_visualizar16
  L_visualizar17
  L_visualizar18
  L_visualizar19
  L_visualizar20
  L_visualizar21
  L_visualizar22
  L_main23
  L_main24
  L_main25
  L_main26
  L_main27
  L_main28
  L_main29
  L_main30
  _interrupt
  L__interrupt31
  L__interrupt32
  L__interrupt33
  L__interrupt34
  _incrementar_contador
  _ADC_UART
  _visualizar
  _main
  L_ADC_Get_Sample0
  L_ADC_Get_Sample1
  L_ADC_Read2
  L_ADC_Read3
  _ADC_Init
  _ADC_Get_Sample
  _ADC_Read
  L_ByteToStr0
  L_ByteToStr1
  L_ByteToStr2
  L_ByteToStr3
  L_ByteToStr4
  L_ByteToStr5
  L_WordToStr6
  L_WordToStr7
  L_WordToStr8
  L_WordToStr9
  L_WordToStr10
  L_WordToStr11
  L_WordToStrWithZeros12
  L_WordToStrWithZeros13
  L_WordToStrWithZeros14
  L_WordToStrWithZeros15
  L_WordToStrWithZeros16
  L_ShortToStr17
  L_ShortToStr18
  L_ShortToStr19
  L_ShortToStr20
  L_ShortToStr21
  L_ShortToStr22
  L_IntToStr23
  L_IntToStr24
  L_IntToStr25
  L_IntToStr26
  L_IntToStr27
  L_IntToStr28
  L_IntToStrWithZeros29
  L_IntToStrWithZeros30
  L_IntToStrWithZeros31
  L_IntToStrWithZeros32
  L_IntToStrWithZeros33
  L_IntToStrWithZeros34
  L_IntToStrWithZeros35
  L_IntToStrWithZeros36
  L_LongWordToStr37
  L_LongWordToStr38
  L_LongWordToStr39
  L_LongWordToStr40
  L_LongWordToStr41
  L_LongWordToStr42
  L_LongWordToStrWithZeros43
  L_LongWordToStrWithZeros44
  L_LongWordToStrWithZeros45
  L_LongWordToStrWithZeros46
  L_LongWordToStrWithZeros47
  L_LongToStr48
  L_LongToStr49
  L_LongToStr50
  L_LongToStr51
  L_LongToStr52
  L_LongToStr53
  L_LongIntToStrWithZeros54
  L_LongIntToStrWithZeros55
  L_LongIntToStrWithZeros56
  L_LongIntToStrWithZeros57
  L_LongIntToStrWithZeros58
  L_LongIntToStrWithZeros59
  L_LongIntToStrWithZeros60
  L_LongIntToStrWithZeros61
  L_Dec2Bcd62
  L_Dec2Bcd63
  L_Rtrim64
  L_Rtrim65
  L_Ltrim66
  L_Ltrim67
  L_Ltrim68
  L_Ltrim69
  L_Ltrim70
  L_Ltrim71
  L_FloatToStr72
  L_FloatToStr73
  L_FloatToStr74
  L_FloatToStr75
  L_FloatToStr76
  L_FloatToStr77
  L_FloatToStr78
  L_FloatToStr79
  L_FloatToStr80
  L_FloatToStr81
  L_FloatToStr82
  L_FloatToStr83
  L_FloatToStr84
  L_FloatToStr85
  L_FloatToStr86
  L_FloatToStr87
  L_FloatToStr88
  L_FloatToStr89
  L_FloatToStr90
  L_FloatToStr91
  L_FloatToStr92
  L_FloatToStr93
  L__Ltrim94
  L__FloatToStr95
  _ByteToHex
  _ShortToHex
  _WordToHex
  _IntToHex
  _LongWordToHex
  _LongIntToHex
  _ByteToStr
  _WordToStr
  L__WordToStr96
  _WordToStrWithZeros
  L__WordToStrWithZeros97
  _ShortToStr
  L__ShortToStr98
  _IntToStr
  L__IntToStr99
  L__IntToStr100
  _IntToStrWithZeros
  L__IntToStrWithZeros101
  L__IntToStrWithZeros102
  L__IntToStrWithZeros103
  _LongWordToStr
  L__LongWordToStr104
  L__LongWordToStr105
  _LongWordToStrWithZeros
  L__LongWordToStrWithZeros106
  _LongToStr
  L__LongToStr107
  L__LongToStr108
  _LongIntToStrWithZeros
  L__LongIntToStrWithZeros109
  L__LongIntToStrWithZeros110
  L__LongIntToStrWithZeros111
  _Dec2Bcd
  _Bcd2Dec
  _Bcd2Dec16
  L__Bcd2Dec16112
  L__Bcd2Dec16113
  _Dec2Bcd16
  L__Dec2Bcd16114
  L__Dec2Bcd16115
  _Rtrim
  _Ltrim
  _FloatToStr
  L__FloatToStr116
  L__FloatToStr117
  L__FloatToStr118
  L__FloatToStr119
  L__FloatToStr120
  L_Delay_10us0
  L_Delay_22us1
  L_Delay_50us2
  L_Delay_80us3
  L_Delay_500us4
  L_Delay_5500us5
  L_Delay_1ms6
  L_Delay_5ms7
  L_Delay_8ms8
  L_Delay_100ms9
  L_Delay_1sec10
  L_boot16_Delay_5ms11
  L_Delay_Cyc12
  L_Delay_Cyc13
  L_VDelay_ms14
  L_VDelay_ms15
  L_VDelay_ms16
  L_VDelay_Advanced_ms17
  L_VDelay_Advanced_ms18
  L_VDelay_Advanced_ms19
  _Get_Fosc_kHz
  _Delay_1us
  _Delay_10us
  _Delay_22us
  _Delay_50us
  _Delay_80us
  _Delay_500us
  _Delay_5500us
  _Delay_1ms
  _Delay_5ms
  _Delay_8ms
  _Delay_100ms
  _Delay_1sec
  _boot16_Delay_5ms
  _Delay_Cyc
  _VDelay_ms
  L__VDelay_ms20
  L__VDelay_ms21
  L__VDelay_ms22
  _VDelay_Advanced_ms
  L__VDelay_Advanced_ms23
  L__VDelay_Advanced_ms24
  L__VDelay_Advanced_ms25
  L_Div_16x16_S0
  L_Div_16x16_S1
  LOOPS3232A
  SADD22LA
  SOK22LA
  SADD22L8
  SOK22L8
  LOOPS3232B
  SADD22LB
  SOK22LB
  SADD22L16
  SOK22L16
  LOOPS3232C
  SADD22LC
  SOK22LC
  SADD22L24
  SOK22L24
  LOOPS3232D
  SADD22LD
  SOK22LD
  SOK22L
  L_Div_32x32_S6
  L_Div_32x32_S7
  L_Div_32x32_S8
  L_Div_32x32_S9
  FXD3232S
  END_ALL
  CA3232S
  C3232SX
  C3232SX1
  C3232S
  C3232S2
  C3232SX4
  C3232SOK
  C3232SX3
  C3232SX2
  avoid_comfrem
  LOOPU3232A
  UADD22LA
  UOK22LA
  UADD22L8
  UOK22L8
  LOOPU3232B
  UADD22LB
  UOK22LB
  UADD22L16
  UOK22L16
  LOOPU3232C
  UADD22LC
  UOK22LC
  UADD22L24
  UOK22L24
  LOOPU3232D
  UADD22LD
  UOK22LD
  UOK22L
  _NEXT
  _EXIT2
  _LOOP
  _EXIT1
  _IF_FIRST
  _IF_SECOND
  _INVERCE_FIRST
  _MULT
  _INBERSE_SECOND
  _EXIT
  _Mul_8x8_U
  _Mul_16x16_U
  _Div_8x8_U
  _Div_16x16_U
  _Mul_8x8_S
  _Mul_16x16_S
  _Div_16x16_S_L
  _Div_16x16_S
  _Div_8x8_S
  _SDIV3232L
  _COMFREM
  _Div_32x32_S
  _Div_32x32_U
  _Mul_32x32_U
  _Mul_32x32_S
  _CC2D_Loop1
  _____DoICP
  _____DoIFC
  ___CC2DW
  _Swap
  L_UART1_Init0
  L_UART1_Init1
  L_UART1_Read2
  L_UART1_Write3
  L_UART1_Write4
  L_UART1_Write_Text5
  L_UART1_Write_Text6
  L_UART1_Read_Text7
  L_UART1_Read_Text8
  L_UART1_Read_Text9
  L_UART1_Read_Text10
  L_UART1_Read_Text11
  L_UART1_Read_Text12
  L_UART1_Read_Text13
  L_UART1_Read_Text14
  L_UART1_Read_Text15
  _UART1_Init
  _UART1_Data_Ready
  _UART1_Read
  _UART1_Tx_Idle
  _UART1_Write
  _UART1_Write_Text
  _UART1_Read_Text
  L_interrupt0
  L_interrupt1
  L_interrupt2
  L_interrupt3
  L_interrupt4
  L_interrupt5
  L_interrupt6
  L_interrupt7
  L_interrupt8
  L_interrupt9
  L_incrementar_contador10
  L_visualizar11
  L_visualizar12
  L_visualizar13
  L_visualizar14
  L_visualizar15
  L_visualizar16
  L_visualizar17
  L_visualizar18
  L_visualizar19
  L_visualizar20
  L_visualizar21
  L_visualizar22
  L_main23
  L_main24
  L_main25
  L_main26
  L_main27
  L_main28
  L_main29
  L_main30
  _interrupt
  L__interrupt31
  L__interrupt32
  L__interrupt33
  L__interrupt34
  _incrementar_contador
  _ADC_UART
  _visualizar
  _main
