MPLINK 4.38, Linker
Linker Map File - Created Sun Mar 13 20:55:18 2011

                                 Section Info
                  Section       Type    Address   Location Size(Bytes)
                ---------  ---------  ---------  ---------  ---------
                   .org_0       code   0x000000    program   0x000000
                   .org_1       code   0x000000    program   0x000004
                   .org_2       code   0x000004    program   0x0000f2
.config_2007_16F883TEMP.O       code   0x002007    program   0x000002
.config_2008_16F883TEMP.O       code   0x002008    program   0x000002



                              Program Memory Usage 
                               Start         End      
                           ---------   ---------      
                            0x000000    0x000001      
                            0x000004    0x00007c      
                            0x002007    0x002008      
            125 out of 4359 program addresses used, program memory utilization is 2%



                              Symbols - Sorted by Name
                     Name    Address   Location    Storage File                     
                ---------  ---------  ---------  --------- ---------                
                   APAGAR   0x000028    program     static E:\Electrónica\Taller V IF 2011-01\Prácticas\Códigos y Simulaciones\Práctica VI\USART\16F883TEMP.ASM
                  APAGAR1   0x00002f    program     static E:\Electrónica\Taller V IF 2011-01\Prácticas\Códigos y Simulaciones\Práctica VI\USART\16F883TEMP.ASM
                 DECISION   0x00001e    program     static E:\Electrónica\Taller V IF 2011-01\Prácticas\Códigos y Simulaciones\Práctica VI\USART\16F883TEMP.ASM
                   Espere   0x00003c    program     static E:\Electrónica\Taller V IF 2011-01\Prácticas\Códigos y Simulaciones\Práctica VI\USART\16F883TEMP.ASM
             INTERRUPCION   0x000004    program     static E:\Electrónica\Taller V IF 2011-01\Prácticas\Códigos y Simulaciones\Práctica VI\USART\16F883TEMP.ASM
      MANEJO_INTERRUPCION   0x00000e    program     static E:\Electrónica\Taller V IF 2011-01\Prácticas\Códigos y Simulaciones\Práctica VI\USART\16F883TEMP.ASM
                  PRENDER   0x000026    program     static E:\Electrónica\Taller V IF 2011-01\Prácticas\Códigos y Simulaciones\Práctica VI\USART\16F883TEMP.ASM
                 PRENDER1   0x00002d    program     static E:\Electrónica\Taller V IF 2011-01\Prácticas\Códigos y Simulaciones\Práctica VI\USART\16F883TEMP.ASM
                RECEPCION   0x00001c    program     static E:\Electrónica\Taller V IF 2011-01\Prácticas\Códigos y Simulaciones\Práctica VI\USART\16F883TEMP.ASM
                SALIR_INT   0x000031    program     static E:\Electrónica\Taller V IF 2011-01\Prácticas\Códigos y Simulaciones\Práctica VI\USART\16F883TEMP.ASM
               enviaRS232   0x00003a    program     static E:\Electrónica\Taller V IF 2011-01\Prácticas\Códigos y Simulaciones\Práctica VI\USART\16F883TEMP.ASM
                     main   0x000044    program     static E:\Electrónica\Taller V IF 2011-01\Prácticas\Códigos y Simulaciones\Práctica VI\USART\16F883TEMP.ASM
                    msgCR   0x000040    program     static E:\Electrónica\Taller V IF 2011-01\Prácticas\Códigos y Simulaciones\Práctica VI\USART\16F883TEMP.ASM
              teclaErrada   0x00002a    program     static E:\Electrónica\Taller V IF 2011-01\Prácticas\Códigos y Simulaciones\Práctica VI\USART\16F883TEMP.ASM
            teclacorrecta   0x000023    program     static E:\Electrónica\Taller V IF 2011-01\Prácticas\Códigos y Simulaciones\Práctica VI\USART\16F883TEMP.ASM



                              Symbols - Sorted by Address
                     Name    Address   Location    Storage File                     
                ---------  ---------  ---------  --------- ---------                
             INTERRUPCION   0x000004    program     static E:\Electrónica\Taller V IF 2011-01\Prácticas\Códigos y Simulaciones\Práctica VI\USART\16F883TEMP.ASM
      MANEJO_INTERRUPCION   0x00000e    program     static E:\Electrónica\Taller V IF 2011-01\Prácticas\Códigos y Simulaciones\Práctica VI\USART\16F883TEMP.ASM
                RECEPCION   0x00001c    program     static E:\Electrónica\Taller V IF 2011-01\Prácticas\Códigos y Simulaciones\Práctica VI\USART\16F883TEMP.ASM
                 DECISION   0x00001e    program     static E:\Electrónica\Taller V IF 2011-01\Prácticas\Códigos y Simulaciones\Práctica VI\USART\16F883TEMP.ASM
            teclacorrecta   0x000023    program     static E:\Electrónica\Taller V IF 2011-01\Prácticas\Códigos y Simulaciones\Práctica VI\USART\16F883TEMP.ASM
                  PRENDER   0x000026    program     static E:\Electrónica\Taller V IF 2011-01\Prácticas\Códigos y Simulaciones\Práctica VI\USART\16F883TEMP.ASM
                   APAGAR   0x000028    program     static E:\Electrónica\Taller V IF 2011-01\Prácticas\Códigos y Simulaciones\Práctica VI\USART\16F883TEMP.ASM
              teclaErrada   0x00002a    program     static E:\Electrónica\Taller V IF 2011-01\Prácticas\Códigos y Simulaciones\Práctica VI\USART\16F883TEMP.ASM
                 PRENDER1   0x00002d    program     static E:\Electrónica\Taller V IF 2011-01\Prácticas\Códigos y Simulaciones\Práctica VI\USART\16F883TEMP.ASM
                  APAGAR1   0x00002f    program     static E:\Electrónica\Taller V IF 2011-01\Prácticas\Códigos y Simulaciones\Práctica VI\USART\16F883TEMP.ASM
                SALIR_INT   0x000031    program     static E:\Electrónica\Taller V IF 2011-01\Prácticas\Códigos y Simulaciones\Práctica VI\USART\16F883TEMP.ASM
               enviaRS232   0x00003a    program     static E:\Electrónica\Taller V IF 2011-01\Prácticas\Códigos y Simulaciones\Práctica VI\USART\16F883TEMP.ASM
                   Espere   0x00003c    program     static E:\Electrónica\Taller V IF 2011-01\Prácticas\Códigos y Simulaciones\Práctica VI\USART\16F883TEMP.ASM
                    msgCR   0x000040    program     static E:\Electrónica\Taller V IF 2011-01\Prácticas\Códigos y Simulaciones\Práctica VI\USART\16F883TEMP.ASM
                     main   0x000044    program     static E:\Electrónica\Taller V IF 2011-01\Prácticas\Códigos y Simulaciones\Práctica VI\USART\16F883TEMP.ASM


