MPASM  5.39                    16F883TEMP.ASM   3-13-2011  20:55:14         PAGE  1


LOC  OBJECT CODE     LINE SOURCE TEXT
  VALUE

                      00001 
                      00002         list            p=16f883        ; list directive to define processor
                      00003         #include        <p16f883.inc>   ; processor specific variable definitions
                      00001         LIST
                      00002 
                      00003 ;==========================================================================
                      00004 ;  MPASM PIC16F883 processor include
                      00005 ; 
                      00006 ;  (c) Copyright 1999-2010 Microchip Technology, All rights reserved
                      00007 ;==========================================================================
                      00008 
                      00760         LIST
                      00004 
                      00005 ; '__CONFIG' directive is used to embed configuration data within .asm file.
                      00006 ; The labels following the directive are located in the respective .inc file.
                      00007 ; See respective data sheet for additional information on configuration word.
                      00008 
2007   28E2           00009         __CONFIG    _CONFIG1, _LVP_OFF & _FCMEN_ON & _IESO_OFF & _BOR_OFF & _CPD_OFF & _CP_OFF & _MCLRE_
                            ON & _PWRTE_ON & _WDT_OFF & _HS_OSC
2008   3EFF           00010         __CONFIG    _CONFIG2, _WRT_OFF & _BOR21V
                      00011 
                      00012 ;***** VARIABLE DEFINITIONS
  0000007D            00013 w_temp          EQU     0x7D            ; variable used for context saving
  0000007E            00014 status_temp     EQU     0x7E            ; variable used for context saving
  0000007F            00015 pclath_temp     EQU     0x7F            ; variable used for context saving
                      00016 
  00000081            00017 OPTREG            EQU           0x81    ; Dirrección del OPTION_REG
  00000026            00018 caracter      EQU               0X26    ; Registro que contiene el Ascii de la letra que se desea identi
                            ficar
                      00019 
                      00020 ;**********************************************************************
0000                  00021         ORG     0x000             ; processor reset vector
                      00022 
0000   0000           00023         NOP
0001   2844           00024         GOTO    main              ; go to beginning of program
                      00025 
                      00026 
0004                  00027         ORG     0x004             ; interrupt vector location
                      00028 
0004                  00029 INTERRUPCION
                      00030 
0004   00FD           00031         movwf   w_temp            ; save off current W register contents
0005   0803           00032         movf    STATUS,w          ; move status register into W register
0006   00FE           00033         movwf   status_temp       ; save off contents of STATUS register
0007   080A           00034         movf    PCLATH,w          ; move pclath register into w register
0008   00FF           00035         movwf   pclath_temp       ; save off contents of PCLATH register
                      00036 
0009   188B           00037         BTFSC INTCON,INTF ;Verificar si es la Interrupcion RB0
000A   280E           00038         GOTO MANEJO_INTERRUPCION
000B   1A8C           00039         BTFSC PIR1,RCIF ;Verificar si es la interrupcion por Recepción
000C   281C           00040         GOTO RECEPCION
000D   2831           00041         GOTO SALIR_INT
                      00042 
MPASM  5.39                    16F883TEMP.ASM   3-13-2011  20:55:14         PAGE  2


LOC  OBJECT CODE     LINE SOURCE TEXT
  VALUE

000E                  00043 MANEJO_INTERRUPCION ;
000E   3043           00044         MOVLW 'C' ;Cargo el Ascii de la letra C
000F   203A           00045         CALL enviaRS232 ;Llamo rutina de envio de dato que está en el acumulador w
0010   3061           00046         MOVLW 'a' ;Cargo el Ascii de la letra a
0011   203A           00047         CALL enviaRS232 ;Llamo rutina de envio de dato que está en el acumulador w
0012   3072           00048         MOVLW 'r' ;Cargo el Ascii de la letra r
0013   203A           00049         CALL enviaRS232 ;Llamo rutina de envio de dato que está en el acumulador w
0014   306C           00050         MOVLW 'l' ;Cargo el Ascii de la letra l
0015   203A           00051         CALL enviaRS232 ;Llamo rutina de envio de dato que está en el acumulador w
0016   306F           00052         MOVLW 'o' ;Cargo el Ascii de la letra o
0017   203A           00053         CALL enviaRS232 ;Llamo rutina de envio de dato que está en el acumulador w
0018   3073           00054         MOVLW 's' ;Cargo el Ascii de la letra s
0019   203A           00055         CALL enviaRS232 ;Llamo rutina de envio de dato que está en el acumulador w
001A   2040           00056         CALL msgCR ;Rutina del Ascii de la tecla Enter
001B   2831           00057         GOTO SALIR_INT ;Salimos de la Interrupción
                      00058 
001C                  00059 RECEPCION ;Recepción y lógica del dato que llega
001C   081A           00060     MOVF RCREG,W            ; guarda dato recibido en acumulador 
001D   0226           00061     SUBWF caracter,0 ;Se sustrae lo que está en w (el Ascii de la letra que se presionó) menos el caract
                            er previamente determinado.
001E                  00062 DECISION
001E   1C03           00063         BTFSS STATUS,0 ;Si la resta es cero, tanto el Bit 0 como el Bit 2 del STATUS serán 1.
001F   282A           00064         GOTO teclaErrada ;No es la letra predeterminada, vaya y muestre eso
0020   1D03           00065         BTFSS STATUS,2
0021   282A           00066         GOTO teclaErrada ;No es la letra predeterminada, vaya y muestre eso
0022   2823           00067         GOTO teclacorrecta ;Si es la letra predeterminada; Muestre eso.
                      00068 
0023                  00069 teclacorrecta ;Lógica que cambia el estado de RB1, si la tecla que se undió es la predeterminada.
0023   1C86           00070         BTFSS PORTB,1
0024   2826           00071         GOTO PRENDER
0025   2828           00072         GOTO APAGAR
0026                  00073 PRENDER
0026   1486           00074         BSF PORTB,1
0027   2831           00075         GOTO SALIR_INT
0028                  00076 APAGAR
0028   1086           00077         BCF PORTB,1
0029   2831           00078         GOTO SALIR_INT
                      00079 
002A                  00080 teclaErrada ;Lógica que cambia el estado del RB2, si la tecla que se presionó no es la predeterminada
002A   1D06           00081         BTFSS PORTB,2
002B   282D           00082         GOTO PRENDER1
002C   282F           00083         GOTO APAGAR1
002D                  00084 PRENDER1
002D   1506           00085         BSF PORTB,2
002E   2831           00086         GOTO SALIR_INT
002F                  00087 APAGAR1
002F   1106           00088         BCF PORTB,2
0030   2831           00089         GOTO SALIR_INT
                      00090 
Warning[207]: Found label after column 1. (SALIR_INT)
0031                  00091         SALIR_INT
0031   108B           00092         BCF INTCON,INTF ;Borra la bandera para que hayan mas interrupciones
0032   128C           00093         BCF PIR1,RCIF   ;Borra la bandera para que hayan mas interrupciones
MPASM  5.39                    16F883TEMP.ASM   3-13-2011  20:55:14         PAGE  3


LOC  OBJECT CODE     LINE SOURCE TEXT
  VALUE

0033   087F           00094         movf    pclath_temp,w     ; retrieve copy of PCLATH register
0034   008A           00095         movwf   PCLATH            ; restore pre-isr PCLATH register contents
0035   087E           00096         movf    status_temp,w     ; retrieve copy of STATUS register
0036   0083           00097         movwf   STATUS            ; restore pre-isr STATUS register contents
0037   0EFD           00098         swapf   w_temp,f
0038   0E7D           00099         swapf   w_temp,w          ; restore pre-isr W register contents
0039   0009           00100         retfie                    ; return from interrupt
                      00101 
003A                  00102 enviaRS232 ; Rutina de envío asincrono
003A   0099           00103         movwf TXREG             ; envío el dato en acunulador w
003B   1683           00104         bsf STATUS,RP0          ; Pág 1 RAM
                      00105 
003C                  00106 Espere  
Message[302]: Register in operand not in bank 0.  Ensure that bank bits are correct.
003C   1C98           00107         btfss TXSTA,TRMT        ; transmision completa si es altoº
003D   283C           00108     goto Espere
003E   1283           00109     bcf STATUS,RP0          ; Pág 0 RAM
003F   0008           00110     return
                      00111 
0040                  00112 msgCR ;Tecla Enter
0040   300D           00113         movlw   0x0D
0041   203A           00114         call    enviaRS232
0042   300A           00115         movlw   0x0A
0043   283A           00116         goto    enviaRS232
                      00117 
0044                  00118 main
                      00119         ;Configuración de los puertos
0044   1683 1703      00120         BANKSEL ANSELH
0046   3000           00121         MOVLW B'00000000'; Todos los pines son digitales
Message[302]: Register in operand not in bank 0.  Ensure that bank bits are correct.
0047   0089           00122         MOVWF ANSELH
0048   1683 1303      00123         BANKSEL TRISB ; Me voy para el banco del trisb y del optioenReg
004A   3001           00124         MOVLW B'00000001'; Todos los pines son salidas menos el primero que es entrada
Message[302]: Register in operand not in bank 0.  Ensure that bank bits are correct.
004B   0086           00125         MOVWF TRISB ;Lo meto en este registro
Message[302]: Register in operand not in bank 0.  Ensure that bank bits are correct.
004C   1307           00126         BCF TRISC,6 ;Salida, este es el TX
Message[302]: Register in operand not in bank 0.  Ensure that bank bits are correct.
004D   1787           00127         BSF TRISC,7 ;Entrada, éste es el RX
Message[302]: Register in operand not in bank 0.  Ensure that bank bits are correct.
004E   1701           00128         BSF OPTREG,6 ;Interrupción por flanco de subida del RB0 o INT0
004F   1283 1303      00129         BANKSEL PORTB ;Me voy para el banco del puerto b
                      00130 
                      00131         ;Configuración de las interrupciones
0051   178B           00132         BSF INTCON,GIE ;La que se tiene que habilitar siempre que se trabaje con al menos una interrupci
                            ón
0052   160B           00133         BSF INTCON,INTE ;Esta es la de la INTE
0053   170B           00134         BSF INTCON,PEIE ;Esta es la de interrupciones perifericas (Necesaria si se trabaja con interrupc
                            ion por recepción).
                      00135 
                      00136         ;Configuración de la comunicaciòn
                      00137         ;definiciones para USART
                      00138         ;Baud Rate = 9600, Sin Paridad, 1 Bit parada
MPASM  5.39                    16F883TEMP.ASM   3-13-2011  20:55:14         PAGE  4


LOC  OBJECT CODE     LINE SOURCE TEXT
  VALUE

0054   1683 1303      00139     BANKSEL SPBRG ;Se carga el 520 en estos dos registros
0056   3008           00140         movlw B'00001000'
Message[302]: Register in operand not in bank 0.  Ensure that bank bits are correct.
0057   0099           00141     movwf SPBRG
0058   1683 1303      00142         BANKSEL SPBRGH
005A   3002           00143         movlw B'00000010'
Message[302]: Register in operand not in bank 0.  Ensure that bank bits are correct.
005B   009A           00144     movwf SPBRGH        
005C   1683 1303      00145     BANKSEL TXSTA ;Nos ubicamos en el banco de este registro TXSTA
005E   3026           00146         movlw b'00100110' 
Message[302]: Register in operand not in bank 0.  Ensure that bank bits are correct.
005F   0098           00147     movwf TXSTA    ; habilita la transmisión Async;
0060   1283 1303      00148         BANKSEL RCSTA
0062   3090           00149     movlw b'10010000'       
0063   0098           00150     movwf RCSTA  ; habilita de recepción Async
0064   1683 1703      00151         banksel BAUDCTL ;Nos ubicamos en el banco de este registro BAUDCTL
Message[302]: Register in operand not in bank 0.  Ensure that bank bits are correct.
0066   1587           00152         BSF BAUDCTL,BRG16 ;Habilitamos calculo de la velocidad con registro de 16 bits, para mayor preci
                            sión
0067   1683 1303      00153         BANKSEL PIE1 ;Nos ubicamos en el banco de este registro PIE1
Message[302]: Register in operand not in bank 0.  Ensure that bank bits are correct.
0069   120C           00154         BCF PIE1,4 ; Sin interrupcion por transmición
Message[302]: Register in operand not in bank 0.  Ensure that bank bits are correct.
006A   168C           00155         BSF PIE1,5 ;Con interrupción por recepción
006B   1283 1303      00156         BANKSEL PORTB ;Volvemos al banco cero
                      00157         
                      00158         ;mensaje de bienvenida:
006D   3043           00159         MOVLW 'C' ;Cargo el Ascii de la letra C
006E   203A           00160         CALL enviaRS232 ;Llamo rutina de envio de dato que está en el acumulador w
006F   3061           00161         MOVLW 'a' ;Cargo el Ascii de la letra a
0070   203A           00162         CALL enviaRS232 ;Llamo rutina de envio de dato que está en el acumulador w
0071   3072           00163         MOVLW 'r' ;Cargo el Ascii de la letra r
0072   203A           00164         CALL enviaRS232 ;Llamo rutina de envio de dato que está en el acumulador w
0073   306C           00165         MOVLW 'l' ;Cargo el Ascii de la letra l
0074   203A           00166         CALL enviaRS232 ;Llamo rutina de envio de dato que está en el acumulador w
0075   306F           00167         MOVLW 'o' ;Cargo el Ascii de la letra o
0076   203A           00168         CALL enviaRS232 ;Llamo rutina de envio de dato que está en el acumulador w
0077   3073           00169         MOVLW 's' ;Cargo el Ascii de la letra s
0078   203A           00170         CALL enviaRS232 ;Llamo rutina de envio de dato que está en el acumulador w
0079   2040           00171         CALL msgCR ;Rutina del Ascii de la tecla Enter
007A   3067           00172         MOVLW 'g' ;Cargar el valor del ascii de la "g" en el registro caracter
                      00173                                 ;el cual se compara con la tecla presionada para tomar una decisión
007B   00A6           00174         MOVWF caracter
                      00175 
007C   287C           00176         GOTO $ ;Espera interrupción por RB0 o por RCREG
                      00177 
                      00178         END                       ; directive 'end of program'
MPASM  5.39                    16F883TEMP.ASM   3-13-2011  20:55:14         PAGE  5


SYMBOL TABLE
  LABEL                             VALUE 

ABDEN                             00000000
ABDOVF                            00000007
ACKDT                             00000005
ACKEN                             00000004
ACKSTAT                           00000006
ADCON0                            0000001F
ADCON1                            0000009F
ADCS0                             00000006
ADCS1                             00000007
ADDEN                             00000003
ADFM                              00000007
ADIE                              00000006
ADIF                              00000006
ADON                              00000000
ADRESH                            0000001E
ADRESL                            0000009E
ANS0                              00000000
ANS1                              00000001
ANS10                             00000002
ANS11                             00000003
ANS12                             00000004
ANS13                             00000005
ANS2                              00000002
ANS3                              00000003
ANS4                              00000004
ANS8                              00000000
ANS9                              00000001
ANSEL                             00000188
ANSELH                            00000189
APAGAR                            00000028
APAGAR1                           0000002F
BAUDCTL                           00000187
BCLIE                             00000003
BCLIF                             00000003
BF                                00000000
BRG0                              00000000
BRG1                              00000001
BRG10                             00000002
BRG11                             00000003
BRG12                             00000004
BRG13                             00000005
BRG14                             00000006
BRG15                             00000007
BRG16                             00000003
BRG2                              00000002
BRG3                              00000003
BRG4                              00000004
BRG5                              00000005
BRG6                              00000006
BRG7                              00000007
BRG8                              00000000
BRG9                              00000001
BRGH                              00000002
MPASM  5.39                    16F883TEMP.ASM   3-13-2011  20:55:14         PAGE  6


SYMBOL TABLE
  LABEL                             VALUE 

C                                 00000000
C1CH0                             00000000
C1CH1                             00000001
C1IE                              00000005
C1IF                              00000005
C1OE                              00000005
C1ON                              00000007
C1OUT                             00000006
C1POL                             00000004
C1R                               00000002
C1RSEL                            00000005
C1SEN                             00000005
C2CH0                             00000000
C2CH1                             00000001
C2IE                              00000006
C2IF                              00000006
C2OE                              00000005
C2ON                              00000007
C2OUT                             00000006
C2POL                             00000004
C2R                               00000002
C2REN                             00000004
C2RSEL                            00000004
C2SYNC                            00000000
CCP1CON                           00000017
CCP1IE                            00000002
CCP1IF                            00000002
CCP1M0                            00000000
CCP1M1                            00000001
CCP1M2                            00000002
CCP1M3                            00000003
CCP1X                             00000005
CCP1Y                             00000004
CCP2CON                           0000001D
CCP2IE                            00000000
CCP2IF                            00000000
CCP2M0                            00000000
CCP2M1                            00000001
CCP2M2                            00000002
CCP2M3                            00000003
CCP2X                             00000005
CCP2Y                             00000004
CCPR1H                            00000016
CCPR1L                            00000015
CCPR2H                            0000001C
CCPR2L                            0000001B
CHS0                              00000002
CHS1                              00000003
CHS2                              00000004
CHS3                              00000005
CKE                               00000006
CKP                               00000004
CM1CON0                           00000107
MPASM  5.39                    16F883TEMP.ASM   3-13-2011  20:55:14         PAGE  7


SYMBOL TABLE
  LABEL                             VALUE 

CM2CON0                           00000108
CM2CON1                           00000109
CREN                              00000004
CSRC                              00000007
D                                 00000005
DATA_ADDRESS                      00000005
DC                                00000001
DC1B0                             00000004
DC1B1                             00000005
DC2B0                             00000004
DC2B1                             00000005
DECISION                          0000001E
D_A                               00000005
D_NOT_A                           00000005
ECCPAS                            0000009C
ECCPAS0                           00000004
ECCPAS1                           00000005
ECCPAS2                           00000006
ECCPASE                           00000007
EEADR                             0000010D
EEADRH                            0000010F
EECON1                            0000018C
EECON2                            0000018D
EEDAT                             0000010C
EEDATA                            0000010C
EEDATH                            0000010E
EEIE                              00000004
EEIF                              00000004
EEPGD                             00000007
Espere                            0000003C
F                                 00000001
FERR                              00000002
FSR                               00000004
FVREN                             00000000
GCEN                              00000007
GIE                               00000007
GO                                00000001
GO_DONE                           00000001
GO_NOT_DONE                       00000001
HTS                               00000002
I2C_DATA                          00000005
I2C_READ                          00000002
I2C_START                         00000003
I2C_STOP                          00000004
INDF                              00000000
INTCON                            0000000B
INTE                              00000004
INTEDG                            00000006
INTERRUPCION                      00000004
INTF                              00000001
IOCB                              00000096
IOCB0                             00000000
IOCB1                             00000001
MPASM  5.39                    16F883TEMP.ASM   3-13-2011  20:55:14         PAGE  8


SYMBOL TABLE
  LABEL                             VALUE 

IOCB2                             00000002
IOCB3                             00000003
IOCB4                             00000004
IOCB5                             00000005
IOCB6                             00000006
IOCB7                             00000007
IRCF0                             00000004
IRCF1                             00000005
IRCF2                             00000006
IRP                               00000007
LTS                               00000001
MANEJO_INTERRUPCION               0000000E
MC1OUT                            00000007
MC2OUT                            00000006
MSK                               00000093
MSK0                              00000000
MSK1                              00000001
MSK2                              00000002
MSK3                              00000003
MSK4                              00000004
MSK5                              00000005
MSK6                              00000006
MSK7                              00000007
NOT_A                             00000005
NOT_ADDRESS                       00000005
NOT_BO                            00000000
NOT_BOR                           00000000
NOT_DONE                          00000001
NOT_PD                            00000003
NOT_POR                           00000001
NOT_RBPU                          00000007
NOT_RC8                           00000006
NOT_T1SYNC                        00000002
NOT_TO                            00000004
NOT_TX8                           00000006
NOT_W                             00000002
NOT_WRITE                         00000002
OERR                              00000001
OPTION_REG                        00000081
OPTREG                            00000081
OSCCON                            0000008F
OSCTUNE                           00000090
OSFIE                             00000007
OSFIF                             00000007
OSTS                              00000003
P                                 00000004
P1M0                              00000006
P1M1                              00000007
PCL                               00000002
PCLATH                            0000000A
PCON                              0000008E
PDC0                              00000000
PDC1                              00000001
MPASM  5.39                    16F883TEMP.ASM   3-13-2011  20:55:14         PAGE  9


SYMBOL TABLE
  LABEL                             VALUE 

PDC2                              00000002
PDC3                              00000003
PDC4                              00000004
PDC5                              00000005
PDC6                              00000006
PEIE                              00000006
PEN                               00000002
PIE1                              0000008C
PIE2                              0000008D
PIR1                              0000000C
PIR2                              0000000D
PORTA                             00000005
PORTB                             00000006
PORTC                             00000007
PORTE                             00000009
PR2                               00000092
PRENDER                           00000026
PRENDER1                          0000002D
PRSEN                             00000007
PS0                               00000000
PS1                               00000001
PS2                               00000002
PSA                               00000003
PSSAC0                            00000002
PSSAC1                            00000003
PSSBD0                            00000000
PSSBD1                            00000001
PSTRCON                           0000009D
PULSR                             00000002
PULSS                             00000003
PWM1CON                           0000009B
R                                 00000002
RA0                               00000000
RA1                               00000001
RA2                               00000002
RA3                               00000003
RA4                               00000004
RA5                               00000005
RA6                               00000006
RA7                               00000007
RB0                               00000000
RB1                               00000001
RB2                               00000002
RB3                               00000003
RB4                               00000004
RB5                               00000005
RB6                               00000006
RB7                               00000007
RBIE                              00000003
RBIF                              00000000
RC0                               00000000
RC1                               00000001
RC2                               00000002
MPASM  5.39                    16F883TEMP.ASM   3-13-2011  20:55:14         PAGE 10


SYMBOL TABLE
  LABEL                             VALUE 

RC3                               00000003
RC4                               00000004
RC5                               00000005
RC6                               00000006
RC7                               00000007
RC8_9                             00000006
RC9                               00000006
RCD8                              00000000
RCEN                              00000003
RCIDL                             00000006
RCIE                              00000005
RCIF                              00000005
RCREG                             0000001A
RCSTA                             00000018
RD                                00000000
RE3                               00000003
READ_WRITE                        00000002
RECEPCION                         0000001C
RP0                               00000005
RP1                               00000006
RSEN                              00000001
RX9                               00000006
RX9D                              00000000
R_NOT_W                           00000002
R_W                               00000002
S                                 00000003
SALIR_INT                         00000031
SBOREN                            00000004
SCKP                              00000004
SCS                               00000000
SEN                               00000000
SENDB                             00000003
SMP                               00000007
SPBRG                             00000099
SPBRGH                            0000009A
SPEN                              00000007
SR0                               00000006
SR1                               00000007
SRCON                             00000185
SREN                              00000005
SSPADD                            00000093
SSPBUF                            00000013
SSPCON                            00000014
SSPCON2                           00000091
SSPEN                             00000005
SSPIE                             00000003
SSPIF                             00000003
SSPM0                             00000000
SSPM1                             00000001
SSPM2                             00000002
SSPM3                             00000003
SSPMSK                            00000093
SSPOV                             00000006
MPASM  5.39                    16F883TEMP.ASM   3-13-2011  20:55:14         PAGE 11


SYMBOL TABLE
  LABEL                             VALUE 

SSPSTAT                           00000094
STATUS                            00000003
STRA                              00000000
STRB                              00000001
STRC                              00000002
STRD                              00000003
STRSYNC                           00000004
SWDTEN                            00000000
SYNC                              00000004
T0CS                              00000005
T0IE                              00000005
T0IF                              00000002
T0SE                              00000004
T1CKPS0                           00000004
T1CKPS1                           00000005
T1CON                             00000010
T1GINV                            00000007
T1GIV                             00000007
T1GSS                             00000001
T1INSYNC                          00000002
T1OSCEN                           00000003
T1SYNC                            00000002
T2CKPS0                           00000000
T2CKPS1                           00000001
T2CON                             00000012
TMR0                              00000001
TMR0IE                            00000005
TMR0IF                            00000002
TMR1CS                            00000001
TMR1GE                            00000006
TMR1H                             0000000F
TMR1IE                            00000000
TMR1IF                            00000000
TMR1L                             0000000E
TMR1ON                            00000000
TMR2                              00000011
TMR2IE                            00000001
TMR2IF                            00000001
TMR2ON                            00000002
TOUTPS0                           00000003
TOUTPS1                           00000004
TOUTPS2                           00000005
TOUTPS3                           00000006
TRISA                             00000085
TRISA0                            00000000
TRISA1                            00000001
TRISA2                            00000002
TRISA3                            00000003
TRISA4                            00000004
TRISA5                            00000005
TRISA6                            00000006
TRISA7                            00000007
TRISB                             00000086
MPASM  5.39                    16F883TEMP.ASM   3-13-2011  20:55:14         PAGE 12


SYMBOL TABLE
  LABEL                             VALUE 

TRISB0                            00000000
TRISB1                            00000001
TRISB2                            00000002
TRISB3                            00000003
TRISB4                            00000004
TRISB5                            00000005
TRISB6                            00000006
TRISB7                            00000007
TRISC                             00000087
TRISC0                            00000000
TRISC1                            00000001
TRISC2                            00000002
TRISC3                            00000003
TRISC4                            00000004
TRISC5                            00000005
TRISC6                            00000006
TRISC7                            00000007
TRISE                             00000089
TRISE3                            00000003
TRMT                              00000001
TUN0                              00000000
TUN1                              00000001
TUN2                              00000002
TUN3                              00000003
TUN4                              00000004
TX8_9                             00000006
TX9                               00000006
TX9D                              00000000
TXD8                              00000000
TXEN                              00000005
TXIE                              00000004
TXIF                              00000004
TXREG                             00000019
TXSTA                             00000098
UA                                00000001
ULPWUE                            00000005
ULPWUIE                           00000002
ULPWUIF                           00000002
VCFG0                             00000004
VCFG1                             00000005
VR0                               00000000
VR1                               00000001
VR2                               00000002
VR3                               00000003
VRCON                             00000097
VREN                              00000007
VROE                              00000006
VRR                               00000005
VRSS                              00000004
W                                 00000000
WCOL                              00000007
WDTCON                            00000105
WDTPS0                            00000001
MPASM  5.39                    16F883TEMP.ASM   3-13-2011  20:55:14         PAGE 13


SYMBOL TABLE
  LABEL                             VALUE 

WDTPS1                            00000002
WDTPS2                            00000003
WDTPS3                            00000004
WPUB                              00000095
WPUB0                             00000000
WPUB1                             00000001
WPUB2                             00000002
WPUB3                             00000003
WPUB4                             00000004
WPUB5                             00000005
WPUB6                             00000006
WPUB7                             00000007
WR                                00000001
WREN                              00000002
WRERR                             00000003
WUE                               00000001
Z                                 00000002
_BOR21V                           00003EFF
_BOR40V                           00003FFF
_BOR_NSLEEP                       00003EFF
_BOR_OFF                          00003CFF
_BOR_ON                           00003FFF
_BOR_SBODEN                       00003DFF
_CONFIG1                          00002007
_CONFIG2                          00002008
_CPD_OFF                          00003FFF
_CPD_ON                           00003F7F
_CP_OFF                           00003FFF
_CP_ON                            00003FBF
_DEBUG_OFF                        00003FFF
_DEBUG_ON                         00001FFF
_DEVID1                           00002006
_EC_OSC                           00003FFB
_EXTRC                            00003FFF
_EXTRCIO                          00003FFE
_EXTRC_OSC_CLKOUT                 00003FFF
_EXTRC_OSC_NOCLKOUT               00003FFE
_FCMEN_OFF                        000037FF
_FCMEN_ON                         00003FFF
_HS_OSC                           00003FFA
_IDLOC0                           00002000
_IDLOC1                           00002001
_IDLOC2                           00002002
_IDLOC3                           00002003
_IESO_OFF                         00003BFF
_IESO_ON                          00003FFF
_INTOSC                           00003FFD
_INTOSCIO                         00003FFC
_INTRC_OSC_CLKOUT                 00003FFD
_INTRC_OSC_NOCLKOUT               00003FFC
_LP_OSC                           00003FF8
_LVP_OFF                          00002FFF
_LVP_ON                           00003FFF
MPASM  5.39                    16F883TEMP.ASM   3-13-2011  20:55:14         PAGE 14


SYMBOL TABLE
  LABEL                             VALUE 

_MCLRE_OFF                        00003FDF
_MCLRE_ON                         00003FFF
_PWRTE_OFF                        00003FFF
_PWRTE_ON                         00003FEF
_WDT_OFF                          00003FF7
_WDT_ON                           00003FFF
_WRT_1FOURTH                      00003BFF
_WRT_256                          00003DFF
_WRT_HALF                         000039FF
_WRT_OFF                          00003FFF
_XT_OSC                           00003FF9
__16F883                          00000001
__DEBUG                           1
caracter                          00000026
enviaRS232                        0000003A
main                              00000044
msgCR                             00000040
pclath_temp                       0000007F
status_temp                       0000007E
teclaErrada                       0000002A
teclacorrecta                     00000023
w_temp                            0000007D


MEMORY USAGE MAP ('X' = Used,  '-' = Unused)

0000 : XX--XXXXXXXXXXXX XXXXXXXXXXXXXXXX XXXXXXXXXXXXXXXX XXXXXXXXXXXXXXXX
0040 : XXXXXXXXXXXXXXXX XXXXXXXXXXXXXXXX XXXXXXXXXXXXXXXX XXXXXXXXXXXXX---
2000 : -------XX------- ---------------- ---------------- ----------------

All other memory blocks unused.

Program Memory Words Used:   123
Program Memory Words Free:  3973


Errors   :     0
Warnings :     1 reported,     0 suppressed
Messages :    12 reported,     0 suppressed

