MPASM  5.39                    16F883TMPO.ASM   3-3-2011  11:57:39         PAGE  1


LOC  OBJECT CODE     LINE SOURCE TEXT
  VALUE

                      00001 ;**********************************************************************
                      00002 ;   This file is a basic code template for object module code         *
                      00003 ;   generation on the PIC16F883. This file contains the               *
                      00004 ;   basic code building blocks to build upon.                         *
                      00005 ;                                                                     *
                      00006 ;   Refer to the MPASM User's Guide for additional information on     *
                      00007 ;   features of the assembler and linker (Document DS33014).          *
                      00008 ;                                                                     *
                      00009 ;   Refer to the respective PIC data sheet for additional             *
                      00010 ;   information on the instruction set.                               *
                      00011 ;                                                                     *
                      00012 ;**********************************************************************
                      00013 ;                                                                     *
                      00014 ;    Filename:     interrupciones.asm                                           *
                      00015 ;    Date:         3 de Marzo de 2011                                                   *
                      00016 ;    File Version: 1.0                                                   *
                      00017 ;                                                                     *
                      00018 ;    Author:       Carlos Trujillo                                                         *
                      00019 ;    Company:      Familia                                                   *
                      00020 ;                                                                     *
                      00021 ;                                                                     *
                      00022 ;**********************************************************************
                      00023 ;                                                                     *
                      00024 ;    Files required: P16F883.INC                                      *
                      00025 ;                                                                     *
                      00026 ;                                                                     *
                      00027 ;                                                                     *
                      00028 ;**********************************************************************
                      00029 ;                                                                     *
                      00030 ;    Notes:    Este programa permite por medio de las interrupciones  *
                      00031 ;              del puerto B y del Timer0 controlar el funcionamiento  *
                      00032 ;               del PIC.                                              *
                      00033 ;                                                                     *
                      00034 ;                                                                     *
                      00035 ;**********************************************************************
                      00036 
                      00037     list        p=16f883    ; list directive to define processor
                      00038     #include    <p16f883.inc>   ; processor specific variable definitions
                      00001         LIST
                      00002 
                      00003 ;==========================================================================
                      00004 ;  MPASM PIC16F883 processor include
                      00005 ; 
                      00006 ;  (c) Copyright 1999-2010 Microchip Technology, All rights reserved
                      00007 ;==========================================================================
                      00008 
                      00760         LIST
                      00039 
                      00040 ; '__CONFIG' directive is used to embed configuration data within .asm file.
                      00041 ; The labels following the directive are located in the respective .inc file.
                      00042 ; See respective data sheet for additional information on configuration word.
                      00043 
2007   28E2           00044     __CONFIG    _CONFIG1, _LVP_OFF & _FCMEN_ON & _IESO_OFF & _BOR_OFF & _CPD_OFF & _CP_OFF & _MCLRE_ON &
MPASM  5.39                    16F883TMPO.ASM   3-3-2011  11:57:39         PAGE  2


LOC  OBJECT CODE     LINE SOURCE TEXT
  VALUE

                             _PWRTE_ON & _WDT_OFF & _HS_OSC
2008   3EFF           00045     __CONFIG    _CONFIG2, _WRT_OFF & _BOR21V
                      00046 
                      00047 ;***** VARIABLE DEFINITIONS (examples)
  00000081            00048 OPTREG          EQU     0x81    ; Dirrección del OPTION_REG
  00000024            00049 CONTADOR        EQU             0X24    ; Asignacion de nombre resultado al resgistro 0x24
                      00050 
                      00051 ; example of using Shared Uninitialized Data Section
                      00052 INT_VAR     UDATA_SHR   
0000                  00053 w_temp      RES     1       ; variable used for context saving
0001                  00054 status_temp RES     1       ; variable used for context saving
0002                  00055 pclath_temp RES     1       ; variable used for context saving
                      00056 
                      00057 ; example of using Uninitialized Data Section
                      00058 TEMP_VAR    UDATA           ; explicit address specified is not required
0000                  00059 temp_count  RES     1       ; temporary variable (example)
                      00060 
                      00061 ;**********************************************************************
                      00062 RESET_VECTOR    CODE    0x0000  ; processor reset vector
0000   0000           00063     nop
0001   2???           00064     goto    start               ; go to beginning of program
                      00065 
                      00066 INT_VECTOR      CODE    0x0004  ; interrupt vector location
                      00067 
0004                  00068 INTERRUPT
                      00069 
0004   00??           00070     movwf   w_temp          ; save off current W register contents
0005   0803           00071     movf    STATUS,w        ; move status register into W register
0006   00??           00072     movwf   status_temp     ; save off contents of STATUS register
0007   080A           00073     movf    PCLATH,w        ; move pclath register into w register
0008   00??           00074     movwf   pclath_temp     ; save off contents of PCLATH register
                      00075 
0009   190B           00076         BTFSC INTCON,T0IF
000A   2???           00077         GOTO MANEJO_INTERRUPCION_TIMER0
000B   188B           00078         BTFSC INTCON,INTF
000C   2???           00079         GOTO MANEJO_INTERRUPCION_RBO
000D   180B           00080         BTFSC INTCON,RBIF
000E   2???           00081         GOTO MANEJO_INTERRUPCION_CHANGE
000F   2???           00082         GOTO SALIDA_RBCHANGE ; Salir guardando el contexto
                      00083         
0010                  00084 MANEJO_INTERRUPCION_TIMER0
0010   0BA4           00085         DECFSZ CONTADOR,1
0011   2???           00086         GOTO SALIDA_TIMER0
0012                  00087 ESTADO
0012   1985           00088         BTFSC PORTA,3
0013   2???           00089         GOTO APAGAR
0014   2???           00090         GOTO PRENDER
                      00091 
0015                  00092 APAGAR
0015   1185           00093         BCF PORTA,3
0016   2???           00094         GOTO NEWCONTEO
                      00095 
0017                  00096 PRENDER
MPASM  5.39                    16F883TMPO.ASM   3-3-2011  11:57:39         PAGE  3


LOC  OBJECT CODE     LINE SOURCE TEXT
  VALUE

0017   1585           00097         BSF PORTA,3
0018   2???           00098         GOTO NEWCONTEO
                      00099 
0019                  00100 NEWCONTEO
0019   1283 1303      00101         BANKSEL PORTB ;Me voy para el banco del puerto b
001B   3098           00102         MOVLW d'152'
001C   00A4           00103         MOVWF CONTADOR
001D   2???           00104         GOTO SALIDA_TIMER0
                      00105 
001E                  00106 SALIDA_TIMER0
001E   110B           00107         BCF INTCON,2 ;Borra la bandera para que hayan mas interrupciones
001F   2???           00108         GOTO SALIDA_RBCHANGE ; Salir guardando el contexto
                      00109 
0020                  00110 MANEJO_INTERRUPCION_RBO
0020   1905           00111         BTFSC PORTA,2
0021   2???           00112         GOTO APAGAR2
0022   2???           00113         GOTO PRENDER2
                      00114 
0023                  00115 APAGAR2
0023   1105           00116         BCF PORTA,2
0024   2???           00117         GOTO SALIDA_RB0
                      00118 
0025                  00119 PRENDER2
0025   1505           00120         BSF PORTA,2
0026   2???           00121         GOTO SALIDA_RB0
                      00122 
0027                  00123 SALIDA_RB0
0027   108B           00124         BCF INTCON,1 ;Borra la bandera para que hayan mas interrupciones
0028   2???           00125         GOTO SALIDA_RBCHANGE ; Salir guardando el contexto
                      00126 
0029                  00127 MANEJO_INTERRUPCION_CHANGE
0029   1A06           00128         BTFSC PORTB,4
002A   2???           00129         GOTO PIN4
002B   1A86           00130         BTFSC PORTB,5
002C   2???           00131         GOTO PIN5
002D   1B06           00132         BTFSC PORTB,6
002E   2???           00133         GOTO PIN6
002F   1B86           00134         BTFSC PORTB,7
0030   2???           00135         GOTO PIN7
0031   2???           00136         GOTO SALIDA_RBCHANGE; vA DIRECTAMENTE ALA SALIDA , YA QUE NO HAY NADIE UNDIDO
                      00137 
0032                  00138 PIN4
0032   3055           00139         MOVLW B'01010101'
0033   0087           00140         MOVWF PORTC
0034   2???           00141         GOTO SALIDA_RBCHANGE
0035                  00142 PIN5
0035   300F           00143         MOVLW B'00001111'
0036   0087           00144         MOVWF PORTC
0037   2???           00145         GOTO SALIDA_RBCHANGE
0038                  00146 PIN6
0038   30CC           00147         MOVLW B'11001100'
0039   0087           00148         MOVWF PORTC
003A   2???           00149         GOTO SALIDA_RBCHANGE
MPASM  5.39                    16F883TMPO.ASM   3-3-2011  11:57:39         PAGE  4


LOC  OBJECT CODE     LINE SOURCE TEXT
  VALUE

003B                  00150 PIN7
003B   30C3           00151         MOVLW B'11000011'
003C   0087           00152         MOVWF PORTC
003D   2???           00153         GOTO SALIDA_RBCHANGE
                      00154 
003E                  00155 SALIDA_RBCHANGE
003E   100B           00156         BCF INTCON,0 ;Borra la bandera para que hayan mas interrupciones
003F   08??           00157     movf    pclath_temp,w   ; retrieve copy of PCLATH register
0040   008A           00158     movwf   PCLATH          ; restore pre-isr PCLATH register contents
0041   08??           00159     movf    status_temp,w   ; retrieve copy of STATUS register
0042   0083           00160     movwf   STATUS          ; restore pre-isr STATUS register contents
0043   0E??           00161     swapf   w_temp,f
0044   0E??           00162     swapf   w_temp,w        ; restore pre-isr W register contents
0045   0009           00163         RETFIE          ; No se hace nada, solo se retorna y se activan las interrupciones globales     
                      00164 ; -- Fin del manejo de las interrupciones 
                      00165 
                      00166 MAIN_PROG       CODE
                      00167 
0000                  00168 start
                      00169 
                      00170         ;Configuración de los puertos
0000   1683 1703      00171         BANKSEL ANSELH
0002   3000           00172         MOVLW B'00000000'; Todos los pines son salidas
Message[302]: Register in operand not in bank 0.  Ensure that bank bits are correct.
0003   0089           00173         MOVWF ANSELH
0004   1683 1703      00174         BANKSEL ANSEL
0006   3000           00175         MOVLW B'00000000'; Todos los pines son salidas
Message[302]: Register in operand not in bank 0.  Ensure that bank bits are correct.
0007   0088           00176         MOVWF ANSEL
0008   1683 1303      00177         BANKSEL TRISB ; Me voy para el banco del trisb y del optioenReg
000A   30F1           00178         MOVLW B'11110001'; Todos los pines son salidas
Message[302]: Register in operand not in bank 0.  Ensure that bank bits are correct.
000B   0086           00179         MOVWF TRISB ;Lo meto en este registro
000C   3000           00180         MOVLW B'00000000'; Todos los pines son salidas
Message[302]: Register in operand not in bank 0.  Ensure that bank bits are correct.
000D   0087           00181         MOVWF TRISC
000E   3000           00182         MOVLW B'00000000'; Todos los pines son salidas
Message[302]: Register in operand not in bank 0.  Ensure that bank bits are correct.
000F   0085           00183         MOVWF TRISA
0010   30F0           00184         MOVLW B'11110000'; Todos los pines son salidas
Message[302]: Register in operand not in bank 0.  Ensure that bank bits are correct.
0011   0096           00185         MOVWF IOCB
0012   3047           00186         MOVLW  B'01000111' ;TIMER0 PRESCALER 1:256
Message[302]: Register in operand not in bank 0.  Ensure that bank bits are correct.
0013   0081           00187         MOVWF  OPTREG
0014   1283 1303      00188         BANKSEL PORTB ;Me voy para el banco del puerto b
0016   3000           00189         MOVLW B'00000000'; Todos los pines son salidas
0017   0087           00190         MOVWF PORTC
0018   3098           00191         MOVLW d'152'
0019   00A4           00192         MOVWF CONTADOR
                      00193         ;Configuración de las interrupciones
001A   30F8           00194         MOVLW B'11111000';Habilitar todas las interrupciones
001B   008B           00195         MOVWF INTCON
MPASM  5.39                    16F883TMPO.ASM   3-3-2011  11:57:39         PAGE  5


LOC  OBJECT CODE     LINE SOURCE TEXT
  VALUE

001C   0181           00196         CLRF TMR0
                      00197         ;A la espera del desborde
001D   2???           00198         GOTO $
                      00199 
                      00200 
28E2 3EFF             00201     END                     ; directive 'end of program'
MPASM  5.39                    16F883TMPO.ASM   3-3-2011  11:57:39         PAGE  6


SYMBOL TABLE
  LABEL                             VALUE 

ABDEN                             00000000
ABDOVF                            00000007
ACKDT                             00000005
ACKEN                             00000004
ACKSTAT                           00000006
ADCON0                            0000001F
ADCON1                            0000009F
ADCS0                             00000006
ADCS1                             00000007
ADDEN                             00000003
ADFM                              00000007
ADIE                              00000006
ADIF                              00000006
ADON                              00000000
ADRESH                            0000001E
ADRESL                            0000009E
ANS0                              00000000
ANS1                              00000001
ANS10                             00000002
ANS11                             00000003
ANS12                             00000004
ANS13                             00000005
ANS2                              00000002
ANS3                              00000003
ANS4                              00000004
ANS8                              00000000
ANS9                              00000001
ANSEL                             00000188
ANSELH                            00000189
APAGAR                            00000015
APAGAR2                           00000023
BAUDCTL                           00000187
BCLIE                             00000003
BCLIF                             00000003
BF                                00000000
BRG0                              00000000
BRG1                              00000001
BRG10                             00000002
BRG11                             00000003
BRG12                             00000004
BRG13                             00000005
BRG14                             00000006
BRG15                             00000007
BRG16                             00000003
BRG2                              00000002
BRG3                              00000003
BRG4                              00000004
BRG5                              00000005
BRG6                              00000006
BRG7                              00000007
BRG8                              00000000
BRG9                              00000001
BRGH                              00000002
MPASM  5.39                    16F883TMPO.ASM   3-3-2011  11:57:39         PAGE  7


SYMBOL TABLE
  LABEL                             VALUE 

C                                 00000000
C1CH0                             00000000
C1CH1                             00000001
C1IE                              00000005
C1IF                              00000005
C1OE                              00000005
C1ON                              00000007
C1OUT                             00000006
C1POL                             00000004
C1R                               00000002
C1RSEL                            00000005
C1SEN                             00000005
C2CH0                             00000000
C2CH1                             00000001
C2IE                              00000006
C2IF                              00000006
C2OE                              00000005
C2ON                              00000007
C2OUT                             00000006
C2POL                             00000004
C2R                               00000002
C2REN                             00000004
C2RSEL                            00000004
C2SYNC                            00000000
CCP1CON                           00000017
CCP1IE                            00000002
CCP1IF                            00000002
CCP1M0                            00000000
CCP1M1                            00000001
CCP1M2                            00000002
CCP1M3                            00000003
CCP1X                             00000005
CCP1Y                             00000004
CCP2CON                           0000001D
CCP2IE                            00000000
CCP2IF                            00000000
CCP2M0                            00000000
CCP2M1                            00000001
CCP2M2                            00000002
CCP2M3                            00000003
CCP2X                             00000005
CCP2Y                             00000004
CCPR1H                            00000016
CCPR1L                            00000015
CCPR2H                            0000001C
CCPR2L                            0000001B
CHS0                              00000002
CHS1                              00000003
CHS2                              00000004
CHS3                              00000005
CKE                               00000006
CKP                               00000004
CM1CON0                           00000107
MPASM  5.39                    16F883TMPO.ASM   3-3-2011  11:57:39         PAGE  8


SYMBOL TABLE
  LABEL                             VALUE 

CM2CON0                           00000108
CM2CON1                           00000109
CONTADOR                          00000024
CREN                              00000004
CSRC                              00000007
D                                 00000005
DATA_ADDRESS                      00000005
DC                                00000001
DC1B0                             00000004
DC1B1                             00000005
DC2B0                             00000004
DC2B1                             00000005
D_A                               00000005
D_NOT_A                           00000005
ECCPAS                            0000009C
ECCPAS0                           00000004
ECCPAS1                           00000005
ECCPAS2                           00000006
ECCPASE                           00000007
EEADR                             0000010D
EEADRH                            0000010F
EECON1                            0000018C
EECON2                            0000018D
EEDAT                             0000010C
EEDATA                            0000010C
EEDATH                            0000010E
EEIE                              00000004
EEIF                              00000004
EEPGD                             00000007
ESTADO                            00000012
F                                 00000001
FERR                              00000002
FSR                               00000004
FVREN                             00000000
GCEN                              00000007
GIE                               00000007
GO                                00000001
GO_DONE                           00000001
GO_NOT_DONE                       00000001
HTS                               00000002
I2C_DATA                          00000005
I2C_READ                          00000002
I2C_START                         00000003
I2C_STOP                          00000004
INDF                              00000000
INTCON                            0000000B
INTE                              00000004
INTEDG                            00000006
INTERRUPT                         00000004
INTF                              00000001
IOCB                              00000096
IOCB0                             00000000
IOCB1                             00000001
MPASM  5.39                    16F883TMPO.ASM   3-3-2011  11:57:39         PAGE  9


SYMBOL TABLE
  LABEL                             VALUE 

IOCB2                             00000002
IOCB3                             00000003
IOCB4                             00000004
IOCB5                             00000005
IOCB6                             00000006
IOCB7                             00000007
IRCF0                             00000004
IRCF1                             00000005
IRCF2                             00000006
IRP                               00000007
LTS                               00000001
MANEJO_INTERRUPCION_CHANGE        00000029
MANEJO_INTERRUPCION_RBO           00000020
MANEJO_INTERRUPCION_TIMER0        00000010
MC1OUT                            00000007
MC2OUT                            00000006
MSK                               00000093
MSK0                              00000000
MSK1                              00000001
MSK2                              00000002
MSK3                              00000003
MSK4                              00000004
MSK5                              00000005
MSK6                              00000006
MSK7                              00000007
NEWCONTEO                         00000019
NOT_A                             00000005
NOT_ADDRESS                       00000005
NOT_BO                            00000000
NOT_BOR                           00000000
NOT_DONE                          00000001
NOT_PD                            00000003
NOT_POR                           00000001
NOT_RBPU                          00000007
NOT_RC8                           00000006
NOT_T1SYNC                        00000002
NOT_TO                            00000004
NOT_TX8                           00000006
NOT_W                             00000002
NOT_WRITE                         00000002
OERR                              00000001
OPTION_REG                        00000081
OPTREG                            00000081
OSCCON                            0000008F
OSCTUNE                           00000090
OSFIE                             00000007
OSFIF                             00000007
OSTS                              00000003
P                                 00000004
P1M0                              00000006
P1M1                              00000007
PCL                               00000002
PCLATH                            0000000A
MPASM  5.39                    16F883TMPO.ASM   3-3-2011  11:57:39         PAGE 10


SYMBOL TABLE
  LABEL                             VALUE 

PCON                              0000008E
PDC0                              00000000
PDC1                              00000001
PDC2                              00000002
PDC3                              00000003
PDC4                              00000004
PDC5                              00000005
PDC6                              00000006
PEIE                              00000006
PEN                               00000002
PIE1                              0000008C
PIE2                              0000008D
PIN4                              00000032
PIN5                              00000035
PIN6                              00000038
PIN7                              0000003B
PIR1                              0000000C
PIR2                              0000000D
PORTA                             00000005
PORTB                             00000006
PORTC                             00000007
PORTE                             00000009
PR2                               00000092
PRENDER                           00000017
PRENDER2                          00000025
PRSEN                             00000007
PS0                               00000000
PS1                               00000001
PS2                               00000002
PSA                               00000003
PSSAC0                            00000002
PSSAC1                            00000003
PSSBD0                            00000000
PSSBD1                            00000001
PSTRCON                           0000009D
PULSR                             00000002
PULSS                             00000003
PWM1CON                           0000009B
R                                 00000002
RA0                               00000000
RA1                               00000001
RA2                               00000002
RA3                               00000003
RA4                               00000004
RA5                               00000005
RA6                               00000006
RA7                               00000007
RB0                               00000000
RB1                               00000001
RB2                               00000002
RB3                               00000003
RB4                               00000004
RB5                               00000005
MPASM  5.39                    16F883TMPO.ASM   3-3-2011  11:57:39         PAGE 11


SYMBOL TABLE
  LABEL                             VALUE 

RB6                               00000006
RB7                               00000007
RBIE                              00000003
RBIF                              00000000
RC0                               00000000
RC1                               00000001
RC2                               00000002
RC3                               00000003
RC4                               00000004
RC5                               00000005
RC6                               00000006
RC7                               00000007
RC8_9                             00000006
RC9                               00000006
RCD8                              00000000
RCEN                              00000003
RCIDL                             00000006
RCIE                              00000005
RCIF                              00000005
RCREG                             0000001A
RCSTA                             00000018
RD                                00000000
RE3                               00000003
READ_WRITE                        00000002
RP0                               00000005
RP1                               00000006
RSEN                              00000001
RX9                               00000006
RX9D                              00000000
R_NOT_W                           00000002
R_W                               00000002
S                                 00000003
SALIDA_RB0                        00000027
SALIDA_RBCHANGE                   0000003E
SALIDA_TIMER0                     0000001E
SBOREN                            00000004
SCKP                              00000004
SCS                               00000000
SEN                               00000000
SENDB                             00000003
SMP                               00000007
SPBRG                             00000099
SPBRGH                            0000009A
SPEN                              00000007
SR0                               00000006
SR1                               00000007
SRCON                             00000185
SREN                              00000005
SSPADD                            00000093
SSPBUF                            00000013
SSPCON                            00000014
SSPCON2                           00000091
SSPEN                             00000005
MPASM  5.39                    16F883TMPO.ASM   3-3-2011  11:57:39         PAGE 12


SYMBOL TABLE
  LABEL                             VALUE 

SSPIE                             00000003
SSPIF                             00000003
SSPM0                             00000000
SSPM1                             00000001
SSPM2                             00000002
SSPM3                             00000003
SSPMSK                            00000093
SSPOV                             00000006
SSPSTAT                           00000094
STATUS                            00000003
STRA                              00000000
STRB                              00000001
STRC                              00000002
STRD                              00000003
STRSYNC                           00000004
SWDTEN                            00000000
SYNC                              00000004
T0CS                              00000005
T0IE                              00000005
T0IF                              00000002
T0SE                              00000004
T1CKPS0                           00000004
T1CKPS1                           00000005
T1CON                             00000010
T1GINV                            00000007
T1GIV                             00000007
T1GSS                             00000001
T1INSYNC                          00000002
T1OSCEN                           00000003
T1SYNC                            00000002
T2CKPS0                           00000000
T2CKPS1                           00000001
T2CON                             00000012
TMR0                              00000001
TMR0IE                            00000005
TMR0IF                            00000002
TMR1CS                            00000001
TMR1GE                            00000006
TMR1H                             0000000F
TMR1IE                            00000000
TMR1IF                            00000000
TMR1L                             0000000E
TMR1ON                            00000000
TMR2                              00000011
TMR2IE                            00000001
TMR2IF                            00000001
TMR2ON                            00000002
TOUTPS0                           00000003
TOUTPS1                           00000004
TOUTPS2                           00000005
TOUTPS3                           00000006
TRISA                             00000085
TRISA0                            00000000
MPASM  5.39                    16F883TMPO.ASM   3-3-2011  11:57:39         PAGE 13


SYMBOL TABLE
  LABEL                             VALUE 

TRISA1                            00000001
TRISA2                            00000002
TRISA3                            00000003
TRISA4                            00000004
TRISA5                            00000005
TRISA6                            00000006
TRISA7                            00000007
TRISB                             00000086
TRISB0                            00000000
TRISB1                            00000001
TRISB2                            00000002
TRISB3                            00000003
TRISB4                            00000004
TRISB5                            00000005
TRISB6                            00000006
TRISB7                            00000007
TRISC                             00000087
TRISC0                            00000000
TRISC1                            00000001
TRISC2                            00000002
TRISC3                            00000003
TRISC4                            00000004
TRISC5                            00000005
TRISC6                            00000006
TRISC7                            00000007
TRISE                             00000089
TRISE3                            00000003
TRMT                              00000001
TUN0                              00000000
TUN1                              00000001
TUN2                              00000002
TUN3                              00000003
TUN4                              00000004
TX8_9                             00000006
TX9                               00000006
TX9D                              00000000
TXD8                              00000000
TXEN                              00000005
TXIE                              00000004
TXIF                              00000004
TXREG                             00000019
TXSTA                             00000098
UA                                00000001
ULPWUE                            00000005
ULPWUIE                           00000002
ULPWUIF                           00000002
VCFG0                             00000004
VCFG1                             00000005
VR0                               00000000
VR1                               00000001
VR2                               00000002
VR3                               00000003
VRCON                             00000097
MPASM  5.39                    16F883TMPO.ASM   3-3-2011  11:57:39         PAGE 14


SYMBOL TABLE
  LABEL                             VALUE 

VREN                              00000007
VROE                              00000006
VRR                               00000005
VRSS                              00000004
W                                 00000000
WCOL                              00000007
WDTCON                            00000105
WDTPS0                            00000001
WDTPS1                            00000002
WDTPS2                            00000003
WDTPS3                            00000004
WPUB                              00000095
WPUB0                             00000000
WPUB1                             00000001
WPUB2                             00000002
WPUB3                             00000003
WPUB4                             00000004
WPUB5                             00000005
WPUB6                             00000006
WPUB7                             00000007
WR                                00000001
WREN                              00000002
WRERR                             00000003
WUE                               00000001
Z                                 00000002
_BOR21V                           00003EFF
_BOR40V                           00003FFF
_BOR_NSLEEP                       00003EFF
_BOR_OFF                          00003CFF
_BOR_ON                           00003FFF
_BOR_SBODEN                       00003DFF
_CONFIG1                          00002007
_CONFIG2                          00002008
_CPD_OFF                          00003FFF
_CPD_ON                           00003F7F
_CP_OFF                           00003FFF
_CP_ON                            00003FBF
_DEBUG_OFF                        00003FFF
_DEBUG_ON                         00001FFF
_DEVID1                           00002006
_EC_OSC                           00003FFB
_EXTRC                            00003FFF
_EXTRCIO                          00003FFE
_EXTRC_OSC_CLKOUT                 00003FFF
_EXTRC_OSC_NOCLKOUT               00003FFE
_FCMEN_OFF                        000037FF
_FCMEN_ON                         00003FFF
_HS_OSC                           00003FFA
_IDLOC0                           00002000
_IDLOC1                           00002001
_IDLOC2                           00002002
_IDLOC3                           00002003
_IESO_OFF                         00003BFF
MPASM  5.39                    16F883TMPO.ASM   3-3-2011  11:57:39         PAGE 15


SYMBOL TABLE
  LABEL                             VALUE 

_IESO_ON                          00003FFF
_INTOSC                           00003FFD
_INTOSCIO                         00003FFC
_INTRC_OSC_CLKOUT                 00003FFD
_INTRC_OSC_NOCLKOUT               00003FFC
_LP_OSC                           00003FF8
_LVP_OFF                          00002FFF
_LVP_ON                           00003FFF
_MAIN_PROG_001D                   0000001D
_MCLRE_OFF                        00003FDF
_MCLRE_ON                         00003FFF
_PWRTE_OFF                        00003FFF
_PWRTE_ON                         00003FEF
_WDT_OFF                          00003FF7
_WDT_ON                           00003FFF
_WRT_1FOURTH                      00003BFF
_WRT_256                          00003DFF
_WRT_HALF                         000039FF
_WRT_OFF                          00003FFF
_XT_OSC                           00003FF9
__16F883                          00000001
__DEBUG                           1
pclath_temp                       00000002
start                             00000000
status_temp                       00000001
temp_count                        00000000
w_temp                            00000000

Errors   :     0
Warnings :     0 reported,     0 suppressed
Messages :     7 reported,     0 suppressed

