MPLINK 4.38, Linker
Linker Map File - Created Thu Mar 03 11:57:42 2011

                                 Section Info
                  Section       Type    Address   Location Size(Bytes)
                ---------  ---------  ---------  ---------  ---------
             RESET_VECTOR       code   0x000000    program   0x000004
                   .cinit    romdata   0x000002    program   0x000004
               INT_VECTOR       code   0x000004    program   0x000084
                MAIN_PROG       code   0x000046    program   0x00003c
.config_2007_16F883TMPO.O       code   0x002007    program   0x000002
.config_2008_16F883TMPO.O       code   0x002008    program   0x000002
                 TEMP_VAR      udata   0x000020       data   0x000001
                  INT_VAR      udata   0x000070       data   0x000003



                              Program Memory Usage 
                               Start         End      
                           ---------   ---------      
                            0x000000    0x000063      
                            0x002007    0x002008      
            102 out of 4359 program addresses used, program memory utilization is 2%



                              Symbols - Sorted by Name
                     Name    Address   Location    Storage File                     
                ---------  ---------  ---------  --------- ---------                
                   APAGAR   0x000015    program     static E:\Electrónica\Taller V IF 2011-01\Prácticas\Códigos y Simulaciones\Práctica V\Código\16F883TMPO.ASM
                  APAGAR2   0x000023    program     static E:\Electrónica\Taller V IF 2011-01\Prácticas\Códigos y Simulaciones\Práctica V\Código\16F883TMPO.ASM
                   ESTADO   0x000012    program     static E:\Electrónica\Taller V IF 2011-01\Prácticas\Códigos y Simulaciones\Práctica V\Código\16F883TMPO.ASM
                INTERRUPT   0x000004    program     static E:\Electrónica\Taller V IF 2011-01\Prácticas\Códigos y Simulaciones\Práctica V\Código\16F883TMPO.ASM
MANEJO_INTERRUPCION_CHANGE   0x000029    program     static E:\Electrónica\Taller V IF 2011-01\Prácticas\Códigos y Simulaciones\Práctica V\Código\16F883TMPO.ASM
  MANEJO_INTERRUPCION_RBO   0x000020    program     static E:\Electrónica\Taller V IF 2011-01\Prácticas\Códigos y Simulaciones\Práctica V\Código\16F883TMPO.ASM
MANEJO_INTERRUPCION_TIMER0   0x000010    program     static E:\Electrónica\Taller V IF 2011-01\Prácticas\Códigos y Simulaciones\Práctica V\Código\16F883TMPO.ASM
                NEWCONTEO   0x000019    program     static E:\Electrónica\Taller V IF 2011-01\Prácticas\Códigos y Simulaciones\Práctica V\Código\16F883TMPO.ASM
                     PIN4   0x000032    program     static E:\Electrónica\Taller V IF 2011-01\Prácticas\Códigos y Simulaciones\Práctica V\Código\16F883TMPO.ASM
                     PIN5   0x000035    program     static E:\Electrónica\Taller V IF 2011-01\Prácticas\Códigos y Simulaciones\Práctica V\Código\16F883TMPO.ASM
                     PIN6   0x000038    program     static E:\Electrónica\Taller V IF 2011-01\Prácticas\Códigos y Simulaciones\Práctica V\Código\16F883TMPO.ASM
                     PIN7   0x00003b    program     static E:\Electrónica\Taller V IF 2011-01\Prácticas\Códigos y Simulaciones\Práctica V\Código\16F883TMPO.ASM
                  PRENDER   0x000017    program     static E:\Electrónica\Taller V IF 2011-01\Prácticas\Códigos y Simulaciones\Práctica V\Código\16F883TMPO.ASM
                 PRENDER2   0x000025    program     static E:\Electrónica\Taller V IF 2011-01\Prácticas\Códigos y Simulaciones\Práctica V\Código\16F883TMPO.ASM
               SALIDA_RB0   0x000027    program     static E:\Electrónica\Taller V IF 2011-01\Prácticas\Códigos y Simulaciones\Práctica V\Código\16F883TMPO.ASM
          SALIDA_RBCHANGE   0x00003e    program     static E:\Electrónica\Taller V IF 2011-01\Prácticas\Códigos y Simulaciones\Práctica V\Código\16F883TMPO.ASM
            SALIDA_TIMER0   0x00001e    program     static E:\Electrónica\Taller V IF 2011-01\Prácticas\Códigos y Simulaciones\Práctica V\Código\16F883TMPO.ASM
          _MAIN_PROG_001D   0x000063    program     static E:\Electrónica\Taller V IF 2011-01\Prácticas\Códigos y Simulaciones\Práctica V\Código\16F883TMPO.ASM
                    start   0x000046    program     static E:\Electrónica\Taller V IF 2011-01\Prácticas\Códigos y Simulaciones\Práctica V\Código\16F883TMPO.ASM
              pclath_temp   0x000072       data     static E:\Electrónica\Taller V IF 2011-01\Prácticas\Códigos y Simulaciones\Práctica V\Código\16F883TMPO.ASM
              status_temp   0x000071       data     static E:\Electrónica\Taller V IF 2011-01\Prácticas\Códigos y Simulaciones\Práctica V\Código\16F883TMPO.ASM
               temp_count   0x000020       data     static E:\Electrónica\Taller V IF 2011-01\Prácticas\Códigos y Simulaciones\Práctica V\Código\16F883TMPO.ASM
                   w_temp   0x000070       data     static E:\Electrónica\Taller V IF 2011-01\Prácticas\Códigos y Simulaciones\Práctica V\Código\16F883TMPO.ASM



                              Symbols - Sorted by Address
                     Name    Address   Location    Storage File                     
                ---------  ---------  ---------  --------- ---------                
                INTERRUPT   0x000004    program     static E:\Electrónica\Taller V IF 2011-01\Prácticas\Códigos y Simulaciones\Práctica V\Código\16F883TMPO.ASM
MANEJO_INTERRUPCION_TIMER0   0x000010    program     static E:\Electrónica\Taller V IF 2011-01\Prácticas\Códigos y Simulaciones\Práctica V\Código\16F883TMPO.ASM
                   ESTADO   0x000012    program     static E:\Electrónica\Taller V IF 2011-01\Prácticas\Códigos y Simulaciones\Práctica V\Código\16F883TMPO.ASM
                   APAGAR   0x000015    program     static E:\Electrónica\Taller V IF 2011-01\Prácticas\Códigos y Simulaciones\Práctica V\Código\16F883TMPO.ASM
                  PRENDER   0x000017    program     static E:\Electrónica\Taller V IF 2011-01\Prácticas\Códigos y Simulaciones\Práctica V\Código\16F883TMPO.ASM
                NEWCONTEO   0x000019    program     static E:\Electrónica\Taller V IF 2011-01\Prácticas\Códigos y Simulaciones\Práctica V\Código\16F883TMPO.ASM
            SALIDA_TIMER0   0x00001e    program     static E:\Electrónica\Taller V IF 2011-01\Prácticas\Códigos y Simulaciones\Práctica V\Código\16F883TMPO.ASM
  MANEJO_INTERRUPCION_RBO   0x000020    program     static E:\Electrónica\Taller V IF 2011-01\Prácticas\Códigos y Simulaciones\Práctica V\Código\16F883TMPO.ASM
                  APAGAR2   0x000023    program     static E:\Electrónica\Taller V IF 2011-01\Prácticas\Códigos y Simulaciones\Práctica V\Código\16F883TMPO.ASM
                 PRENDER2   0x000025    program     static E:\Electrónica\Taller V IF 2011-01\Prácticas\Códigos y Simulaciones\Práctica V\Código\16F883TMPO.ASM
               SALIDA_RB0   0x000027    program     static E:\Electrónica\Taller V IF 2011-01\Prácticas\Códigos y Simulaciones\Práctica V\Código\16F883TMPO.ASM
MANEJO_INTERRUPCION_CHANGE   0x000029    program     static E:\Electrónica\Taller V IF 2011-01\Prácticas\Códigos y Simulaciones\Práctica V\Código\16F883TMPO.ASM
                     PIN4   0x000032    program     static E:\Electrónica\Taller V IF 2011-01\Prácticas\Códigos y Simulaciones\Práctica V\Código\16F883TMPO.ASM
                     PIN5   0x000035    program     static E:\Electrónica\Taller V IF 2011-01\Prácticas\Códigos y Simulaciones\Práctica V\Código\16F883TMPO.ASM
                     PIN6   0x000038    program     static E:\Electrónica\Taller V IF 2011-01\Prácticas\Códigos y Simulaciones\Práctica V\Código\16F883TMPO.ASM
                     PIN7   0x00003b    program     static E:\Electrónica\Taller V IF 2011-01\Prácticas\Códigos y Simulaciones\Práctica V\Código\16F883TMPO.ASM
          SALIDA_RBCHANGE   0x00003e    program     static E:\Electrónica\Taller V IF 2011-01\Prácticas\Códigos y Simulaciones\Práctica V\Código\16F883TMPO.ASM
                    start   0x000046    program     static E:\Electrónica\Taller V IF 2011-01\Prácticas\Códigos y Simulaciones\Práctica V\Código\16F883TMPO.ASM
          _MAIN_PROG_001D   0x000063    program     static E:\Electrónica\Taller V IF 2011-01\Prácticas\Códigos y Simulaciones\Práctica V\Código\16F883TMPO.ASM
               temp_count   0x000020       data     static E:\Electrónica\Taller V IF 2011-01\Prácticas\Códigos y Simulaciones\Práctica V\Código\16F883TMPO.ASM
                   w_temp   0x000070       data     static E:\Electrónica\Taller V IF 2011-01\Prácticas\Códigos y Simulaciones\Práctica V\Código\16F883TMPO.ASM
              status_temp   0x000071       data     static E:\Electrónica\Taller V IF 2011-01\Prácticas\Códigos y Simulaciones\Práctica V\Código\16F883TMPO.ASM
              pclath_temp   0x000072       data     static E:\Electrónica\Taller V IF 2011-01\Prácticas\Códigos y Simulaciones\Práctica V\Código\16F883TMPO.ASM


