;  LST file generated by mikroListExporter - v.2.0 
; Date/Time: 20/04/2011 23:41:18
;----------------------------------------------

;Address Opcode 	ASM
0x0000	0x2B00      	GOTO       768
_Delay_5500us:
;__Lib_Delays.c,31 :: 		void Delay_5500us() {
;__Lib_Delays.c,32 :: 		Delay_us(5500);
0x0003	0x3024      	MOVLW      36
0x0004	0x1283      	BCF        STATUS, 5
0x0005	0x1303      	BCF        STATUS, 6
0x0006	0x00FC      	MOVWF      R12
0x0007	0x30B5      	MOVLW      181
0x0008	0x00FD      	MOVWF      R13
L_Delay_5500us5:
0x0009	0x0BFD      	DECFSZ     R13, 1
0x000A	0x2809      	GOTO       L_Delay_5500us5
0x000B	0x0BFC      	DECFSZ     R12, 1
0x000C	0x2809      	GOTO       L_Delay_5500us5
0x000D	0x0000      	NOP
0x000E	0x0000      	NOP
;__Lib_Delays.c,33 :: 		}
0x000F	0x0008      	RETURN
; end of _Delay_5500us
_Delay_1us:
;__Lib_Delays.c,7 :: 		void Delay_1us() {
;__Lib_Delays.c,8 :: 		Delay_us(1);
0x0010	0x0000      	NOP
0x0011	0x0000      	NOP
0x0012	0x0000      	NOP
0x0013	0x0000      	NOP
0x0014	0x0000      	NOP
;__Lib_Delays.c,9 :: 		}
0x0015	0x0008      	RETURN
; end of _Delay_1us
_SETFOV32:
;__Lib_MathDouble.c,79 :: 		
;__Lib_MathDouble.c,86 :: 		
0x0016	0x14FB      	BSF        R11, 1
;__Lib_MathDouble.c,87 :: 		
0x0017	0x1FFB      	BTFSS      R11, 7
;__Lib_MathDouble.c,88 :: 		
0x0018	0x2820      	GOTO       SETFOV32EEE
;__Lib_MathDouble.c,89 :: 		
0x0019	0x30FF      	MOVLW      255
;__Lib_MathDouble.c,90 :: 		
0x001A	0x00F3      	MOVWF      R3
;__Lib_MathDouble.c,91 :: 		
0x001B	0x00F2      	MOVWF      R2
;__Lib_MathDouble.c,92 :: 		
0x001C	0x00F1      	MOVWF      R1
;__Lib_MathDouble.c,93 :: 		
0x001D	0x00F0      	MOVWF      R0
;__Lib_MathDouble.c,94 :: 		
0x001E	0x0DFA      	RLF        R10, 1
;__Lib_MathDouble.c,95 :: 		
0x001F	0x0CF2      	RRF        R2, 1
;__Lib_MathDouble.c,96 :: 		
SETFOV32EEE:
;__Lib_MathDouble.c,97 :: 		
0x0020	0x30FF      	MOVLW      255
;__Lib_MathDouble.c,99 :: 		
0x0021	0x0008      	RETURN
; end of _SETFOV32
_Delay_50us:
;__Lib_Delays.c,19 :: 		void Delay_50us() {
;__Lib_Delays.c,20 :: 		Delay_us(50);
0x0022	0x3053      	MOVLW      83
0x0023	0x1283      	BCF        STATUS, 5
0x0024	0x1303      	BCF        STATUS, 6
0x0025	0x00FD      	MOVWF      R13
L_Delay_50us2:
0x0026	0x0BFD      	DECFSZ     R13, 1
0x0027	0x2826      	GOTO       L_Delay_50us2
;__Lib_Delays.c,21 :: 		}
0x0028	0x0008      	RETURN
; end of _Delay_50us
_SETFUN32:
;__Lib_MathDouble.c,138 :: 		
;__Lib_MathDouble.c,145 :: 		
0x0029	0x157B      	BSF        R11, 2
;__Lib_MathDouble.c,146 :: 		
0x002A	0x1FFB      	BTFSS      R11, 7
;__Lib_MathDouble.c,147 :: 		
0x002B	0x2833      	GOTO       SETFUN32EEE
;__Lib_MathDouble.c,148 :: 		
0x002C	0x3001      	MOVLW      1
;__Lib_MathDouble.c,149 :: 		
0x002D	0x00F3      	MOVWF      R3
;__Lib_MathDouble.c,150 :: 		
0x002E	0x01F2      	CLRF       R2
;__Lib_MathDouble.c,151 :: 		
0x002F	0x01F1      	CLRF       R1
;__Lib_MathDouble.c,152 :: 		
0x0030	0x01F0      	CLRF       R0
;__Lib_MathDouble.c,153 :: 		
0x0031	0x0DFA      	RLF        R10, 1
;__Lib_MathDouble.c,154 :: 		
0x0032	0x0CF2      	RRF        R2, 1
;__Lib_MathDouble.c,155 :: 		
SETFUN32EEE:
;__Lib_MathDouble.c,156 :: 		
0x0033	0x30FF      	MOVLW      255
;__Lib_MathDouble.c,158 :: 		
0x0034	0x0008      	RETURN
; end of _SETFUN32
_FIXSIGN32:
;__Lib_MathDouble.c,112 :: 		
;__Lib_MathDouble.c,116 :: 		
0x0035	0x1FFA      	BTFSS      R10, 7
;__Lib_MathDouble.c,117 :: 		
0x0036	0x13F2      	BCF        R2, 7
;__Lib_MathDouble.c,118 :: 		
0x0037	0x3000      	MOVLW      0
;__Lib_MathDouble.c,120 :: 		
0x0038	0x0008      	RETURN
; end of _FIXSIGN32
_RES032:
;__Lib_MathDouble.c,123 :: 		
;__Lib_MathDouble.c,128 :: 		
0x0039	0x01F2      	CLRF       R2
;__Lib_MathDouble.c,129 :: 		
0x003A	0x01F1      	CLRF       R1
;__Lib_MathDouble.c,130 :: 		
0x003B	0x01F0      	CLRF       R0
;__Lib_MathDouble.c,131 :: 		
0x003C	0x01F8      	CLRF       R8
;__Lib_MathDouble.c,132 :: 		
0x003D	0x01F3      	CLRF       R3
;__Lib_MathDouble.c,133 :: 		
0x003E	0x3000      	MOVLW      0
;__Lib_MathDouble.c,135 :: 		
0x003F	0x0008      	RETURN
; end of _RES032
_NRM4032:
;__Lib_MathDouble.c,245 :: 		
;__Lib_MathDouble.c,252 :: 		
;__Lib_MathDouble.c,254 :: 		
0x0040	0x187C      	BTFSC      R12, 0
;__Lib_MathDouble.c,255 :: 		
0x0041	0x2876      	GOTO       NRMRND4032
;__Lib_MathDouble.c,256 :: 		
0x0042	0x18FC      	BTFSC      R12, 1
;__Lib_MathDouble.c,257 :: 		
0x0043	0x2847      	GOTO       NRM4032
;__Lib_MathDouble.c,258 :: 		
0x0044	0x197C      	BTFSC      R12, 2
;__Lib_MathDouble.c,259 :: 		
0x0045	0x2895      	GOTO       JMPSETFOV32
;__Lib_MathDouble.c,260 :: 		
0x0046	0x2840      	GOTO       $-6
;__Lib_MathDouble.c,261 :: 		
NRM4032:
;__Lib_MathDouble.c,262 :: 		
0x0047	0x01A0      	CLRF       __math_tempbD
;__Lib_MathDouble.c,263 :: 		
0x0048	0x0872      	MOVF       R2, 0
;__Lib_MathDouble.c,264 :: 		
0x0049	0x1D03      	BTFSS      STATUS, 2
;__Lib_MathDouble.c,265 :: 		
0x004A	0x2867      	GOTO       NORM4032
;__Lib_MathDouble.c,266 :: 		
0x004B	0x0871      	MOVF       R1, 0
;__Lib_MathDouble.c,267 :: 		
0x004C	0x00F2      	MOVWF      R2
;__Lib_MathDouble.c,268 :: 		
0x004D	0x0870      	MOVF       R0, 0
;__Lib_MathDouble.c,269 :: 		
0x004E	0x00F1      	MOVWF      R1
;__Lib_MathDouble.c,270 :: 		
0x004F	0x0878      	MOVF       R8, 0
;__Lib_MathDouble.c,271 :: 		
0x0050	0x00F0      	MOVWF      R0
;__Lib_MathDouble.c,272 :: 		
0x0051	0x01F8      	CLRF       R8
;__Lib_MathDouble.c,273 :: 		
0x0052	0x15A0      	BSF        __math_tempbD, 3
;__Lib_MathDouble.c,275 :: 		
0x0053	0x0872      	MOVF       R2, 0
;__Lib_MathDouble.c,276 :: 		
0x0054	0x1D03      	BTFSS      STATUS, 2
;__Lib_MathDouble.c,277 :: 		
0x0055	0x2867      	GOTO       NORM4032
;__Lib_MathDouble.c,278 :: 		
0x0056	0x0871      	MOVF       R1, 0
;__Lib_MathDouble.c,279 :: 		
0x0057	0x00F2      	MOVWF      R2
;__Lib_MathDouble.c,280 :: 		
0x0058	0x0870      	MOVF       R0, 0
;__Lib_MathDouble.c,281 :: 		
0x0059	0x00F1      	MOVWF      R1
;__Lib_MathDouble.c,282 :: 		
0x005A	0x01F0      	CLRF       R0
;__Lib_MathDouble.c,283 :: 		
0x005B	0x11A0      	BCF        __math_tempbD, 3
;__Lib_MathDouble.c,284 :: 		
0x005C	0x1620      	BSF        __math_tempbD, 4
;__Lib_MathDouble.c,286 :: 		
0x005D	0x0872      	MOVF       R2, 0
;__Lib_MathDouble.c,287 :: 		
0x005E	0x1D03      	BTFSS      STATUS, 2
;__Lib_MathDouble.c,288 :: 		
0x005F	0x2867      	GOTO       NORM4032
;__Lib_MathDouble.c,289 :: 		
0x0060	0x0871      	MOVF       R1, 0
;__Lib_MathDouble.c,290 :: 		
0x0061	0x00F2      	MOVWF      R2
;__Lib_MathDouble.c,291 :: 		
0x0062	0x01F1      	CLRF       R1
;__Lib_MathDouble.c,292 :: 		
0x0063	0x15A0      	BSF        __math_tempbD, 3
;__Lib_MathDouble.c,294 :: 		
0x0064	0x0872      	MOVF       R2, 0
;__Lib_MathDouble.c,295 :: 		
0x0065	0x1903      	BTFSC      STATUS, 2
;__Lib_MathDouble.c,296 :: 		
0x0066	0x2889      	GOTO       JMPRES032
;__Lib_MathDouble.c,297 :: 		
NORM4032:
;__Lib_MathDouble.c,298 :: 		
0x0067	0x0820      	MOVF       __math_tempbD, 0
;__Lib_MathDouble.c,299 :: 		
0x0068	0x02F3      	SUBWF      R3, 1
;__Lib_MathDouble.c,300 :: 		
0x0069	0x1D03      	BTFSS      STATUS, 2
;__Lib_MathDouble.c,301 :: 		
0x006A	0x1C03      	BTFSS      STATUS, 0
;__Lib_MathDouble.c,302 :: 		
0x006B	0x288D      	GOTO       JMPSETFUN32
;__Lib_MathDouble.c,303 :: 		
0x006C	0x1003      	BCF        STATUS, 0
;__Lib_MathDouble.c,304 :: 		
NORM4032A:
;__Lib_MathDouble.c,305 :: 		
0x006D	0x1BF2      	BTFSC      R2, 7
;__Lib_MathDouble.c,306 :: 		
0x006E	0x2876      	GOTO       NRMRND4032
;__Lib_MathDouble.c,307 :: 		
0x006F	0x0DF8      	RLF        R8, 1
;__Lib_MathDouble.c,308 :: 		
0x0070	0x0DF0      	RLF        R0, 1
;__Lib_MathDouble.c,309 :: 		
0x0071	0x0DF1      	RLF        R1, 1
;__Lib_MathDouble.c,310 :: 		
0x0072	0x0DF2      	RLF        R2, 1
;__Lib_MathDouble.c,311 :: 		
0x0073	0x0BF3      	DECFSZ     R3, 1
;__Lib_MathDouble.c,312 :: 		
0x0074	0x286D      	GOTO       NORM4032A
;__Lib_MathDouble.c,313 :: 		
0x0075	0x288D      	GOTO       JMPSETFUN32
;__Lib_MathDouble.c,314 :: 		
NRMRND4032:
;__Lib_MathDouble.c,315 :: 		
0x0076	0x1B7B      	BTFSC      R11, 6
;__Lib_MathDouble.c,316 :: 		
0x0077	0x1C70      	BTFSS      R0, 0
;__Lib_MathDouble.c,317 :: 		
0x0078	0x2891      	GOTO       JMPFIXSIGN32
;__Lib_MathDouble.c,318 :: 		
0x0079	0x1FF8      	BTFSS      R8, 7
;__Lib_MathDouble.c,319 :: 		
0x007A	0x2891      	GOTO       JMPFIXSIGN32
;__Lib_MathDouble.c,320 :: 		
0x007B	0x0AF0      	INCF       R0, 1
;__Lib_MathDouble.c,321 :: 		
0x007C	0x1903      	BTFSC      STATUS, 2
;__Lib_MathDouble.c,322 :: 		
0x007D	0x0AF1      	INCF       R1, 1
;__Lib_MathDouble.c,323 :: 		
0x007E	0x1903      	BTFSC      STATUS, 2
;__Lib_MathDouble.c,324 :: 		
0x007F	0x0AF2      	INCF       R2, 1
;__Lib_MathDouble.c,325 :: 		
0x0080	0x1D03      	BTFSS      STATUS, 2
;__Lib_MathDouble.c,326 :: 		
0x0081	0x2891      	GOTO       JMPFIXSIGN32
;__Lib_MathDouble.c,327 :: 		
0x0082	0x0CF2      	RRF        R2, 1
;__Lib_MathDouble.c,328 :: 		
0x0083	0x0CF1      	RRF        R1, 1
;__Lib_MathDouble.c,329 :: 		
0x0084	0x0CF0      	RRF        R0, 1
;__Lib_MathDouble.c,330 :: 		
0x0085	0x0AF3      	INCF       R3, 1
;__Lib_MathDouble.c,331 :: 		
0x0086	0x1903      	BTFSC      STATUS, 2
;__Lib_MathDouble.c,332 :: 		
0x0087	0x2895      	GOTO       JMPSETFOV32
;__Lib_MathDouble.c,333 :: 		
0x0088	0x2891      	GOTO       JMPFIXSIGN32
;__Lib_MathDouble.c,334 :: 		
JMPRES032:
;__Lib_MathDouble.c,335 :: 		
0x0089	0x3001      	MOVLW      1
;__Lib_MathDouble.c,336 :: 		
0x008A	0x00FC      	MOVWF      R12
;__Lib_MathDouble.c,338 :: 		
0x008B	0x2039      	CALL       _RES032
;__Lib_MathDouble.c,340 :: 		
0x008C	0x2898      	GOTO       NRM4032EEE
;__Lib_MathDouble.c,341 :: 		
JMPSETFUN32:
;__Lib_MathDouble.c,342 :: 		
0x008D	0x3002      	MOVLW      2
;__Lib_MathDouble.c,343 :: 		
0x008E	0x00FC      	MOVWF      R12
;__Lib_MathDouble.c,345 :: 		
0x008F	0x2029      	CALL       _SETFUN32
;__Lib_MathDouble.c,347 :: 		
0x0090	0x2898      	GOTO       NRM4032EEE
;__Lib_MathDouble.c,348 :: 		
JMPFIXSIGN32:
;__Lib_MathDouble.c,349 :: 		
0x0091	0x3004      	MOVLW      4
;__Lib_MathDouble.c,350 :: 		
0x0092	0x00FC      	MOVWF      R12
;__Lib_MathDouble.c,352 :: 		
0x0093	0x2035      	CALL       _FIXSIGN32
;__Lib_MathDouble.c,354 :: 		
0x0094	0x2898      	GOTO       NRM4032EEE
;__Lib_MathDouble.c,355 :: 		
JMPSETFOV32:
;__Lib_MathDouble.c,356 :: 		
0x0095	0x3008      	MOVLW      8
;__Lib_MathDouble.c,357 :: 		
0x0096	0x00FC      	MOVWF      R12
;__Lib_MathDouble.c,359 :: 		
0x0097	0x2016      	CALL       _SETFOV32
;__Lib_MathDouble.c,361 :: 		
NRM4032EEE:
;__Lib_MathDouble.c,362 :: 		
0x0098	0x0000      	NOP
;__Lib_MathDouble.c,370 :: 		
0x0099	0x0008      	RETURN
; end of _NRM4032
_Lcd_Cmd:
;__Lib_Lcd.c,18 :: 		
;__Lib_Lcd.c,20 :: 		
0x009A	0x1283      	BCF        STATUS, 5
0x009B	0x1303      	BCF        STATUS, 6
0x009C	0x1BD5      	BTFSC      FARG_Lcd_Cmd_out_char, 7
0x009D	0x28A0      	GOTO       L__Lcd_Cmd20
0x009E	0x1186      	BCF        LCD_D7, BitPos(LCD_D7+0)
0x009F	0x28A1      	GOTO       L__Lcd_Cmd21
L__Lcd_Cmd20:
0x00A0	0x1586      	BSF        LCD_D7, BitPos(LCD_D7+0)
L__Lcd_Cmd21:
;__Lib_Lcd.c,21 :: 		
0x00A1	0x1B55      	BTFSC      FARG_Lcd_Cmd_out_char, 6
0x00A2	0x28A5      	GOTO       L__Lcd_Cmd22
0x00A3	0x1106      	BCF        LCD_D6, BitPos(LCD_D6+0)
0x00A4	0x28A6      	GOTO       L__Lcd_Cmd23
L__Lcd_Cmd22:
0x00A5	0x1506      	BSF        LCD_D6, BitPos(LCD_D6+0)
L__Lcd_Cmd23:
;__Lib_Lcd.c,22 :: 		
0x00A6	0x1AD5      	BTFSC      FARG_Lcd_Cmd_out_char, 5
0x00A7	0x28AA      	GOTO       L__Lcd_Cmd24
0x00A8	0x1086      	BCF        LCD_D5, BitPos(LCD_D5+0)
0x00A9	0x28AB      	GOTO       L__Lcd_Cmd25
L__Lcd_Cmd24:
0x00AA	0x1486      	BSF        LCD_D5, BitPos(LCD_D5+0)
L__Lcd_Cmd25:
;__Lib_Lcd.c,23 :: 		
0x00AB	0x1A55      	BTFSC      FARG_Lcd_Cmd_out_char, 4
0x00AC	0x28AF      	GOTO       L__Lcd_Cmd26
0x00AD	0x1006      	BCF        LCD_D4, BitPos(LCD_D4+0)
0x00AE	0x28B0      	GOTO       L__Lcd_Cmd27
L__Lcd_Cmd26:
0x00AF	0x1406      	BSF        LCD_D4, BitPos(LCD_D4+0)
L__Lcd_Cmd27:
;__Lib_Lcd.c,25 :: 		
0x00B0	0x1841      	BTFSC      __Lib_Lcd_cmd_status, BitPos(__Lib_Lcd_cmd_status+0)
0x00B1	0x28B4      	GOTO       L__Lcd_Cmd28
0x00B2	0x1606      	BSF        LCD_RS, BitPos(LCD_RS+0)
0x00B3	0x28B5      	GOTO       L__Lcd_Cmd29
L__Lcd_Cmd28:
0x00B4	0x1206      	BCF        LCD_RS, BitPos(LCD_RS+0)
L__Lcd_Cmd29:
;__Lib_Lcd.c,28 :: 		
0x00B5	0x1686      	BSF        LCD_EN, BitPos(LCD_EN+0)
;__Lib_Lcd.c,29 :: 		
0x00B6	0x2010      	CALL       _Delay_1us
;__Lib_Lcd.c,30 :: 		
0x00B7	0x1286      	BCF        LCD_EN, BitPos(LCD_EN+0)
;__Lib_Lcd.c,33 :: 		
0x00B8	0x19D5      	BTFSC      FARG_Lcd_Cmd_out_char, 3
0x00B9	0x28BC      	GOTO       L__Lcd_Cmd30
0x00BA	0x1186      	BCF        LCD_D7, BitPos(LCD_D7+0)
0x00BB	0x28BD      	GOTO       L__Lcd_Cmd31
L__Lcd_Cmd30:
0x00BC	0x1586      	BSF        LCD_D7, BitPos(LCD_D7+0)
L__Lcd_Cmd31:
;__Lib_Lcd.c,34 :: 		
0x00BD	0x1955      	BTFSC      FARG_Lcd_Cmd_out_char, 2
0x00BE	0x28C1      	GOTO       L__Lcd_Cmd32
0x00BF	0x1106      	BCF        LCD_D6, BitPos(LCD_D6+0)
0x00C0	0x28C2      	GOTO       L__Lcd_Cmd33
L__Lcd_Cmd32:
0x00C1	0x1506      	BSF        LCD_D6, BitPos(LCD_D6+0)
L__Lcd_Cmd33:
;__Lib_Lcd.c,35 :: 		
0x00C2	0x18D5      	BTFSC      FARG_Lcd_Cmd_out_char, 1
0x00C3	0x28C6      	GOTO       L__Lcd_Cmd34
0x00C4	0x1086      	BCF        LCD_D5, BitPos(LCD_D5+0)
0x00C5	0x28C7      	GOTO       L__Lcd_Cmd35
L__Lcd_Cmd34:
0x00C6	0x1486      	BSF        LCD_D5, BitPos(LCD_D5+0)
L__Lcd_Cmd35:
;__Lib_Lcd.c,36 :: 		
0x00C7	0x1855      	BTFSC      FARG_Lcd_Cmd_out_char, 0
0x00C8	0x28CB      	GOTO       L__Lcd_Cmd36
0x00C9	0x1006      	BCF        LCD_D4, BitPos(LCD_D4+0)
0x00CA	0x28CC      	GOTO       L__Lcd_Cmd37
L__Lcd_Cmd36:
0x00CB	0x1406      	BSF        LCD_D4, BitPos(LCD_D4+0)
L__Lcd_Cmd37:
;__Lib_Lcd.c,38 :: 		
0x00CC	0x1841      	BTFSC      __Lib_Lcd_cmd_status, BitPos(__Lib_Lcd_cmd_status+0)
0x00CD	0x28D0      	GOTO       L__Lcd_Cmd38
0x00CE	0x1606      	BSF        LCD_RS, BitPos(LCD_RS+0)
0x00CF	0x28D1      	GOTO       L__Lcd_Cmd39
L__Lcd_Cmd38:
0x00D0	0x1206      	BCF        LCD_RS, BitPos(LCD_RS+0)
L__Lcd_Cmd39:
;__Lib_Lcd.c,40 :: 		
0x00D1	0x1686      	BSF        LCD_EN, BitPos(LCD_EN+0)
;__Lib_Lcd.c,41 :: 		
0x00D2	0x2010      	CALL       _Delay_1us
;__Lib_Lcd.c,42 :: 		
0x00D3	0x1286      	BCF        LCD_EN, BitPos(LCD_EN+0)
;__Lib_Lcd.c,44 :: 		
0x00D4	0x1C41      	BTFSS      __Lib_Lcd_cmd_status, BitPos(__Lib_Lcd_cmd_status+0)
0x00D5	0x28D8      	GOTO       L_Lcd_Cmd0
;__Lib_Lcd.c,45 :: 		
0x00D6	0x2003      	CALL       _Delay_5500us
0x00D7	0x28D9      	GOTO       L_Lcd_Cmd1
L_Lcd_Cmd0:
;__Lib_Lcd.c,47 :: 		
0x00D8	0x2022      	CALL       _Delay_50us
L_Lcd_Cmd1:
;__Lib_Lcd.c,48 :: 		
0x00D9	0x0008      	RETURN
; end of _Lcd_Cmd
_NRM3232:
;__Lib_MathDouble.c,167 :: 		
;__Lib_MathDouble.c,173 :: 		
;__Lib_MathDouble.c,175 :: 		
0x00DA	0x01A0      	CLRF       __math_tempbD
;__Lib_MathDouble.c,176 :: 		
0x00DB	0x0872      	MOVF       R2, 0
;__Lib_MathDouble.c,177 :: 		
0x00DC	0x1D03      	BTFSS      STATUS, 2
;__Lib_MathDouble.c,178 :: 		
0x00DD	0x28EF      	GOTO       NORM3232
;__Lib_MathDouble.c,179 :: 		
0x00DE	0x0871      	MOVF       R1, 0
;__Lib_MathDouble.c,180 :: 		
0x00DF	0x00F2      	MOVWF      R2
;__Lib_MathDouble.c,181 :: 		
0x00E0	0x0870      	MOVF       R0, 0
;__Lib_MathDouble.c,182 :: 		
0x00E1	0x00F1      	MOVWF      R1
;__Lib_MathDouble.c,183 :: 		
0x00E2	0x01F0      	CLRF       R0
;__Lib_MathDouble.c,184 :: 		
0x00E3	0x15A0      	BSF        __math_tempbD, 3
;__Lib_MathDouble.c,186 :: 		
0x00E4	0x0872      	MOVF       R2, 0
;__Lib_MathDouble.c,187 :: 		
0x00E5	0x1D03      	BTFSS      STATUS, 2
;__Lib_MathDouble.c,188 :: 		
0x00E6	0x28EF      	GOTO       NORM3232
;__Lib_MathDouble.c,189 :: 		
0x00E7	0x0871      	MOVF       R1, 0
;__Lib_MathDouble.c,190 :: 		
0x00E8	0x00F2      	MOVWF      R2
;__Lib_MathDouble.c,191 :: 		
0x00E9	0x01F1      	CLRF       R1
;__Lib_MathDouble.c,192 :: 		
0x00EA	0x11A0      	BCF        __math_tempbD, 3
;__Lib_MathDouble.c,193 :: 		
0x00EB	0x1620      	BSF        __math_tempbD, 4
;__Lib_MathDouble.c,195 :: 		
0x00EC	0x0872      	MOVF       R2, 0
;__Lib_MathDouble.c,196 :: 		
0x00ED	0x1903      	BTFSC      STATUS, 2
;__Lib_MathDouble.c,197 :: 		
0x00EE	0x28FD      	GOTO       JPNRES032
;__Lib_MathDouble.c,198 :: 		
NORM3232:
;__Lib_MathDouble.c,199 :: 		
0x00EF	0x0820      	MOVF       __math_tempbD, 0
;__Lib_MathDouble.c,200 :: 		
0x00F0	0x02F3      	SUBWF      R3, 1
;__Lib_MathDouble.c,201 :: 		
0x00F1	0x1D03      	BTFSS      STATUS, 2
;__Lib_MathDouble.c,202 :: 		
0x00F2	0x1C03      	BTFSS      STATUS, 0
;__Lib_MathDouble.c,203 :: 		
0x00F3	0x2901      	GOTO       JPNSETFUN32
;__Lib_MathDouble.c,204 :: 		
0x00F4	0x1003      	BCF        STATUS, 0
;__Lib_MathDouble.c,205 :: 		
NORM3232A:
;__Lib_MathDouble.c,206 :: 		
0x00F5	0x1BF2      	BTFSC      R2, 7
;__Lib_MathDouble.c,207 :: 		
0x00F6	0x2905      	GOTO       JMPNFIXSIGN32
;__Lib_MathDouble.c,208 :: 		
0x00F7	0x0DF0      	RLF        R0, 1
;__Lib_MathDouble.c,209 :: 		
0x00F8	0x0DF1      	RLF        R1, 1
;__Lib_MathDouble.c,210 :: 		
0x00F9	0x0DF2      	RLF        R2, 1
;__Lib_MathDouble.c,211 :: 		
0x00FA	0x0BF3      	DECFSZ     R3, 1
;__Lib_MathDouble.c,212 :: 		
0x00FB	0x28F5      	GOTO       NORM3232A
;__Lib_MathDouble.c,213 :: 		
0x00FC	0x2901      	GOTO       JPNSETFUN32
;__Lib_MathDouble.c,214 :: 		
JPNRES032:
;__Lib_MathDouble.c,215 :: 		
0x00FD	0x3001      	MOVLW      1
;__Lib_MathDouble.c,216 :: 		
0x00FE	0x00FC      	MOVWF      R12
;__Lib_MathDouble.c,218 :: 		
0x00FF	0x2039      	CALL       _RES032
;__Lib_MathDouble.c,220 :: 		
0x0100	0x2908      	GOTO       NORM32EEE
;__Lib_MathDouble.c,221 :: 		
JPNSETFUN32:
;__Lib_MathDouble.c,222 :: 		
0x0101	0x3002      	MOVLW      2
;__Lib_MathDouble.c,223 :: 		
0x0102	0x00FC      	MOVWF      R12
;__Lib_MathDouble.c,225 :: 		
0x0103	0x2029      	CALL       _SETFUN32
;__Lib_MathDouble.c,227 :: 		
0x0104	0x2908      	GOTO       NORM32EEE
;__Lib_MathDouble.c,228 :: 		
JMPNFIXSIGN32:
;__Lib_MathDouble.c,229 :: 		
0x0105	0x3004      	MOVLW      4
;__Lib_MathDouble.c,230 :: 		
0x0106	0x00FC      	MOVWF      R12
;__Lib_MathDouble.c,232 :: 		
0x0107	0x2035      	CALL       _FIXSIGN32
;__Lib_MathDouble.c,234 :: 		
NORM32EEE:
;__Lib_MathDouble.c,236 :: 		
0x0108	0x0008      	RETURN
; end of _NRM3232
_Lcd_Chr_CP:
;__Lib_Lcd.c,50 :: 		
;__Lib_Lcd.c,52 :: 		
0x0109	0x1283      	BCF        STATUS, 5
0x010A	0x1303      	BCF        STATUS, 6
0x010B	0x1041      	BCF        __Lib_Lcd_cmd_status, BitPos(__Lib_Lcd_cmd_status+0)
;__Lib_Lcd.c,53 :: 		
0x010C	0x0850      	MOVF       FARG_Lcd_Chr_CP_out_char, 0
0x010D	0x00D5      	MOVWF      FARG_Lcd_Cmd_out_char
0x010E	0x209A      	CALL       _Lcd_Cmd
;__Lib_Lcd.c,54 :: 		
0x010F	0x1441      	BSF        __Lib_Lcd_cmd_status, BitPos(__Lib_Lcd_cmd_status+0)
;__Lib_Lcd.c,55 :: 		
0x0110	0x0008      	RETURN
; end of _Lcd_Chr_CP
_Delay_10us:
;__Lib_Delays.c,11 :: 		void Delay_10us() {
;__Lib_Delays.c,12 :: 		Delay_us(10);
0x0111	0x3010      	MOVLW      16
0x0112	0x1283      	BCF        STATUS, 5
0x0113	0x1303      	BCF        STATUS, 6
0x0114	0x00FD      	MOVWF      R13
L_Delay_10us0:
0x0115	0x0BFD      	DECFSZ     R13, 1
0x0116	0x2915      	GOTO       L_Delay_10us0
0x0117	0x0000      	NOP
;__Lib_Delays.c,13 :: 		}
0x0118	0x0008      	RETURN
; end of _Delay_10us
_Keypad_Key_Press:
;__Lib_Keypad4x4.c,38 :: 		
;__Lib_Keypad4x4.c,42 :: 		
0x0119	0x1283      	BCF        STATUS, 5
0x011A	0x1303      	BCF        STATUS, 6
0x011B	0x01D0      	CLRF       Keypad_Key_Press_rslt_L0
;__Lib_Keypad4x4.c,43 :: 		
0x011C	0x01D2      	CLRF       Keypad_Key_Press_loc_L0
;__Lib_Keypad4x4.c,44 :: 		
0x011D	0x01D3      	CLRF       Keypad_Key_Press_rowcnt_L0
;__Lib_Keypad4x4.c,45 :: 		
0x011E	0x3010      	MOVLW      16
0x011F	0x00D4      	MOVWF      Keypad_Key_Press_shifter_L0
;__Lib_Keypad4x4.c,47 :: 		
L_Keypad_Key_Press0:
0x0120	0x3004      	MOVLW      4
0x0121	0x0253      	SUBWF      Keypad_Key_Press_rowcnt_L0, 0
0x0122	0x1803      	BTFSC      STATUS, 0
0x0123	0x2945      	GOTO       L_Keypad_Key_Press1
;__Lib_Keypad4x4.c,49 :: 		
0x0124	0x30F0      	MOVLW      240
0x0125	0x0087      	MOVWF      keypadPort
;__Lib_Keypad4x4.c,50 :: 		
0x0126	0x0954      	COMF       Keypad_Key_Press_shifter_L0, 0
0x0127	0x1683      	BSF        STATUS, 5
0x0128	0x0087      	MOVWF      keypadPort+128
;__Lib_Keypad4x4.c,54 :: 		
0x0129	0x2010      	CALL       _Delay_1us
;__Lib_Keypad4x4.c,55 :: 		
0x012A	0x2010      	CALL       _Delay_1us
;__Lib_Keypad4x4.c,56 :: 		
0x012B	0x300F      	MOVLW      15
0x012C	0x1283      	BCF        STATUS, 5
0x012D	0x0507      	ANDWF      keypadPort, 0
0x012E	0x00F0      	MOVWF      R0
0x012F	0x0870      	MOVF       R0, 0
0x0130	0x00D1      	MOVWF      Keypad_Key_Press_kdata_L0
;__Lib_Keypad4x4.c,57 :: 		
0x0131	0x0870      	MOVF       R0, 0
0x0132	0x1903      	BTFSC      STATUS, 2
0x0133	0x293F      	GOTO       L_Keypad_Key_Press2
;__Lib_Keypad4x4.c,59 :: 		
0x0134	0x0852      	MOVF       Keypad_Key_Press_loc_L0, 0
0x0135	0x00D0      	MOVWF      Keypad_Key_Press_rslt_L0
;__Lib_Keypad4x4.c,60 :: 		
L_Keypad_Key_Press3:
0x0136	0x0851      	MOVF       Keypad_Key_Press_kdata_L0, 0
0x0137	0x1903      	BTFSC      STATUS, 2
0x0138	0x293D      	GOTO       L_Keypad_Key_Press4
;__Lib_Keypad4x4.c,61 :: 		
0x0139	0x0CD1      	RRF        Keypad_Key_Press_kdata_L0, 1
0x013A	0x13D1      	BCF        Keypad_Key_Press_kdata_L0, 7
;__Lib_Keypad4x4.c,62 :: 		
0x013B	0x0AD0      	INCF       Keypad_Key_Press_rslt_L0, 1
;__Lib_Keypad4x4.c,63 :: 		
0x013C	0x2936      	GOTO       L_Keypad_Key_Press3
L_Keypad_Key_Press4:
;__Lib_Keypad4x4.c,65 :: 		
0x013D	0x3004      	MOVLW      4
0x013E	0x00D3      	MOVWF      Keypad_Key_Press_rowcnt_L0
;__Lib_Keypad4x4.c,66 :: 		
L_Keypad_Key_Press2:
;__Lib_Keypad4x4.c,67 :: 		
0x013F	0x0DD4      	RLF        Keypad_Key_Press_shifter_L0, 1
0x0140	0x1054      	BCF        Keypad_Key_Press_shifter_L0, 0
;__Lib_Keypad4x4.c,68 :: 		
0x0141	0x3004      	MOVLW      4
0x0142	0x07D2      	ADDWF      Keypad_Key_Press_loc_L0, 1
;__Lib_Keypad4x4.c,69 :: 		
0x0143	0x0AD3      	INCF       Keypad_Key_Press_rowcnt_L0, 1
;__Lib_Keypad4x4.c,70 :: 		
0x0144	0x2920      	GOTO       L_Keypad_Key_Press0
L_Keypad_Key_Press1:
;__Lib_Keypad4x4.c,72 :: 		
0x0145	0x0850      	MOVF       Keypad_Key_Press_rslt_L0, 0
0x0146	0x00F0      	MOVWF      R0
;__Lib_Keypad4x4.c,73 :: 		
0x0147	0x0008      	RETURN
; end of _Keypad_Key_Press
_____DoICP:
;__Lib_System.c,6 :: 		
;__Lib_System.c,9 :: 		
0x0148	0x1283      	BCF        STATUS, 5
0x0149	0x1303      	BCF        STATUS, 6
0x014A	0x0837      	MOVF       ___DoICPAddr+1, 0
0x014B	0x008A      	MOVWF      PCLATH
;__Lib_System.c,10 :: 		
0x014C	0x0836      	MOVF       ___DoICPAddr, 0
0x014D	0x0082      	MOVWF      PCL
;__Lib_System.c,12 :: 		
0x014E	0x0008      	RETURN
; end of _____DoICP
_Int2Double:
;__Lib_MathDouble.c,1812 :: 		
;__Lib_MathDouble.c,1818 :: 		
0x014F	0x1283      	BCF        STATUS, 5
;__Lib_MathDouble.c,1819 :: 		
0x0150	0x1303      	BCF        STATUS, 6
;__Lib_MathDouble.c,1820 :: 		
0x0151	0x0870      	MOVF       R0, 0
;__Lib_MathDouble.c,1821 :: 		
0x0152	0x00F8      	MOVWF      R8
;__Lib_MathDouble.c,1822 :: 		
0x0153	0x0871      	MOVF       R1, 0
;__Lib_MathDouble.c,1823 :: 		
0x0154	0x00F0      	MOVWF      R0
;__Lib_MathDouble.c,1824 :: 		
0x0155	0x01F1      	CLRF       R1
;__Lib_MathDouble.c,1825 :: 		
0x0156	0x01F2      	CLRF       R2
;__Lib_MathDouble.c,1826 :: 		
0x0157	0x01F3      	CLRF       R3
;__Lib_MathDouble.c,1829 :: 		
0x0158	0x01FB      	CLRF       R11
;__Lib_MathDouble.c,1830 :: 		
0x0159	0x01FC      	CLRF       R12
;__Lib_MathDouble.c,1832 :: 		
0x015A	0x3096      	MOVLW      150
;__Lib_MathDouble.c,1833 :: 		
0x015B	0x00F3      	MOVWF      R3
;__Lib_MathDouble.c,1834 :: 		
0x015C	0x01FA      	CLRF       R10
;__Lib_MathDouble.c,1835 :: 		
0x015D	0x1FF0      	BTFSS      R0, 7
;__Lib_MathDouble.c,1836 :: 		
0x015E	0x2965      	GOTO       FLO1632EEE
;__Lib_MathDouble.c,1838 :: 		
0x015F	0x09F8      	COMF       R8, 1
;__Lib_MathDouble.c,1839 :: 		
0x0160	0x09F0      	COMF       R0, 1
;__Lib_MathDouble.c,1841 :: 		
0x0161	0x0AF8      	INCF       R8, 1
;__Lib_MathDouble.c,1842 :: 		
0x0162	0x1903      	BTFSC      STATUS, 2
;__Lib_MathDouble.c,1843 :: 		
0x0163	0x0AF0      	INCF       R0, 1
;__Lib_MathDouble.c,1845 :: 		
0x0164	0x17FA      	BSF        R10, 7
;__Lib_MathDouble.c,1846 :: 		
FLO1632EEE:
;__Lib_MathDouble.c,1847 :: 		
0x0165	0x0870      	MOVF       R0, 0
;__Lib_MathDouble.c,1848 :: 		
0x0166	0x00F1      	MOVWF      R1
;__Lib_MathDouble.c,1849 :: 		
0x0167	0x0878      	MOVF       R8, 0
;__Lib_MathDouble.c,1850 :: 		
0x0168	0x00F0      	MOVWF      R0
;__Lib_MathDouble.c,1851 :: 		
0x0169	0x01F8      	CLRF       R8
;__Lib_MathDouble.c,1852 :: 		
0x016A	0x01F2      	CLRF       R2
;__Lib_MathDouble.c,1854 :: 		
0x016B	0x20DA      	CALL       _NRM3232
;__Lib_MathDouble.c,1855 :: 		
0x016C	0x0008      	RETURN
; end of _Int2Double
_Div_16x16_U:
;__Lib_Math.c,215 :: 		
;__Lib_Math.c,222 :: 		
0x016D	0x1283      	BCF        STATUS, 5
;__Lib_Math.c,223 :: 		
0x016E	0x1303      	BCF        STATUS, 6
;__Lib_Math.c,224 :: 		
0x016F	0x01F8      	CLRF       R8
;__Lib_Math.c,225 :: 		
0x0170	0x01F9      	CLRF       R9
;__Lib_Math.c,226 :: 		
0x0171	0x3010      	MOVLW      16
;__Lib_Math.c,227 :: 		
0x0172	0x00FC      	MOVWF      R12
;__Lib_Math.c,228 :: 		
0x0173	0x0D71      	RLF        R1, 0
;__Lib_Math.c,229 :: 		
0x0174	0x0DF8      	RLF        R8, 1
;__Lib_Math.c,230 :: 		
0x0175	0x0DF9      	RLF        R9, 1
;__Lib_Math.c,231 :: 		
0x0176	0x0874      	MOVF       R4, 0
;__Lib_Math.c,232 :: 		
0x0177	0x02F8      	SUBWF      R8, 1
;__Lib_Math.c,233 :: 		
0x0178	0x0875      	MOVF       R5, 0
;__Lib_Math.c,234 :: 		
0x0179	0x1C03      	BTFSS      STATUS, 0
;__Lib_Math.c,235 :: 		
0x017A	0x0F75      	INCFSZ     R5, 0
;__Lib_Math.c,236 :: 		
0x017B	0x02F9      	SUBWF      R9, 1
;__Lib_Math.c,237 :: 		
0x017C	0x1803      	BTFSC      STATUS, 0
;__Lib_Math.c,238 :: 		
0x017D	0x2985      	GOTO       $+8
;__Lib_Math.c,239 :: 		
0x017E	0x0874      	MOVF       R4, 0
;__Lib_Math.c,240 :: 		
0x017F	0x07F8      	ADDWF      R8, 1
;__Lib_Math.c,241 :: 		
0x0180	0x0875      	MOVF       R5, 0
;__Lib_Math.c,242 :: 		
0x0181	0x1803      	BTFSC      STATUS, 0
;__Lib_Math.c,243 :: 		
0x0182	0x0F75      	INCFSZ     R5, 0
;__Lib_Math.c,244 :: 		
0x0183	0x07F9      	ADDWF      R9, 1
;__Lib_Math.c,245 :: 		
0x0184	0x1003      	BCF        STATUS, 0
;__Lib_Math.c,246 :: 		
0x0185	0x0DF0      	RLF        R0, 1
;__Lib_Math.c,247 :: 		
0x0186	0x0DF1      	RLF        R1, 1
;__Lib_Math.c,248 :: 		
0x0187	0x0BFC      	DECFSZ     R12, 1
;__Lib_Math.c,249 :: 		
0x0188	0x2973      	GOTO       $-21
;__Lib_Math.c,251 :: 		
0x0189	0x0008      	RETURN
; end of _Div_16x16_U
_Mul_8x8_U:
;__Lib_Math.c,103 :: 		
;__Lib_Math.c,108 :: 		
0x018A	0x1283      	BCF        STATUS, 5
;__Lib_Math.c,109 :: 		
0x018B	0x1303      	BCF        STATUS, 6
;__Lib_Math.c,110 :: 		
0x018C	0x0870      	MOVF       R0, 0
;__Lib_Math.c,111 :: 		
0x018D	0x00F1      	MOVWF      R1
;__Lib_Math.c,112 :: 		
0x018E	0x01F0      	CLRF       R0
;__Lib_Math.c,113 :: 		
0x018F	0x3008      	MOVLW      8
;__Lib_Math.c,114 :: 		
0x0190	0x00FC      	MOVWF      R12
;__Lib_Math.c,115 :: 		
0x0191	0x0871      	MOVF       R1, 0
;__Lib_Math.c,116 :: 		
0x0192	0x0CF4      	RRF        R4, 1
;__Lib_Math.c,117 :: 		
0x0193	0x1803      	BTFSC      STATUS, 0
;__Lib_Math.c,118 :: 		
0x0194	0x2999      	GOTO       $+5
;__Lib_Math.c,119 :: 		
0x0195	0x0BFC      	DECFSZ     R12, 1
;__Lib_Math.c,120 :: 		
0x0196	0x2992      	GOTO       $-4
;__Lib_Math.c,121 :: 		
0x0197	0x01F1      	CLRF       R1
;__Lib_Math.c,122 :: 		
0x0198	0x3400      	RETLW      0
;__Lib_Math.c,123 :: 		
0x0199	0x1003      	BCF        STATUS, 0
;__Lib_Math.c,124 :: 		
0x019A	0x299E      	GOTO       $+4
;__Lib_Math.c,125 :: 		
0x019B	0x0CF4      	RRF        R4, 1
;__Lib_Math.c,126 :: 		
0x019C	0x1803      	BTFSC      STATUS, 0
;__Lib_Math.c,127 :: 		
0x019D	0x07F1      	ADDWF      R1, 1
;__Lib_Math.c,128 :: 		
0x019E	0x0CF1      	RRF        R1, 1
;__Lib_Math.c,129 :: 		
0x019F	0x0CF0      	RRF        R0, 1
;__Lib_Math.c,130 :: 		
0x01A0	0x0BFC      	DECFSZ     R12, 1
;__Lib_Math.c,131 :: 		
0x01A1	0x299B      	GOTO       $-6
;__Lib_Math.c,133 :: 		
;__Lib_Math.c,134 :: 		
0x01A2	0x0008      	RETURN
; end of _Mul_8x8_U
_Byte2Double:
;__Lib_MathDouble.c,1778 :: 		
;__Lib_MathDouble.c,1785 :: 		
0x01A3	0x1283      	BCF        STATUS, 5
;__Lib_MathDouble.c,1786 :: 		
0x01A4	0x1303      	BCF        STATUS, 6
;__Lib_MathDouble.c,1788 :: 		
0x01A5	0x0870      	MOVF       R0, 0
;__Lib_MathDouble.c,1789 :: 		
0x01A6	0x00F8      	MOVWF      R8
;__Lib_MathDouble.c,1791 :: 		
0x01A7	0x01FB      	CLRF       R11
;__Lib_MathDouble.c,1792 :: 		
0x01A8	0x01FC      	CLRF       R12
;__Lib_MathDouble.c,1794 :: 		
0x01A9	0x309E      	MOVLW      158
;__Lib_MathDouble.c,1795 :: 		
0x01AA	0x00F3      	MOVWF      R3
;__Lib_MathDouble.c,1796 :: 		
0x01AB	0x01FA      	CLRF       R10
;__Lib_MathDouble.c,1797 :: 		
0x01AC	0x01F2      	CLRF       R2
;__Lib_MathDouble.c,1798 :: 		
0x01AD	0x01F1      	CLRF       R1
;__Lib_MathDouble.c,1799 :: 		
0x01AE	0x01F0      	CLRF       R0
;__Lib_MathDouble.c,1800 :: 		
0x01AF	0x3002      	MOVLW      2
;__Lib_MathDouble.c,1801 :: 		
0x01B0	0x00FC      	MOVWF      R12
;__Lib_MathDouble.c,1803 :: 		
0x01B1	0x2040      	CALL       _NRM4032
;__Lib_MathDouble.c,1804 :: 		
0x01B2	0x0008      	RETURN
; end of _Byte2Double
_capturar:
;KKeyPad_LCD.c,25 :: 		float capturar () {
;KKeyPad_LCD.c,27 :: 		variable = (temp1*10) + temp2;
0x01B3	0x1283      	BCF        STATUS, 5
0x01B4	0x1303      	BCF        STATUS, 6
0x01B5	0x0835      	MOVF       _temp1, 0
0x01B6	0x00F0      	MOVWF      R0
0x01B7	0x300A      	MOVLW      10
0x01B8	0x00F4      	MOVWF      R4
0x01B9	0x218A      	CALL       _Mul_8x8_U
0x01BA	0x0838      	MOVF       _temp2, 0
0x01BB	0x07F0      	ADDWF      R0, 1
0x01BC	0x1803      	BTFSC      STATUS, 0
0x01BD	0x0AF1      	INCF       R0+1, 1
0x01BE	0x214F      	CALL       _Int2Double
0x01BF	0x0870      	MOVF       R0, 0
0x01C0	0x00CB      	MOVWF      capturar_variable_L0
0x01C1	0x0871      	MOVF       R0+1, 0
0x01C2	0x00CC      	MOVWF      capturar_variable_L0+1
0x01C3	0x0872      	MOVF       R0+2, 0
0x01C4	0x00CD      	MOVWF      capturar_variable_L0+2
0x01C5	0x0873      	MOVF       R0+3, 0
0x01C6	0x00CE      	MOVWF      capturar_variable_L0+3
;KKeyPad_LCD.c,28 :: 		if (temp2==0)variable = temp1;
0x01C7	0x0838      	MOVF       _temp2, 0
0x01C8	0x3A00      	XORLW      0
0x01C9	0x1D03      	BTFSS      STATUS, 2
0x01CA	0x29D6      	GOTO       L_capturar0
0x01CB	0x0835      	MOVF       _temp1, 0
0x01CC	0x00F0      	MOVWF      R0
0x01CD	0x21A3      	CALL       _Byte2Double
0x01CE	0x0870      	MOVF       R0, 0
0x01CF	0x00CB      	MOVWF      capturar_variable_L0
0x01D0	0x0871      	MOVF       R0+1, 0
0x01D1	0x00CC      	MOVWF      capturar_variable_L0+1
0x01D2	0x0872      	MOVF       R0+2, 0
0x01D3	0x00CD      	MOVWF      capturar_variable_L0+2
0x01D4	0x0873      	MOVF       R0+3, 0
0x01D5	0x00CE      	MOVWF      capturar_variable_L0+3
L_capturar0:
;KKeyPad_LCD.c,29 :: 		return variable;
0x01D6	0x084B      	MOVF       capturar_variable_L0, 0
0x01D7	0x00F0      	MOVWF      R0
0x01D8	0x084C      	MOVF       capturar_variable_L0+1, 0
0x01D9	0x00F1      	MOVWF      R0+1
0x01DA	0x084D      	MOVF       capturar_variable_L0+2, 0
0x01DB	0x00F2      	MOVWF      R0+2
0x01DC	0x084E      	MOVF       capturar_variable_L0+3, 0
0x01DD	0x00F3      	MOVWF      R0+3
;KKeyPad_LCD.c,30 :: 		}
0x01DE	0x0008      	RETURN
; end of _capturar
_Keypad_Key_Click:
;__Lib_Keypad4x4.c,76 :: 		
;__Lib_Keypad4x4.c,80 :: 		
0x01DF	0x2119      	CALL       _Keypad_Key_Press
0x01E0	0x0870      	MOVF       R0, 0
0x01E1	0x00CB      	MOVWF      Keypad_Key_Click_rslt_L0
;__Lib_Keypad4x4.c,82 :: 		
L_Keypad_Key_Click5:
0x01E2	0x300F      	MOVLW      15
0x01E3	0x0507      	ANDWF      keypadPort, 0
0x01E4	0x00F0      	MOVWF      R0
0x01E5	0x1903      	BTFSC      STATUS, 2
0x01E6	0x29E9      	GOTO       L_Keypad_Key_Click6
;__Lib_Keypad4x4.c,83 :: 		
0x01E7	0x2111      	CALL       _Delay_10us
0x01E8	0x29E2      	GOTO       L_Keypad_Key_Click5
L_Keypad_Key_Click6:
;__Lib_Keypad4x4.c,85 :: 		
0x01E9	0x084B      	MOVF       Keypad_Key_Click_rslt_L0, 0
0x01EA	0x00F0      	MOVWF      R0
;__Lib_Keypad4x4.c,86 :: 		
0x01EB	0x0008      	RETURN
; end of _Keypad_Key_Click
_Lcd_Chr:
;__Lib_Lcd.c,65 :: 		
;__Lib_Lcd.c,66 :: 		
0x01EC	0x29FE      	GOTO       L_Lcd_Chr4
;__Lib_Lcd.c,67 :: 		
L_Lcd_Chr6:
0x01ED	0x3080      	MOVLW      128
0x01EE	0x1283      	BCF        STATUS, 5
0x01EF	0x1303      	BCF        STATUS, 6
0x01F0	0x00CB      	MOVWF      FARG_Lcd_Chr_row
0x01F1	0x2A11      	GOTO       L_Lcd_Chr5
;__Lib_Lcd.c,68 :: 		
L_Lcd_Chr7:
0x01F2	0x30C0      	MOVLW      192
0x01F3	0x00CB      	MOVWF      FARG_Lcd_Chr_row
0x01F4	0x2A11      	GOTO       L_Lcd_Chr5
;__Lib_Lcd.c,69 :: 		
L_Lcd_Chr8:
0x01F5	0x3094      	MOVLW      148
0x01F6	0x00CB      	MOVWF      FARG_Lcd_Chr_row
0x01F7	0x2A11      	GOTO       L_Lcd_Chr5
;__Lib_Lcd.c,70 :: 		
L_Lcd_Chr9:
0x01F8	0x30D4      	MOVLW      212
0x01F9	0x00CB      	MOVWF      FARG_Lcd_Chr_row
0x01FA	0x2A11      	GOTO       L_Lcd_Chr5
;__Lib_Lcd.c,71 :: 		
L_Lcd_Chr10:
0x01FB	0x3080      	MOVLW      128
0x01FC	0x00CB      	MOVWF      FARG_Lcd_Chr_row
;__Lib_Lcd.c,72 :: 		
0x01FD	0x2A11      	GOTO       L_Lcd_Chr5
L_Lcd_Chr4:
0x01FE	0x1283      	BCF        STATUS, 5
0x01FF	0x1303      	BCF        STATUS, 6
0x0200	0x084B      	MOVF       FARG_Lcd_Chr_row, 0
0x0201	0x3A01      	XORLW      1
0x0202	0x1903      	BTFSC      STATUS, 2
0x0203	0x29ED      	GOTO       L_Lcd_Chr6
0x0204	0x084B      	MOVF       FARG_Lcd_Chr_row, 0
0x0205	0x3A02      	XORLW      2
0x0206	0x1903      	BTFSC      STATUS, 2
0x0207	0x29F2      	GOTO       L_Lcd_Chr7
0x0208	0x084B      	MOVF       FARG_Lcd_Chr_row, 0
0x0209	0x3A03      	XORLW      3
0x020A	0x1903      	BTFSC      STATUS, 2
0x020B	0x29F5      	GOTO       L_Lcd_Chr8
0x020C	0x084B      	MOVF       FARG_Lcd_Chr_row, 0
0x020D	0x3A04      	XORLW      4
0x020E	0x1903      	BTFSC      STATUS, 2
0x020F	0x29F8      	GOTO       L_Lcd_Chr9
0x0210	0x29FB      	GOTO       L_Lcd_Chr10
L_Lcd_Chr5:
;__Lib_Lcd.c,74 :: 		
0x0211	0x034C      	DECF       FARG_Lcd_Chr_column, 0
0x0212	0x00F0      	MOVWF      R0
0x0213	0x084B      	MOVF       FARG_Lcd_Chr_row, 0
0x0214	0x07F0      	ADDWF      R0, 1
0x0215	0x0870      	MOVF       R0, 0
0x0216	0x00CB      	MOVWF      FARG_Lcd_Chr_row
;__Lib_Lcd.c,76 :: 		
0x0217	0x1441      	BSF        __Lib_Lcd_cmd_status, BitPos(__Lib_Lcd_cmd_status+0)
;__Lib_Lcd.c,77 :: 		
0x0218	0x0870      	MOVF       R0, 0
0x0219	0x00D5      	MOVWF      FARG_Lcd_Cmd_out_char
0x021A	0x209A      	CALL       _Lcd_Cmd
;__Lib_Lcd.c,79 :: 		
0x021B	0x1041      	BCF        __Lib_Lcd_cmd_status, BitPos(__Lib_Lcd_cmd_status+0)
;__Lib_Lcd.c,80 :: 		
0x021C	0x084D      	MOVF       FARG_Lcd_Chr_out_char, 0
0x021D	0x00D5      	MOVWF      FARG_Lcd_Cmd_out_char
0x021E	0x209A      	CALL       _Lcd_Cmd
;__Lib_Lcd.c,81 :: 		
0x021F	0x1441      	BSF        __Lib_Lcd_cmd_status, BitPos(__Lib_Lcd_cmd_status+0)
;__Lib_Lcd.c,82 :: 		
0x0220	0x0008      	RETURN
; end of _Lcd_Chr
_WordToStr:
;__Lib_Conversions.c,84 :: 		
;__Lib_Conversions.c,89 :: 		
0x0221	0x1283      	BCF        STATUS, 5
0x0222	0x1303      	BCF        STATUS, 6
0x0223	0x01CE      	CLRF       WordToStr_len_L0
L_WordToStr6:
0x0224	0x3005      	MOVLW      5
0x0225	0x024E      	SUBWF      WordToStr_len_L0, 0
0x0226	0x1803      	BTFSC      STATUS, 0
0x0227	0x2A2F      	GOTO       L_WordToStr7
;__Lib_Conversions.c,90 :: 		
0x0228	0x084E      	MOVF       WordToStr_len_L0, 0
0x0229	0x074D      	ADDWF      FARG_WordToStr_output, 0
0x022A	0x0084      	MOVWF      FSR
0x022B	0x3020      	MOVLW      32
0x022C	0x0080      	MOVWF      INDF
;__Lib_Conversions.c,89 :: 		
0x022D	0x0ACE      	INCF       WordToStr_len_L0, 1
;__Lib_Conversions.c,90 :: 		
0x022E	0x2A24      	GOTO       L_WordToStr6
L_WordToStr7:
;__Lib_Conversions.c,91 :: 		
0x022F	0x084E      	MOVF       WordToStr_len_L0, 0
0x0230	0x074D      	ADDWF      FARG_WordToStr_output, 0
0x0231	0x0084      	MOVWF      FSR
0x0232	0x0180      	CLRF       INDF
0x0233	0x03CE      	DECF       WordToStr_len_L0, 1
;__Lib_Conversions.c,93 :: 		
L_WordToStr9:
;__Lib_Conversions.c,94 :: 		
0x0234	0x084E      	MOVF       WordToStr_len_L0, 0
0x0235	0x074D      	ADDWF      FARG_WordToStr_output, 0
0x0236	0x00CF      	MOVWF      FLOC__WordToStr
0x0237	0x300A      	MOVLW      10
0x0238	0x00F4      	MOVWF      R4
0x0239	0x01F5      	CLRF       R4+1
0x023A	0x084B      	MOVF       FARG_WordToStr_input, 0
0x023B	0x00F0      	MOVWF      R0
0x023C	0x084C      	MOVF       FARG_WordToStr_input+1, 0
0x023D	0x00F1      	MOVWF      R0+1
0x023E	0x216D      	CALL       _Div_16x16_U
0x023F	0x0878      	MOVF       R8, 0
0x0240	0x00F0      	MOVWF      R0
0x0241	0x0879      	MOVF       R8+1, 0
0x0242	0x00F1      	MOVWF      R0+1
0x0243	0x3030      	MOVLW      48
0x0244	0x07F0      	ADDWF      R0, 1
0x0245	0x084F      	MOVF       FLOC__WordToStr, 0
0x0246	0x0084      	MOVWF      FSR
0x0247	0x0870      	MOVF       R0, 0
0x0248	0x0080      	MOVWF      INDF
;__Lib_Conversions.c,95 :: 		
0x0249	0x300A      	MOVLW      10
0x024A	0x00F4      	MOVWF      R4
0x024B	0x01F5      	CLRF       R4+1
0x024C	0x084B      	MOVF       FARG_WordToStr_input, 0
0x024D	0x00F0      	MOVWF      R0
0x024E	0x084C      	MOVF       FARG_WordToStr_input+1, 0
0x024F	0x00F1      	MOVWF      R0+1
0x0250	0x216D      	CALL       _Div_16x16_U
0x0251	0x0870      	MOVF       R0, 0
0x0252	0x00CB      	MOVWF      FARG_WordToStr_input
0x0253	0x0871      	MOVF       R0+1, 0
0x0254	0x00CC      	MOVWF      FARG_WordToStr_input+1
;__Lib_Conversions.c,96 :: 		
0x0255	0x3000      	MOVLW      0
0x0256	0x0671      	XORWF      R0+1, 0
0x0257	0x1D03      	BTFSS      STATUS, 2
0x0258	0x2A5B      	GOTO       L__WordToStr96
0x0259	0x3000      	MOVLW      0
0x025A	0x0670      	XORWF      R0, 0
L__WordToStr96:
0x025B	0x1D03      	BTFSS      STATUS, 2
0x025C	0x2A5E      	GOTO       L_WordToStr11
;__Lib_Conversions.c,97 :: 		
0x025D	0x2A60      	GOTO       L_WordToStr10
L_WordToStr11:
;__Lib_Conversions.c,98 :: 		
0x025E	0x03CE      	DECF       WordToStr_len_L0, 1
;__Lib_Conversions.c,99 :: 		
0x025F	0x2A34      	GOTO       L_WordToStr9
L_WordToStr10:
;__Lib_Conversions.c,100 :: 		
0x0260	0x0008      	RETURN
; end of _WordToStr
_Keypad_Init:
;__Lib_Keypad4x4.c,33 :: 		
;__Lib_Keypad4x4.c,34 :: 		
0x0261	0x30FF      	MOVLW      255
0x0262	0x1683      	BSF        STATUS, 5
0x0263	0x1303      	BCF        STATUS, 6
0x0264	0x0087      	MOVWF      keypadPort+128
;__Lib_Keypad4x4.c,35 :: 		
0x0265	0x0008      	RETURN
; end of _Keypad_Init
_Lcd_Init:
;__Lib_Lcd.c,84 :: 		
;__Lib_Lcd.c,86 :: 		
0x0266	0x1683      	BSF        STATUS, 5
0x0267	0x1303      	BCF        STATUS, 6
0x0268	0x1286      	BCF        LCD_EN_Direction, BitPos(LCD_EN_Direction+0)
;__Lib_Lcd.c,87 :: 		
0x0269	0x1206      	BCF        LCD_RS_Direction, BitPos(LCD_RS_Direction+0)
;__Lib_Lcd.c,88 :: 		
0x026A	0x1006      	BCF        LCD_D4_Direction, BitPos(LCD_D4_Direction+0)
;__Lib_Lcd.c,89 :: 		
0x026B	0x1086      	BCF        LCD_D5_Direction, BitPos(LCD_D5_Direction+0)
;__Lib_Lcd.c,90 :: 		
0x026C	0x1106      	BCF        LCD_D6_Direction, BitPos(LCD_D6_Direction+0)
;__Lib_Lcd.c,91 :: 		
0x026D	0x1186      	BCF        LCD_D7_Direction, BitPos(LCD_D7_Direction+0)
;__Lib_Lcd.c,93 :: 		
0x026E	0x1283      	BCF        STATUS, 5
0x026F	0x1286      	BCF        LCD_EN, BitPos(LCD_EN+0)
;__Lib_Lcd.c,94 :: 		
0x0270	0x1206      	BCF        LCD_RS, BitPos(LCD_RS+0)
;__Lib_Lcd.c,95 :: 		
0x0271	0x1186      	BCF        LCD_D7, BitPos(LCD_D7+0)
;__Lib_Lcd.c,96 :: 		
0x0272	0x1106      	BCF        LCD_D6, BitPos(LCD_D6+0)
;__Lib_Lcd.c,97 :: 		
0x0273	0x1086      	BCF        LCD_D5, BitPos(LCD_D5+0)
;__Lib_Lcd.c,98 :: 		
0x0274	0x1006      	BCF        LCD_D4, BitPos(LCD_D4+0)
;__Lib_Lcd.c,100 :: 		
0x0275	0x2003      	CALL       _Delay_5500us
;__Lib_Lcd.c,101 :: 		
0x0276	0x2003      	CALL       _Delay_5500us
;__Lib_Lcd.c,102 :: 		
0x0277	0x2003      	CALL       _Delay_5500us
;__Lib_Lcd.c,105 :: 		
0x0278	0x1486      	BSF        LCD_D5, BitPos(LCD_D5+0)
;__Lib_Lcd.c,106 :: 		
0x0279	0x1406      	BSF        LCD_D4, BitPos(LCD_D4+0)
;__Lib_Lcd.c,107 :: 		
0x027A	0x1686      	BSF        LCD_EN, BitPos(LCD_EN+0)
;__Lib_Lcd.c,108 :: 		
0x027B	0x2010      	CALL       _Delay_1us
;__Lib_Lcd.c,109 :: 		
0x027C	0x1286      	BCF        LCD_EN, BitPos(LCD_EN+0)
;__Lib_Lcd.c,110 :: 		
0x027D	0x2003      	CALL       _Delay_5500us
;__Lib_Lcd.c,112 :: 		
0x027E	0x1686      	BSF        LCD_EN, BitPos(LCD_EN+0)
;__Lib_Lcd.c,113 :: 		
0x027F	0x2010      	CALL       _Delay_1us
;__Lib_Lcd.c,114 :: 		
0x0280	0x1286      	BCF        LCD_EN, BitPos(LCD_EN+0)
;__Lib_Lcd.c,115 :: 		
0x0281	0x2003      	CALL       _Delay_5500us
;__Lib_Lcd.c,117 :: 		
0x0282	0x1686      	BSF        LCD_EN, BitPos(LCD_EN+0)
;__Lib_Lcd.c,118 :: 		
0x0283	0x2010      	CALL       _Delay_1us
;__Lib_Lcd.c,119 :: 		
0x0284	0x1286      	BCF        LCD_EN, BitPos(LCD_EN+0)
;__Lib_Lcd.c,120 :: 		
0x0285	0x2003      	CALL       _Delay_5500us
;__Lib_Lcd.c,123 :: 		
0x0286	0x1006      	BCF        LCD_D4, BitPos(LCD_D4+0)
;__Lib_Lcd.c,124 :: 		
0x0287	0x1686      	BSF        LCD_EN, BitPos(LCD_EN+0)
;__Lib_Lcd.c,125 :: 		
0x0288	0x2010      	CALL       _Delay_1us
;__Lib_Lcd.c,126 :: 		
0x0289	0x1286      	BCF        LCD_EN, BitPos(LCD_EN+0)
;__Lib_Lcd.c,127 :: 		
0x028A	0x2003      	CALL       _Delay_5500us
;__Lib_Lcd.c,130 :: 		
0x028B	0x1686      	BSF        LCD_EN, BitPos(LCD_EN+0)
;__Lib_Lcd.c,131 :: 		
0x028C	0x2010      	CALL       _Delay_1us
;__Lib_Lcd.c,132 :: 		
0x028D	0x1286      	BCF        LCD_EN, BitPos(LCD_EN+0)
;__Lib_Lcd.c,134 :: 		
0x028E	0x1086      	BCF        LCD_D5, BitPos(LCD_D5+0)
;__Lib_Lcd.c,135 :: 		
0x028F	0x1586      	BSF        LCD_D7, BitPos(LCD_D7+0)
;__Lib_Lcd.c,136 :: 		
0x0290	0x1686      	BSF        LCD_EN, BitPos(LCD_EN+0)
;__Lib_Lcd.c,137 :: 		
0x0291	0x2010      	CALL       _Delay_1us
;__Lib_Lcd.c,138 :: 		
0x0292	0x1286      	BCF        LCD_EN, BitPos(LCD_EN+0)
;__Lib_Lcd.c,139 :: 		
0x0293	0x2003      	CALL       _Delay_5500us
;__Lib_Lcd.c,142 :: 		
0x0294	0x1186      	BCF        LCD_D7, BitPos(LCD_D7+0)
;__Lib_Lcd.c,143 :: 		
0x0295	0x1406      	BSF        LCD_D4, BitPos(LCD_D4+0)
;__Lib_Lcd.c,144 :: 		
0x0296	0x1686      	BSF        LCD_EN, BitPos(LCD_EN+0)
;__Lib_Lcd.c,145 :: 		
0x0297	0x2010      	CALL       _Delay_1us
;__Lib_Lcd.c,146 :: 		
0x0298	0x1286      	BCF        LCD_EN, BitPos(LCD_EN+0)
;__Lib_Lcd.c,148 :: 		
0x0299	0x1006      	BCF        LCD_D4, BitPos(LCD_D4+0)
;__Lib_Lcd.c,149 :: 		
0x029A	0x1686      	BSF        LCD_EN, BitPos(LCD_EN+0)
;__Lib_Lcd.c,150 :: 		
0x029B	0x2010      	CALL       _Delay_1us
;__Lib_Lcd.c,151 :: 		
0x029C	0x1286      	BCF        LCD_EN, BitPos(LCD_EN+0)
;__Lib_Lcd.c,152 :: 		
0x029D	0x2003      	CALL       _Delay_5500us
;__Lib_Lcd.c,155 :: 		
0x029E	0x1686      	BSF        LCD_EN, BitPos(LCD_EN+0)
;__Lib_Lcd.c,156 :: 		
0x029F	0x2010      	CALL       _Delay_1us
;__Lib_Lcd.c,157 :: 		
0x02A0	0x1286      	BCF        LCD_EN, BitPos(LCD_EN+0)
;__Lib_Lcd.c,159 :: 		
0x02A1	0x1406      	BSF        LCD_D4, BitPos(LCD_D4+0)
;__Lib_Lcd.c,160 :: 		
0x02A2	0x1686      	BSF        LCD_EN, BitPos(LCD_EN+0)
;__Lib_Lcd.c,161 :: 		
0x02A3	0x2010      	CALL       _Delay_1us
;__Lib_Lcd.c,162 :: 		
0x02A4	0x1286      	BCF        LCD_EN, BitPos(LCD_EN+0)
;__Lib_Lcd.c,163 :: 		
0x02A5	0x2003      	CALL       _Delay_5500us
;__Lib_Lcd.c,166 :: 		
0x02A6	0x1006      	BCF        LCD_D4, BitPos(LCD_D4+0)
;__Lib_Lcd.c,167 :: 		
0x02A7	0x1686      	BSF        LCD_EN, BitPos(LCD_EN+0)
;__Lib_Lcd.c,168 :: 		
0x02A8	0x2010      	CALL       _Delay_1us
;__Lib_Lcd.c,169 :: 		
0x02A9	0x1286      	BCF        LCD_EN, BitPos(LCD_EN+0)
;__Lib_Lcd.c,171 :: 		
0x02AA	0x1586      	BSF        LCD_D7, BitPos(LCD_D7+0)
;__Lib_Lcd.c,172 :: 		
0x02AB	0x1506      	BSF        LCD_D6, BitPos(LCD_D6+0)
;__Lib_Lcd.c,173 :: 		
0x02AC	0x1486      	BSF        LCD_D5, BitPos(LCD_D5+0)
;__Lib_Lcd.c,174 :: 		
0x02AD	0x1406      	BSF        LCD_D4, BitPos(LCD_D4+0)
;__Lib_Lcd.c,175 :: 		
0x02AE	0x1686      	BSF        LCD_EN, BitPos(LCD_EN+0)
;__Lib_Lcd.c,176 :: 		
0x02AF	0x2010      	CALL       _Delay_1us
;__Lib_Lcd.c,177 :: 		
0x02B0	0x1286      	BCF        LCD_EN, BitPos(LCD_EN+0)
;__Lib_Lcd.c,179 :: 		
0x02B1	0x2003      	CALL       _Delay_5500us
;__Lib_Lcd.c,181 :: 		
0x02B2	0x1441      	BSF        __Lib_Lcd_cmd_status, BitPos(__Lib_Lcd_cmd_status+0)
;__Lib_Lcd.c,182 :: 		
0x02B3	0x0008      	RETURN
; end of _Lcd_Init
_Lcd_Out:
;__Lib_Lcd.c,184 :: 		
;__Lib_Lcd.c,187 :: 		
0x02B4	0x2AC6      	GOTO       L_Lcd_Out11
;__Lib_Lcd.c,188 :: 		
L_Lcd_Out13:
0x02B5	0x3080      	MOVLW      128
0x02B6	0x1283      	BCF        STATUS, 5
0x02B7	0x1303      	BCF        STATUS, 6
0x02B8	0x00CB      	MOVWF      FARG_Lcd_Out_row
0x02B9	0x2AD9      	GOTO       L_Lcd_Out12
;__Lib_Lcd.c,189 :: 		
L_Lcd_Out14:
0x02BA	0x30C0      	MOVLW      192
0x02BB	0x00CB      	MOVWF      FARG_Lcd_Out_row
0x02BC	0x2AD9      	GOTO       L_Lcd_Out12
;__Lib_Lcd.c,190 :: 		
L_Lcd_Out15:
0x02BD	0x3094      	MOVLW      148
0x02BE	0x00CB      	MOVWF      FARG_Lcd_Out_row
0x02BF	0x2AD9      	GOTO       L_Lcd_Out12
;__Lib_Lcd.c,191 :: 		
L_Lcd_Out16:
0x02C0	0x30D4      	MOVLW      212
0x02C1	0x00CB      	MOVWF      FARG_Lcd_Out_row
0x02C2	0x2AD9      	GOTO       L_Lcd_Out12
;__Lib_Lcd.c,192 :: 		
L_Lcd_Out17:
0x02C3	0x3080      	MOVLW      128
0x02C4	0x00CB      	MOVWF      FARG_Lcd_Out_row
;__Lib_Lcd.c,193 :: 		
0x02C5	0x2AD9      	GOTO       L_Lcd_Out12
L_Lcd_Out11:
0x02C6	0x1283      	BCF        STATUS, 5
0x02C7	0x1303      	BCF        STATUS, 6
0x02C8	0x084B      	MOVF       FARG_Lcd_Out_row, 0
0x02C9	0x3A01      	XORLW      1
0x02CA	0x1903      	BTFSC      STATUS, 2
0x02CB	0x2AB5      	GOTO       L_Lcd_Out13
0x02CC	0x084B      	MOVF       FARG_Lcd_Out_row, 0
0x02CD	0x3A02      	XORLW      2
0x02CE	0x1903      	BTFSC      STATUS, 2
0x02CF	0x2ABA      	GOTO       L_Lcd_Out14
0x02D0	0x084B      	MOVF       FARG_Lcd_Out_row, 0
0x02D1	0x3A03      	XORLW      3
0x02D2	0x1903      	BTFSC      STATUS, 2
0x02D3	0x2ABD      	GOTO       L_Lcd_Out15
0x02D4	0x084B      	MOVF       FARG_Lcd_Out_row, 0
0x02D5	0x3A04      	XORLW      4
0x02D6	0x1903      	BTFSC      STATUS, 2
0x02D7	0x2AC0      	GOTO       L_Lcd_Out16
0x02D8	0x2AC3      	GOTO       L_Lcd_Out17
L_Lcd_Out12:
;__Lib_Lcd.c,194 :: 		
0x02D9	0x034C      	DECF       FARG_Lcd_Out_column, 0
0x02DA	0x00F0      	MOVWF      R0
0x02DB	0x084B      	MOVF       FARG_Lcd_Out_row, 0
0x02DC	0x07F0      	ADDWF      R0, 1
0x02DD	0x0870      	MOVF       R0, 0
0x02DE	0x00CB      	MOVWF      FARG_Lcd_Out_row
;__Lib_Lcd.c,196 :: 		
0x02DF	0x0870      	MOVF       R0, 0
0x02E0	0x00D5      	MOVWF      FARG_Lcd_Cmd_out_char
0x02E1	0x209A      	CALL       _Lcd_Cmd
;__Lib_Lcd.c,197 :: 		
0x02E2	0x1041      	BCF        __Lib_Lcd_cmd_status, BitPos(__Lib_Lcd_cmd_status+0)
;__Lib_Lcd.c,198 :: 		
0x02E3	0x01CE      	CLRF       Lcd_Out_i_L0
;__Lib_Lcd.c,199 :: 		
L_Lcd_Out18:
0x02E4	0x084E      	MOVF       Lcd_Out_i_L0, 0
0x02E5	0x074D      	ADDWF      FARG_Lcd_Out_text, 0
0x02E6	0x0084      	MOVWF      FSR
0x02E7	0x0800      	MOVF       INDF, 0
0x02E8	0x1903      	BTFSC      STATUS, 2
0x02E9	0x2AF2      	GOTO       L_Lcd_Out19
;__Lib_Lcd.c,200 :: 		
0x02EA	0x084E      	MOVF       Lcd_Out_i_L0, 0
0x02EB	0x074D      	ADDWF      FARG_Lcd_Out_text, 0
0x02EC	0x0084      	MOVWF      FSR
0x02ED	0x0800      	MOVF       INDF, 0
0x02EE	0x00D0      	MOVWF      FARG_Lcd_Chr_CP_out_char
0x02EF	0x2109      	CALL       _Lcd_Chr_CP
0x02F0	0x0ACE      	INCF       Lcd_Out_i_L0, 1
0x02F1	0x2AE4      	GOTO       L_Lcd_Out18
L_Lcd_Out19:
;__Lib_Lcd.c,201 :: 		
0x02F2	0x1441      	BSF        __Lib_Lcd_cmd_status, BitPos(__Lib_Lcd_cmd_status+0)
;__Lib_Lcd.c,202 :: 		
0x02F3	0x0008      	RETURN
; end of _Lcd_Out
___CC2DW:
;__Lib_System.c,24 :: 		
;__Lib_System.c,27 :: 		
_CC2D_Loop1:
;__Lib_System.c,29 :: 		
0x02F4	0x2148      	CALL       _____DoICP
0x02F5	0x118A      	BCF        PCLATH, 3
0x02F6	0x120A      	BCF        PCLATH, 4
;__Lib_System.c,31 :: 		
0x02F7	0x0080      	MOVWF      INDF
;__Lib_System.c,32 :: 		
0x02F8	0x0A84      	INCF       FSR, 1
;__Lib_System.c,33 :: 		
0x02F9	0x0AB6      	INCF       ___DoICPAddr, 1
;__Lib_System.c,35 :: 		
0x02FA	0x1903      	BTFSC      STATUS, 2
;__Lib_System.c,36 :: 		
0x02FB	0x0AB7      	INCF       ___DoICPAddr+1, 1
;__Lib_System.c,37 :: 		
0x02FC	0x03F0      	DECF       R0, 1
;__Lib_System.c,39 :: 		
0x02FD	0x1D03      	BTFSS      STATUS, 2
;__Lib_System.c,40 :: 		
0x02FE	0x2AF4      	GOTO       _CC2D_Loop1
;__Lib_System.c,42 :: 		
0x02FF	0x0008      	RETURN
; end of ___CC2DW
_main:
0x0300	0x3020      	MOVLW      32
0x0301	0x1283      	BCF        STATUS, 5
0x0302	0x1303      	BCF        STATUS, 6
0x0303	0x00A1      	MOVWF      ?lstr4_KKeyPad_LCD
0x0304	0x3020      	MOVLW      32
0x0305	0x00A2      	MOVWF      34
0x0306	0x3020      	MOVLW      32
0x0307	0x00A3      	MOVWF      35
0x0308	0x01A4      	CLRF       36
0x0309	0x3031      	MOVLW      49
0x030A	0x00A5      	MOVWF      ?lstr1_KKeyPad_LCD
0x030B	0x01A6      	CLRF       38
0x030C	0x304B      	MOVLW      75
0x030D	0x00A7      	MOVWF      ?lstr2_KKeyPad_LCD
0x030E	0x3065      	MOVLW      101
0x030F	0x00A8      	MOVWF      40
0x0310	0x3079      	MOVLW      121
0x0311	0x00A9      	MOVWF      41
0x0312	0x3020      	MOVLW      32
0x0313	0x00AA      	MOVWF      42
0x0314	0x3020      	MOVLW      32
0x0315	0x00AB      	MOVWF      43
0x0316	0x303A      	MOVLW      58
0x0317	0x00AC      	MOVWF      44
0x0318	0x01AD      	CLRF       45
0x0319	0x3054      	MOVLW      84
0x031A	0x00AE      	MOVWF      ?lstr3_KKeyPad_LCD
0x031B	0x3069      	MOVLW      105
0x031C	0x00AF      	MOVWF      47
0x031D	0x306D      	MOVLW      109
0x031E	0x00B0      	MOVWF      48
0x031F	0x3065      	MOVLW      101
0x0320	0x00B1      	MOVWF      49
0x0321	0x3073      	MOVLW      115
0x0322	0x00B2      	MOVWF      50
0x0323	0x303A      	MOVLW      58
0x0324	0x00B3      	MOVWF      51
0x0325	0x01B4      	CLRF       52
;KKeyPad_LCD.c,32 :: 		void main() {
;KKeyPad_LCD.c,33 :: 		cnt = 0;                                 // Reset counter
0x0326	0x01C9      	CLRF       _cnt
;KKeyPad_LCD.c,34 :: 		Keypad_Init();                           // Initialize Keypad
0x0327	0x2261      	CALL       _Keypad_Init
;KKeyPad_LCD.c,35 :: 		ANSEL  = 0;                              // Configure AN pins as digital I/O
0x0328	0x1703      	BSF        STATUS, 6
0x0329	0x0188      	CLRF       ANSEL
;KKeyPad_LCD.c,36 :: 		ANSELH = 0;
0x032A	0x0189      	CLRF       ANSELH
;KKeyPad_LCD.c,37 :: 		Lcd_Init();                              // Initialize LCD
0x032B	0x2266      	CALL       _Lcd_Init
;KKeyPad_LCD.c,38 :: 		Lcd_Cmd(_LCD_CLEAR);                     // Clear display
0x032C	0x3001      	MOVLW      1
0x032D	0x00D5      	MOVWF      FARG_Lcd_Cmd_out_char
0x032E	0x209A      	CALL       _Lcd_Cmd
;KKeyPad_LCD.c,39 :: 		Lcd_Cmd(_LCD_CURSOR_OFF);                // Cursor off
0x032F	0x300C      	MOVLW      12
0x0330	0x00D5      	MOVWF      FARG_Lcd_Cmd_out_char
0x0331	0x209A      	CALL       _Lcd_Cmd
;KKeyPad_LCD.c,40 :: 		Lcd_Out(1, 1, "1");
0x0332	0x3001      	MOVLW      1
0x0333	0x00CB      	MOVWF      FARG_Lcd_Out_row
0x0334	0x3001      	MOVLW      1
0x0335	0x00CC      	MOVWF      FARG_Lcd_Out_column
0x0336	0x3025      	MOVLW      ?lstr1_KKeyPad_LCD
0x0337	0x00CD      	MOVWF      FARG_Lcd_Out_text
0x0338	0x22B4      	CALL       _Lcd_Out
;KKeyPad_LCD.c,41 :: 		Lcd_Out(1, 1, "Key  :");                 // Write message text on LCD
0x0339	0x3001      	MOVLW      1
0x033A	0x00CB      	MOVWF      FARG_Lcd_Out_row
0x033B	0x3001      	MOVLW      1
0x033C	0x00CC      	MOVWF      FARG_Lcd_Out_column
0x033D	0x3027      	MOVLW      ?lstr2_KKeyPad_LCD
0x033E	0x00CD      	MOVWF      FARG_Lcd_Out_text
0x033F	0x22B4      	CALL       _Lcd_Out
;KKeyPad_LCD.c,42 :: 		Lcd_Out(2, 1, "Times:");
0x0340	0x3002      	MOVLW      2
0x0341	0x00CB      	MOVWF      FARG_Lcd_Out_row
0x0342	0x3001      	MOVLW      1
0x0343	0x00CC      	MOVWF      FARG_Lcd_Out_column
0x0344	0x302E      	MOVLW      ?lstr3_KKeyPad_LCD
0x0345	0x00CD      	MOVWF      FARG_Lcd_Out_text
0x0346	0x22B4      	CALL       _Lcd_Out
;KKeyPad_LCD.c,44 :: 		do {
L_main1:
;KKeyPad_LCD.c,45 :: 		kp = 0;                                // Reset key code variable
0x0347	0x01CA      	CLRF       _kp
;KKeyPad_LCD.c,48 :: 		kp = Keypad_Key_Click();             // Store key code in kp variable
0x0348	0x21DF      	CALL       _Keypad_Key_Click
0x0349	0x0870      	MOVF       R0, 0
0x034A	0x00CA      	MOVWF      _kp
;KKeyPad_LCD.c,51 :: 		switch (kp) {
0x034B	0x2B8F      	GOTO       L_main4
;KKeyPad_LCD.c,52 :: 		case  1: kp = 55; oldstate=7; break; // 7        // Uncomment this block for keypad4x4
L_main6:
0x034C	0x3037      	MOVLW      55
0x034D	0x00CA      	MOVWF      _kp
0x034E	0x3007      	MOVLW      7
0x034F	0x00C8      	MOVWF      _oldstate
0x0350	0x2BCF      	GOTO       L_main5
;KKeyPad_LCD.c,53 :: 		case  2: kp = 56; oldstate=8; break; // 8
L_main7:
0x0351	0x3038      	MOVLW      56
0x0352	0x00CA      	MOVWF      _kp
0x0353	0x3008      	MOVLW      8
0x0354	0x00C8      	MOVWF      _oldstate
0x0355	0x2BCF      	GOTO       L_main5
;KKeyPad_LCD.c,54 :: 		case  3: kp = 57; oldstate=9; break; // 9
L_main8:
0x0356	0x3039      	MOVLW      57
0x0357	0x00CA      	MOVWF      _kp
0x0358	0x3009      	MOVLW      9
0x0359	0x00C8      	MOVWF      _oldstate
0x035A	0x2BCF      	GOTO       L_main5
;KKeyPad_LCD.c,55 :: 		case  4: kp = 'E'; break; // ENTER
L_main9:
0x035B	0x3045      	MOVLW      69
0x035C	0x00CA      	MOVWF      _kp
0x035D	0x2BCF      	GOTO       L_main5
;KKeyPad_LCD.c,56 :: 		case  5: kp = 52; oldstate=4; break; // 4
L_main10:
0x035E	0x3034      	MOVLW      52
0x035F	0x00CA      	MOVWF      _kp
0x0360	0x3004      	MOVLW      4
0x0361	0x00C8      	MOVWF      _oldstate
0x0362	0x2BCF      	GOTO       L_main5
;KKeyPad_LCD.c,57 :: 		case  6: kp = 53; oldstate=5; break; // 5
L_main11:
0x0363	0x3035      	MOVLW      53
0x0364	0x00CA      	MOVWF      _kp
0x0365	0x3005      	MOVLW      5
0x0366	0x00C8      	MOVWF      _oldstate
0x0367	0x2BCF      	GOTO       L_main5
;KKeyPad_LCD.c,58 :: 		case  7: kp = 54; oldstate=6; break; // 6
L_main12:
0x0368	0x3036      	MOVLW      54
0x0369	0x00CA      	MOVWF      _kp
0x036A	0x3006      	MOVLW      6
0x036B	0x00C8      	MOVWF      _oldstate
0x036C	0x2BCF      	GOTO       L_main5
;KKeyPad_LCD.c,59 :: 		case  8: kp = 'x'; break; // x
L_main13:
0x036D	0x3078      	MOVLW      120
0x036E	0x00CA      	MOVWF      _kp
0x036F	0x2BCF      	GOTO       L_main5
;KKeyPad_LCD.c,60 :: 		case  9: kp = 49; oldstate=1; break; // 1
L_main14:
0x0370	0x3031      	MOVLW      49
0x0371	0x00CA      	MOVWF      _kp
0x0372	0x3001      	MOVLW      1
0x0373	0x00C8      	MOVWF      _oldstate
0x0374	0x2BCF      	GOTO       L_main5
;KKeyPad_LCD.c,61 :: 		case 10: kp = 50; oldstate=2; break; // 2
L_main15:
0x0375	0x3032      	MOVLW      50
0x0376	0x00CA      	MOVWF      _kp
0x0377	0x3002      	MOVLW      2
0x0378	0x00C8      	MOVWF      _oldstate
0x0379	0x2BCF      	GOTO       L_main5
;KKeyPad_LCD.c,62 :: 		case 11: kp = 51; oldstate=3; break; // 3
L_main16:
0x037A	0x3033      	MOVLW      51
0x037B	0x00CA      	MOVWF      _kp
0x037C	0x3003      	MOVLW      3
0x037D	0x00C8      	MOVWF      _oldstate
0x037E	0x2BCF      	GOTO       L_main5
;KKeyPad_LCD.c,63 :: 		case 12: kp = '-'; break; // -
L_main17:
0x037F	0x302D      	MOVLW      45
0x0380	0x00CA      	MOVWF      _kp
0x0381	0x2BCF      	GOTO       L_main5
;KKeyPad_LCD.c,64 :: 		case 13: kp = 'C'; break; // C
L_main18:
0x0382	0x3043      	MOVLW      67
0x0383	0x00CA      	MOVWF      _kp
0x0384	0x2BCF      	GOTO       L_main5
;KKeyPad_LCD.c,65 :: 		case 14: kp = 48; oldstate=0; break; // 0
L_main19:
0x0385	0x3030      	MOVLW      48
0x0386	0x00CA      	MOVWF      _kp
0x0387	0x01C8      	CLRF       _oldstate
0x0388	0x2BCF      	GOTO       L_main5
;KKeyPad_LCD.c,66 :: 		case 15: kp = '='; break; // =
L_main20:
0x0389	0x303D      	MOVLW      61
0x038A	0x00CA      	MOVWF      _kp
0x038B	0x2BCF      	GOTO       L_main5
;KKeyPad_LCD.c,67 :: 		case 16: kp = '+'; break; // +
L_main21:
0x038C	0x302B      	MOVLW      43
0x038D	0x00CA      	MOVWF      _kp
0x038E	0x2BCF      	GOTO       L_main5
;KKeyPad_LCD.c,68 :: 		}
L_main4:
0x038F	0x084A      	MOVF       _kp, 0
0x0390	0x3A01      	XORLW      1
0x0391	0x1903      	BTFSC      STATUS, 2
0x0392	0x2B4C      	GOTO       L_main6
0x0393	0x084A      	MOVF       _kp, 0
0x0394	0x3A02      	XORLW      2
0x0395	0x1903      	BTFSC      STATUS, 2
0x0396	0x2B51      	GOTO       L_main7
0x0397	0x084A      	MOVF       _kp, 0
0x0398	0x3A03      	XORLW      3
0x0399	0x1903      	BTFSC      STATUS, 2
0x039A	0x2B56      	GOTO       L_main8
0x039B	0x084A      	MOVF       _kp, 0
0x039C	0x3A04      	XORLW      4
0x039D	0x1903      	BTFSC      STATUS, 2
0x039E	0x2B5B      	GOTO       L_main9
0x039F	0x084A      	MOVF       _kp, 0
0x03A0	0x3A05      	XORLW      5
0x03A1	0x1903      	BTFSC      STATUS, 2
0x03A2	0x2B5E      	GOTO       L_main10
0x03A3	0x084A      	MOVF       _kp, 0
0x03A4	0x3A06      	XORLW      6
0x03A5	0x1903      	BTFSC      STATUS, 2
0x03A6	0x2B63      	GOTO       L_main11
0x03A7	0x084A      	MOVF       _kp, 0
0x03A8	0x3A07      	XORLW      7
0x03A9	0x1903      	BTFSC      STATUS, 2
0x03AA	0x2B68      	GOTO       L_main12
0x03AB	0x084A      	MOVF       _kp, 0
0x03AC	0x3A08      	XORLW      8
0x03AD	0x1903      	BTFSC      STATUS, 2
0x03AE	0x2B6D      	GOTO       L_main13
0x03AF	0x084A      	MOVF       _kp, 0
0x03B0	0x3A09      	XORLW      9
0x03B1	0x1903      	BTFSC      STATUS, 2
0x03B2	0x2B70      	GOTO       L_main14
0x03B3	0x084A      	MOVF       _kp, 0
0x03B4	0x3A0A      	XORLW      10
0x03B5	0x1903      	BTFSC      STATUS, 2
0x03B6	0x2B75      	GOTO       L_main15
0x03B7	0x084A      	MOVF       _kp, 0
0x03B8	0x3A0B      	XORLW      11
0x03B9	0x1903      	BTFSC      STATUS, 2
0x03BA	0x2B7A      	GOTO       L_main16
0x03BB	0x084A      	MOVF       _kp, 0
0x03BC	0x3A0C      	XORLW      12
0x03BD	0x1903      	BTFSC      STATUS, 2
0x03BE	0x2B7F      	GOTO       L_main17
0x03BF	0x084A      	MOVF       _kp, 0
0x03C0	0x3A0D      	XORLW      13
0x03C1	0x1903      	BTFSC      STATUS, 2
0x03C2	0x2B82      	GOTO       L_main18
0x03C3	0x084A      	MOVF       _kp, 0
0x03C4	0x3A0E      	XORLW      14
0x03C5	0x1903      	BTFSC      STATUS, 2
0x03C6	0x2B85      	GOTO       L_main19
0x03C7	0x084A      	MOVF       _kp, 0
0x03C8	0x3A0F      	XORLW      15
0x03C9	0x1903      	BTFSC      STATUS, 2
0x03CA	0x2B89      	GOTO       L_main20
0x03CB	0x084A      	MOVF       _kp, 0
0x03CC	0x3A10      	XORLW      16
0x03CD	0x1903      	BTFSC      STATUS, 2
0x03CE	0x2B8C      	GOTO       L_main21
L_main5:
;KKeyPad_LCD.c,70 :: 		if (kp!='E') {
0x03CF	0x084A      	MOVF       _kp, 0
0x03D0	0x3A45      	XORLW      69
0x03D1	0x1903      	BTFSC      STATUS, 2
0x03D2	0x2BDC      	GOTO       L_main22
;KKeyPad_LCD.c,71 :: 		if (temp1==0) temp1=oldstate;
0x03D3	0x0835      	MOVF       _temp1, 0
0x03D4	0x3A00      	XORLW      0
0x03D5	0x1D03      	BTFSS      STATUS, 2
0x03D6	0x2BDA      	GOTO       L_main23
0x03D7	0x0848      	MOVF       _oldstate, 0
0x03D8	0x00B5      	MOVWF      _temp1
0x03D9	0x2BDC      	GOTO       L_main24
L_main23:
;KKeyPad_LCD.c,72 :: 		else temp2=oldstate;
0x03DA	0x0848      	MOVF       _oldstate, 0
0x03DB	0x00B8      	MOVWF      _temp2
L_main24:
;KKeyPad_LCD.c,73 :: 		}
L_main22:
;KKeyPad_LCD.c,75 :: 		if (kp=='E') {
0x03DC	0x084A      	MOVF       _kp, 0
0x03DD	0x3A45      	XORLW      69
0x03DE	0x1D03      	BTFSS      STATUS, 2
0x03DF	0x2C05      	GOTO       L_main25
;KKeyPad_LCD.c,76 :: 		switch (cnt) {
0x03E0	0x2BF9      	GOTO       L_main26
;KKeyPad_LCD.c,77 :: 		case  0: cnt++; variable1 = capturar(); break;
L_main28:
0x03E1	0x0AC9      	INCF       _cnt, 1
0x03E2	0x21B3      	CALL       _capturar
0x03E3	0x0870      	MOVF       R0, 0
0x03E4	0x00BD      	MOVWF      _variable1
0x03E5	0x0871      	MOVF       R0+1, 0
0x03E6	0x00BE      	MOVWF      _variable1+1
0x03E7	0x0872      	MOVF       R0+2, 0
0x03E8	0x00BF      	MOVWF      _variable1+2
0x03E9	0x0873      	MOVF       R0+3, 0
0x03EA	0x00C0      	MOVWF      _variable1+3
0x03EB	0x2C05      	GOTO       L_main27
;KKeyPad_LCD.c,78 :: 		case  1: cnt++; break;
L_main29:
0x03EC	0x0AC9      	INCF       _cnt, 1
0x03ED	0x2C05      	GOTO       L_main27
;KKeyPad_LCD.c,79 :: 		case  2: cnt=0; variable2 = capturar(); break;
L_main30:
0x03EE	0x01C9      	CLRF       _cnt
0x03EF	0x21B3      	CALL       _capturar
0x03F0	0x0870      	MOVF       R0, 0
0x03F1	0x00B9      	MOVWF      _variable2
0x03F2	0x0871      	MOVF       R0+1, 0
0x03F3	0x00BA      	MOVWF      _variable2+1
0x03F4	0x0872      	MOVF       R0+2, 0
0x03F5	0x00BB      	MOVWF      _variable2+2
0x03F6	0x0873      	MOVF       R0+3, 0
0x03F7	0x00BC      	MOVWF      _variable2+3
0x03F8	0x2C05      	GOTO       L_main27
;KKeyPad_LCD.c,80 :: 		}
L_main26:
0x03F9	0x0849      	MOVF       _cnt, 0
0x03FA	0x3A00      	XORLW      0
0x03FB	0x1903      	BTFSC      STATUS, 2
0x03FC	0x2BE1      	GOTO       L_main28
0x03FD	0x0849      	MOVF       _cnt, 0
0x03FE	0x3A01      	XORLW      1
0x03FF	0x1903      	BTFSC      STATUS, 2
0x0400	0x2BEC      	GOTO       L_main29
0x0401	0x0849      	MOVF       _cnt, 0
0x0402	0x3A02      	XORLW      2
0x0403	0x1903      	BTFSC      STATUS, 2
0x0404	0x2BEE      	GOTO       L_main30
L_main27:
;KKeyPad_LCD.c,81 :: 		}
L_main25:
;KKeyPad_LCD.c,87 :: 		Lcd_Chr(1, 10, kp);                    // Print key ASCII value on LCD
0x0405	0x3001      	MOVLW      1
0x0406	0x00CB      	MOVWF      FARG_Lcd_Chr_row
0x0407	0x300A      	MOVLW      10
0x0408	0x00CC      	MOVWF      FARG_Lcd_Chr_column
0x0409	0x084A      	MOVF       _kp, 0
0x040A	0x00CD      	MOVWF      FARG_Lcd_Chr_out_char
0x040B	0x21EC      	CALL       _Lcd_Chr
;KKeyPad_LCD.c,89 :: 		if (cnt == 255) {                      // If counter varialble overflow
0x040C	0x0849      	MOVF       _cnt, 0
0x040D	0x3AFF      	XORLW      255
0x040E	0x1D03      	BTFSS      STATUS, 2
0x040F	0x2C18      	GOTO       L_main31
;KKeyPad_LCD.c,90 :: 		cnt = 0;
0x0410	0x01C9      	CLRF       _cnt
;KKeyPad_LCD.c,91 :: 		Lcd_Out(2, 10, "   ");
0x0411	0x3002      	MOVLW      2
0x0412	0x00CB      	MOVWF      FARG_Lcd_Out_row
0x0413	0x300A      	MOVLW      10
0x0414	0x00CC      	MOVWF      FARG_Lcd_Out_column
0x0415	0x3021      	MOVLW      ?lstr4_KKeyPad_LCD
0x0416	0x00CD      	MOVWF      FARG_Lcd_Out_text
0x0417	0x22B4      	CALL       _Lcd_Out
;KKeyPad_LCD.c,92 :: 		}
L_main31:
;KKeyPad_LCD.c,94 :: 		WordToStr(cnt, txt);                   // Transform counter value to string
0x0418	0x0849      	MOVF       _cnt, 0
0x0419	0x00CB      	MOVWF      FARG_WordToStr_input
0x041A	0x01CC      	CLRF       FARG_WordToStr_input+1
0x041B	0x3042      	MOVLW      _txt
0x041C	0x00CD      	MOVWF      FARG_WordToStr_output
0x041D	0x2221      	CALL       _WordToStr
;KKeyPad_LCD.c,95 :: 		Lcd_Out(2, 10, txt);                   // Display counter value on LCD
0x041E	0x3002      	MOVLW      2
0x041F	0x00CB      	MOVWF      FARG_Lcd_Out_row
0x0420	0x300A      	MOVLW      10
0x0421	0x00CC      	MOVWF      FARG_Lcd_Out_column
0x0422	0x3042      	MOVLW      _txt
0x0423	0x00CD      	MOVWF      FARG_Lcd_Out_text
0x0424	0x22B4      	CALL       _Lcd_Out
;KKeyPad_LCD.c,97 :: 		} while (1);
0x0425	0x2B47      	GOTO       L_main1
;KKeyPad_LCD.c,98 :: 		}
0x0426	0x2C26      	GOTO       $+0
; end of _main
Symbol List:
//** Routines locations **
//ADDRESS    SIZE    PROCEDURE
//----------------------------------------------
0x0003      [13]    _Delay_5500us
0x0010       [6]    _Delay_1us
0x0016      [12]    _SETFOV32
0x0022       [7]    _Delay_50us
0x0029      [12]    _SETFUN32
0x0035       [4]    _FIXSIGN32
0x0039       [7]    _RES032
0x0040      [90]    _NRM4032
0x009A      [64]    _Lcd_Cmd
0x00DA      [47]    _NRM3232
0x0109       [8]    _Lcd_Chr_CP
0x0111       [8]    _Delay_10us
0x0119      [47]    _Keypad_Key_Press
0x0148       [7]    _____DoICP
0x014F      [30]    _Int2Double
0x016D      [29]    _Div_16x16_U
0x018A      [25]    _Mul_8x8_U
0x01A3      [16]    _Byte2Double
0x01B3      [44]    _capturar
0x01DF      [13]    _Keypad_Key_Click
0x01EC      [53]    _Lcd_Chr
0x0221      [64]    _WordToStr
0x0261       [5]    _Keypad_Init
0x0266      [78]    _Lcd_Init
0x02B4      [64]    _Lcd_Out
0x02F4      [12]    ___CC2DW
0x0300     [295]    _main
//** Variables locations ** 
//ADDRESS    SIZE    VARIABLE
//----------------------------------------------
0x0000       [1]    INDF
0x0001       [1]    TMR0
0x0002       [1]    PCL
0x0003       [0]    NOT_PD_bit
0x0003       [0]    DC_bit
0x0003       [0]    NOT_TO_bit
0x0003       [0]    Z_bit
0x0003       [0]    RP0_bit
0x0003       [0]    IRP_bit
0x0003       [0]    RP1_bit
0x0003       [1]    STATUS
0x0003       [0]    C_bit
0x0004       [1]    FSRPTR
0x0004       [1]    FSR
0x0005       [1]    PORTA
0x0005       [0]    RA1_bit
0x0005       [0]    RA6_bit
0x0005       [0]    RA7_bit
0x0005       [0]    RA5_bit
0x0005       [0]    RA3_bit
0x0005       [0]    RA2_bit
0x0005       [0]    RA4_bit
0x0005       [0]    RA0_bit
0x0006       [1]    PORTB
0x0006       [0]    LCD_D6
0x0006       [0]    RB4_bit
0x0006       [0]    LCD_D7
0x0006       [0]    RB5_bit
0x0006       [0]    RB6_bit
0x0006       [0]    LCD_RS
0x0006       [0]    LCD_EN
0x0006       [0]    LCD_D5
0x0006       [0]    LCD_D4
0x0006       [0]    RB7_bit
0x0006       [0]    RB0_bit
0x0006       [0]    RB2_bit
0x0006       [0]    RB1_bit
0x0006       [0]    RB3_bit
0x0007       [0]    RC1_bit
0x0007       [0]    RC5_bit
0x0007       [1]    keypadPort
0x0007       [0]    RC2_bit
0x0007       [0]    RC3_bit
0x0007       [0]    RC6_bit
0x0007       [1]    PORTC
0x0007       [0]    RC0_bit
0x0007       [0]    RC7_bit
0x0007       [0]    RC4_bit
0x0009       [0]    RE3_bit
0x0009       [1]    PORTE
0x000A       [1]    PCLATH
0x000B       [0]    TMR0IE_bit
0x000B       [0]    T0IE_bit
0x000B       [0]    GIE_bit
0x000B       [0]    PEIE_bit
0x000B       [0]    INTE_bit
0x000B       [0]    INTF_bit
0x000B       [0]    RBIF_bit
0x000B       [1]    INTCON
0x000B       [0]    RBIE_bit
0x000B       [0]    T0IF_bit
0x000B       [0]    TMR0IF_bit
0x000C       [0]    SSPIF_bit
0x000C       [0]    TMR2IF_bit
0x000C       [1]    PIR1
0x000C       [0]    TMR1IF_bit
0x000C       [0]    CCP1IF_bit
0x000C       [0]    TXIF_bit
0x000C       [0]    ADIF_bit
0x000C       [0]    RCIF_bit
0x000D       [0]    ULPWUIF_bit
0x000D       [0]    CCP2IF_bit
0x000D       [1]    PIR2
0x000D       [0]    BCLIF_bit
0x000D       [0]    C2IF_bit
0x000D       [0]    OSFIF_bit
0x000D       [0]    EEIF_bit
0x000D       [0]    C1IF_bit
0x000E       [1]    TMR1L
0x000F       [1]    TMR1H
0x0010       [0]    T1INSYNC_bit
0x0010       [0]    TMR1CS_bit
0x0010       [0]    T1SYNC_bit
0x0010       [1]    T1CON
0x0010       [0]    TMR1ON_bit
0x0010       [0]    NOT_T1SYNC_bit
0x0010       [0]    T1CKPS1_bit
0x0010       [0]    TMR1GE_bit
0x0010       [0]    T1GINV_bit
0x0010       [0]    T1OSCEN_bit
0x0010       [0]    T1CKPS0_bit
0x0011       [1]    TMR2
0x0012       [0]    TMR2ON_bit
0x0012       [1]    T2CON
0x0012       [0]    T2CKPS0_bit
0x0012       [0]    T2CKPS1_bit
0x0012       [0]    TOUTPS2_bit
0x0012       [0]    TOUTPS3_bit
0x0012       [0]    TOUTPS0_bit
0x0012       [0]    TOUTPS1_bit
0x0013       [1]    SSPBUF
0x0014       [0]    SSPM3_bit
0x0014       [0]    CKP_bit
0x0014       [0]    SSPM1_bit
0x0014       [0]    SSPM2_bit
0x0014       [0]    SSPEN_bit
0x0014       [1]    SSPCON
0x0014       [0]    SSPM0_bit
0x0014       [0]    SSPOV_bit
0x0014       [0]    WCOL_bit
0x0015       [1]    CCPR1L
0x0015       [2]    CCPR1
0x0016       [1]    CCPR1H
0x0017       [0]    CCP1X_bit
0x0017       [0]    DC1B0_bit
0x0017       [0]    DC1B1_bit
0x0017       [0]    P1M1_bit
0x0017       [0]    P1M0_bit
0x0017       [0]    CCP1M1_bit
0x0017       [0]    CCP1M0_bit
0x0017       [0]    CCP1M2_bit
0x0017       [0]    CCP1Y_bit
0x0017       [0]    CCP1M3_bit
0x0017       [1]    CCP1CON
0x0018       [0]    NOT_RC8_bit
0x0018       [0]    RC8_9_bit
0x0018       [0]    SREN_bit
0x0018       [0]    SPEN_bit
0x0018       [0]    RX9_bit
0x0018       [0]    RC9_bit
0x0018       [0]    CREN_bit
0x0018       [0]    RX9D_bit
0x0018       [0]    RCD8_bit
0x0018       [1]    RCSTA
0x0018       [0]    ADDEN_bit
0x0018       [0]    FERR_bit
0x0018       [0]    OERR_bit
0x0019       [1]    TXREG
0x001A       [1]    RCREG
0x001B       [2]    CCPR2
0x001B       [1]    CCPR2L
0x001C       [1]    CCPR2H
0x001D       [0]    DC2B1_bit
0x001D       [0]    CCP2X_bit
0x001D       [0]    CCP2Y_bit
0x001D       [0]    CCP2M1_bit
0x001D       [0]    CCP2M0_bit
0x001D       [1]    CCP2CON
0x001D       [0]    DC2B0_bit
0x001D       [0]    CCP2M3_bit
0x001D       [0]    CCP2M2_bit
0x001E       [1]    ADRESH
0x001F       [0]    GO_bit
0x001F       [0]    CHS3_bit
0x001F       [0]    GO_DONE_bit
0x001F       [0]    ADCS1_bit
0x001F       [0]    ADCS0_bit
0x001F       [0]    NOT_DONE_bit
0x001F       [1]    ADCON0
0x001F       [0]    CHS1_bit
0x001F       [0]    CHS0_bit
0x001F       [0]    ADON_bit
0x001F       [0]    CHS2_bit
0x0020       [1]    __math_tempbD
0x0021       [4]    ?lstr4_KKeyPad_LCD
0x0025       [2]    ?lstr1_KKeyPad_LCD
0x0027       [7]    ?lstr2_KKeyPad_LCD
0x002E       [7]    ?lstr3_KKeyPad_LCD
0x0035       [1]    _temp1
0x0036       [2]    ___DoICPAddr
0x0038       [1]    _temp2
0x0039       [4]    _variable2
0x003D       [4]    _variable1
0x0041       [0]    __Lib_Lcd_cmd_status
0x0042       [6]    _txt
0x0048       [1]    _oldstate
0x0049       [1]    _cnt
0x004A       [1]    _kp
0x004B       [1]    FARG_Lcd_Out_row
0x004B       [4]    capturar_variable_L0
0x004B       [2]    FARG_WordToStr_input
0x004B       [1]    FARG_Lcd_Chr_row
0x004B       [1]    Keypad_Key_Click_rslt_L0
0x004C       [1]    FARG_Lcd_Out_column
0x004C       [1]    FARG_Lcd_Chr_column
0x004D       [1]    FARG_WordToStr_output
0x004D       [1]    FARG_Lcd_Chr_out_char
0x004D       [1]    FARG_Lcd_Out_text
0x004E       [1]    Lcd_Out_i_L0
0x004E       [1]    WordToStr_len_L0
0x004F       [1]    FLOC__WordToStr
0x0050       [1]    Keypad_Key_Press_rslt_L0
0x0050       [1]    FARG_Lcd_Chr_CP_out_char
0x0051       [1]    Keypad_Key_Press_kdata_L0
0x0052       [1]    Keypad_Key_Press_loc_L0
0x0053       [1]    Keypad_Key_Press_rowcnt_L0
0x0054       [1]    Keypad_Key_Press_shifter_L0
0x0055       [1]    FARG_Lcd_Cmd_out_char
0x0070       [1]    R0
0x0071       [1]    R1
0x0072       [1]    R2
0x0073       [1]    R3
0x0074       [1]    R4
0x0075       [1]    R5
0x0076       [1]    R6
0x0077       [1]    R7
0x0078       [1]    R8
0x0079       [1]    R9
0x007A       [1]    R10
0x007B       [1]    R11
0x007C       [1]    R12
0x007D       [1]    R13
0x007E       [1]    R14
0x007F       [1]    R15
0x0081       [1]    OPTION_REG
0x0081       [0]    INTEDG_bit
0x0081       [0]    PS2_bit
0x0081       [0]    NOT_RBPU_bit
0x0081       [0]    T0CS_bit
0x0081       [0]    T0SE_bit
0x0081       [0]    PSA_bit
0x0081       [0]    PS1_bit
0x0081       [0]    PS0_bit
0x0085       [0]    TRISA1_bit
0x0085       [0]    TRISA0_bit
0x0085       [1]    TRISA
0x0085       [0]    TRISA3_bit
0x0085       [0]    TRISA4_bit
0x0085       [0]    TRISA2_bit
0x0085       [0]    TRISA6_bit
0x0085       [0]    TRISA7_bit
0x0085       [0]    TRISA5_bit
0x0086       [0]    TRISB3_bit
0x0086       [1]    TRISB
0x0086       [0]    TRISB2_bit
0x0086       [0]    TRISB6_bit
0x0086       [0]    TRISB7_bit
0x0086       [0]    TRISB4_bit
0x0086       [0]    TRISB5_bit
0x0086       [0]    LCD_D4_Direction
0x0086       [0]    LCD_D5_Direction
0x0086       [0]    LCD_RS_Direction
0x0086       [0]    LCD_EN_Direction
0x0086       [0]    TRISB0_bit
0x0086       [0]    TRISB1_bit
0x0086       [0]    LCD_D6_Direction
0x0086       [0]    LCD_D7_Direction
0x0087       [0]    TRISC4_bit
0x0087       [0]    TRISC3_bit
0x0087       [1]    TRISC
0x0087       [0]    TRISC5_bit
0x0087       [0]    TRISC6_bit
0x0087       [0]    TRISC0_bit
0x0087       [0]    TRISC1_bit
0x0087       [0]    TRISC7_bit
0x0087       [0]    TRISC2_bit
0x0089       [0]    TRISE3_bit
0x0089       [1]    TRISE
0x008C       [0]    TXIE_bit
0x008C       [0]    SSPIE_bit
0x008C       [0]    TMR2IE_bit
0x008C       [0]    CCP1IE_bit
0x008C       [0]    ADIE_bit
0x008C       [0]    RCIE_bit
0x008C       [1]    PIE1
0x008C       [0]    TMR1IE_bit
0x008D       [0]    C1IE_bit
0x008D       [0]    C2IE_bit
0x008D       [0]    OSFIE_bit
0x008D       [1]    PIE2
0x008D       [0]    BCLIE_bit
0x008D       [0]    EEIE_bit
0x008D       [0]    ULPWUIE_bit
0x008D       [0]    CCP2IE_bit
0x008E       [0]    NOT_BO_bit
0x008E       [0]    SBOREN_bit
0x008E       [0]    NOT_POR_bit
0x008E       [0]    ULPWUE_bit
0x008E       [1]    PCON
0x008E       [0]    NOT_BOR_bit
0x008F       [0]    HTS_bit
0x008F       [0]    OSTS_bit
0x008F       [1]    OSCCON
0x008F       [0]    SCS_bit
0x008F       [0]    LTS_bit
0x008F       [0]    IRCF0_bit
0x008F       [0]    IRCF1_bit
0x008F       [0]    IRCF2_bit
0x0090       [1]    OSCTUNE
0x0090       [0]    TUN4_bit
0x0090       [0]    TUN1_bit
0x0090       [0]    TUN2_bit
0x0090       [0]    TUN0_bit
0x0090       [0]    TUN3_bit
0x0091       [0]    ACKEN_bit
0x0091       [1]    SSPCON2
0x0091       [0]    RCEN_bit
0x0091       [0]    RSEN_bit
0x0091       [0]    SEN_bit
0x0091       [0]    ACKDT_bit
0x0091       [0]    ACKSTAT_bit
0x0091       [0]    PEN_bit
0x0091       [0]    GCEN_bit
0x0092       [1]    PR2
0x0093       [1]    SSPMSK
0x0093       [1]    SSPADD
0x0093       [1]    MSK
0x0094       [0]    R_bit
0x0094       [0]    NOT_W_bit
0x0094       [1]    SSPSTAT
0x0094       [0]    I2C_READ_bit
0x0094       [0]    R_W_bit
0x0094       [0]    BF_bit
0x0094       [0]    NOT_WRITE_bit
0x0094       [0]    UA_bit
0x0094       [0]    READ_WRITE_bit
0x0094       [0]    I2C_START__bit
0x0094       [0]    I2C_DATA_bit
0x0094       [0]    NOT_A_bit
0x0094       [0]    D_bit
0x0094       [0]    SMP_bit
0x0094       [0]    CKE_bit
0x0094       [0]    NOT_ADDRESS_bit
0x0094       [0]    I2C_STOP__bit
0x0094       [0]    S_bit
0x0094       [0]    P_bit
0x0094       [0]    D_A_bit
0x0094       [0]    DATA_ADDRESS_bit
0x0095       [0]    WPUB2_bit
0x0095       [0]    WPUB3_bit
0x0095       [0]    WPUB0_bit
0x0095       [0]    WPUB1_bit
0x0095       [0]    WPUB4_bit
0x0095       [0]    WPUB6_bit
0x0095       [0]    WPUB7_bit
0x0095       [0]    WPUB5_bit
0x0095       [1]    WPUB
0x0096       [0]    IOCB7_bit
0x0096       [0]    IOCB1_bit
0x0096       [0]    IOCB2_bit
0x0096       [1]    IOCB
0x0096       [0]    IOCB0_bit
0x0096       [0]    IOCB5_bit
0x0096       [0]    IOCB6_bit
0x0096       [0]    IOCB3_bit
0x0096       [0]    IOCB4_bit
0x0097       [1]    VRCON
0x0097       [0]    VRR_bit
0x0097       [0]    VRSS_bit
0x0097       [0]    VREN_bit
0x0097       [0]    VROE_bit
0x0097       [0]    VR3_bit
0x0097       [0]    VR0_bit
0x0097       [0]    VR1_bit
0x0097       [0]    VR2_bit
0x0098       [1]    TXSTA
0x0098       [0]    SENDB_bit
0x0098       [0]    SYNC_bit
0x0098       [0]    TXEN_bit
0x0098       [0]    BRGH_bit
0x0098       [0]    TXD8_bit
0x0098       [0]    TX9D_bit
0x0098       [0]    TRMT_bit
0x0098       [0]    TX9_bit
0x0098       [0]    CSRC_bit
0x0098       [0]    TX8_9_bit
0x0098       [0]    NOT_TX8_bit
0x0099       [0]    BRG3_bit
0x0099       [0]    BRG4_bit
0x0099       [0]    BRG0_bit
0x0099       [0]    BRG2_bit
0x0099       [0]    BRG1_bit
0x0099       [0]    BRG5_bit
0x0099       [1]    SPBRG
0x0099       [0]    BRG7_bit
0x0099       [0]    BRG6_bit
0x009A       [0]    BRG10_bit
0x009A       [0]    BRG11_bit
0x009A       [0]    BRG9_bit
0x009A       [1]    SPBRGH
0x009A       [0]    BRG8_bit
0x009A       [0]    BRG12_bit
0x009A       [0]    BRG15_bit
0x009A       [0]    BRG13_bit
0x009A       [0]    BRG14_bit
0x009B       [0]    PDC1_bit
0x009B       [0]    PDC2_bit
0x009B       [1]    PWM1CON
0x009B       [0]    PDC0_bit
0x009B       [0]    PDC3_bit
0x009B       [0]    PDC6_bit
0x009B       [0]    PRSEN_bit
0x009B       [0]    PDC4_bit
0x009B       [0]    PDC5_bit
0x009C       [0]    PSSBD1_bit
0x009C       [0]    PSSAC0_bit
0x009C       [1]    ECCPAS
0x009C       [0]    PSSBD0_bit
0x009C       [0]    ECCPAS2_bit
0x009C       [0]    ECCPASE_bit
0x009C       [0]    ECCPAS1_bit
0x009C       [0]    ECCPAS0_bit
0x009C       [0]    PSSAC1_bit
0x009D       [0]    STRA_bit
0x009D       [1]    PSTRCON
0x009D       [0]    STRB_bit
0x009D       [0]    STRC_bit
0x009D       [0]    STRD_bit
0x009D       [0]    STRSYNC_bit
0x009E       [1]    ADRESL
0x009F       [0]    VCFG0_bit
0x009F       [0]    VCFG1_bit
0x009F       [0]    ADFM_bit
0x009F       [1]    ADCON1
0x0105       [0]    WDTPS1_bit
0x0105       [0]    WDTPS0_bit
0x0105       [0]    SWDTEN_bit
0x0105       [1]    WDTCON
0x0105       [0]    WDTPS3_bit
0x0105       [0]    WDTPS2_bit
0x0107       [0]    C1CH1_bit
0x0107       [0]    C1R_bit
0x0107       [1]    CM1CON0
0x0107       [0]    C1CH0_bit
0x0107       [0]    C1OUT_bit
0x0107       [0]    C1ON_bit
0x0107       [0]    C1POL_bit
0x0107       [0]    C1OE_bit
0x0108       [0]    C2CH1_bit
0x0108       [0]    C2CH0_bit
0x0108       [1]    CM2CON0
0x0108       [0]    C2R_bit
0x0108       [0]    C2OUT_bit
0x0108       [0]    C2ON_bit
0x0108       [0]    C2POL_bit
0x0108       [0]    C2OE_bit
0x0109       [0]    C2SYNC_bit
0x0109       [1]    CM2CON1
0x0109       [0]    C1RSEL_bit
0x0109       [0]    C2RSEL_bit
0x0109       [0]    MC2OUT_bit
0x0109       [0]    T1GSS_bit
0x0109       [0]    MC1OUT_bit
0x010C       [1]    EEDAT
0x010C       [1]    EEDATA
0x010D       [1]    EEADR
0x010E       [1]    EEDATH
0x010F       [1]    EEADRH
0x0185       [0]    SR0_bit
0x0185       [0]    C1SEN_bit
0x0185       [1]    SRCON
0x0185       [0]    SR1_bit
0x0185       [0]    PULSR_bit
0x0185       [0]    FVREN_bit
0x0185       [0]    C2REN_bit
0x0185       [0]    PULSS_bit
0x0187       [1]    BAUDCTL
0x0187       [0]    BRG16_bit
0x0187       [0]    SCKP_bit
0x0187       [0]    RCIDL_bit
0x0187       [0]    ABDOVF_bit
0x0187       [0]    ABDEN_bit
0x0187       [0]    WUE_bit
0x0188       [0]    ANS2_bit
0x0188       [0]    ANS3_bit
0x0188       [0]    ANS4_bit
0x0188       [0]    ANS1_bit
0x0188       [1]    ANSEL
0x0188       [0]    ANS0_bit
0x0189       [0]    ANS8_bit
0x0189       [0]    ANS9_bit
0x0189       [1]    ANSELH
0x0189       [0]    ANS12_bit
0x0189       [0]    ANS13_bit
0x0189       [0]    ANS10_bit
0x0189       [0]    ANS11_bit
0x018C       [0]    RD_bit
0x018C       [0]    WRERR_bit
0x018C       [0]    WREN_bit
0x018C       [1]    EECON1
0x018C       [0]    EEPGD_bit
0x018C       [0]    WR_bit
0x018D       [1]    EECON2
//** Label List: ** 
//----------------------------------------------
  L_capturar0
  L_main1
  L_main2
  L_main3
  L_main4
  L_main5
  L_main6
  L_main7
  L_main8
  L_main9
  L_main10
  L_main11
  L_main12
  L_main13
  L_main14
  L_main15
  L_main16
  L_main17
  L_main18
  L_main19
  L_main20
  L_main21
  L_main22
  L_main23
  L_main24
  L_main25
  L_main26
  L_main27
  L_main28
  L_main29
  L_main30
  L_main31
  _capturar
  _main
  L_ByteToStr0
  L_ByteToStr1
  L_ByteToStr2
  L_ByteToStr3
  L_ByteToStr4
  L_ByteToStr5
  L_WordToStr6
  L_WordToStr7
  L_WordToStr8
  L_WordToStr9
  L_WordToStr10
  L_WordToStr11
  L_WordToStrWithZeros12
  L_WordToStrWithZeros13
  L_WordToStrWithZeros14
  L_WordToStrWithZeros15
  L_WordToStrWithZeros16
  L_ShortToStr17
  L_ShortToStr18
  L_ShortToStr19
  L_ShortToStr20
  L_ShortToStr21
  L_ShortToStr22
  L_IntToStr23
  L_IntToStr24
  L_IntToStr25
  L_IntToStr26
  L_IntToStr27
  L_IntToStr28
  L_IntToStrWithZeros29
  L_IntToStrWithZeros30
  L_IntToStrWithZeros31
  L_IntToStrWithZeros32
  L_IntToStrWithZeros33
  L_IntToStrWithZeros34
  L_IntToStrWithZeros35
  L_IntToStrWithZeros36
  L_LongWordToStr37
  L_LongWordToStr38
  L_LongWordToStr39
  L_LongWordToStr40
  L_LongWordToStr41
  L_LongWordToStr42
  L_LongWordToStrWithZeros43
  L_LongWordToStrWithZeros44
  L_LongWordToStrWithZeros45
  L_LongWordToStrWithZeros46
  L_LongWordToStrWithZeros47
  L_LongToStr48
  L_LongToStr49
  L_LongToStr50
  L_LongToStr51
  L_LongToStr52
  L_LongToStr53
  L_LongIntToStrWithZeros54
  L_LongIntToStrWithZeros55
  L_LongIntToStrWithZeros56
  L_LongIntToStrWithZeros57
  L_LongIntToStrWithZeros58
  L_LongIntToStrWithZeros59
  L_LongIntToStrWithZeros60
  L_LongIntToStrWithZeros61
  L_Dec2Bcd62
  L_Dec2Bcd63
  L_Rtrim64
  L_Rtrim65
  L_Ltrim66
  L_Ltrim67
  L_Ltrim68
  L_Ltrim69
  L_Ltrim70
  L_Ltrim71
  L_FloatToStr72
  L_FloatToStr73
  L_FloatToStr74
  L_FloatToStr75
  L_FloatToStr76
  L_FloatToStr77
  L_FloatToStr78
  L_FloatToStr79
  L_FloatToStr80
  L_FloatToStr81
  L_FloatToStr82
  L_FloatToStr83
  L_FloatToStr84
  L_FloatToStr85
  L_FloatToStr86
  L_FloatToStr87
  L_FloatToStr88
  L_FloatToStr89
  L_FloatToStr90
  L_FloatToStr91
  L_FloatToStr92
  L_FloatToStr93
  L__Ltrim94
  L__FloatToStr95
  _ByteToHex
  _ShortToHex
  _WordToHex
  _IntToHex
  _LongWordToHex
  _LongIntToHex
  _ByteToStr
  _WordToStr
  L__WordToStr96
  _WordToStrWithZeros
  L__WordToStrWithZeros97
  _ShortToStr
  L__ShortToStr98
  _IntToStr
  L__IntToStr99
  L__IntToStr100
  _IntToStrWithZeros
  L__IntToStrWithZeros101
  L__IntToStrWithZeros102
  L__IntToStrWithZeros103
  _LongWordToStr
  L__LongWordToStr104
  L__LongWordToStr105
  _LongWordToStrWithZeros
  L__LongWordToStrWithZeros106
  _LongToStr
  L__LongToStr107
  L__LongToStr108
  _LongIntToStrWithZeros
  L__LongIntToStrWithZeros109
  L__LongIntToStrWithZeros110
  L__LongIntToStrWithZeros111
  _Dec2Bcd
  _Bcd2Dec
  _Bcd2Dec16
  L__Bcd2Dec16112
  L__Bcd2Dec16113
  _Dec2Bcd16
  L__Dec2Bcd16114
  L__Dec2Bcd16115
  _Rtrim
  _Ltrim
  _FloatToStr
  L__FloatToStr116
  L__FloatToStr117
  L__FloatToStr118
  L__FloatToStr119
  L__FloatToStr120
  L_Delay_10us0
  L_Delay_22us1
  L_Delay_50us2
  L_Delay_80us3
  L_Delay_500us4
  L_Delay_5500us5
  L_Delay_1ms6
  L_Delay_5ms7
  L_Delay_8ms8
  L_Delay_100ms9
  L_Delay_1sec10
  L_boot16_Delay_5ms11
  L_Delay_Cyc12
  L_Delay_Cyc13
  L_VDelay_ms14
  L_VDelay_ms15
  L_VDelay_ms16
  L_VDelay_Advanced_ms17
  L_VDelay_Advanced_ms18
  L_VDelay_Advanced_ms19
  _Get_Fosc_kHz
  _Delay_1us
  _Delay_10us
  _Delay_22us
  _Delay_50us
  _Delay_80us
  _Delay_500us
  _Delay_5500us
  _Delay_1ms
  _Delay_5ms
  _Delay_8ms
  _Delay_100ms
  _Delay_1sec
  _boot16_Delay_5ms
  _Delay_Cyc
  _VDelay_ms
  L__VDelay_ms20
  L__VDelay_ms21
  L__VDelay_ms22
  _VDelay_Advanced_ms
  L__VDelay_Advanced_ms23
  L__VDelay_Advanced_ms24
  L__VDelay_Advanced_ms25
  L_Keypad_Key_Press0
  L_Keypad_Key_Press1
  L_Keypad_Key_Press2
  L_Keypad_Key_Press3
  L_Keypad_Key_Press4
  L_Keypad_Key_Click5
  L_Keypad_Key_Click6
  _Keypad_Init
  _Keypad_Key_Press
  _Keypad_Key_Click
  L_Lcd_Cmd0
  L_Lcd_Cmd1
  L_Lcd_Out_CP2
  L_Lcd_Out_CP3
  L_Lcd_Chr4
  L_Lcd_Chr5
  L_Lcd_Chr6
  L_Lcd_Chr7
  L_Lcd_Chr8
  L_Lcd_Chr9
  L_Lcd_Chr10
  L_Lcd_Out11
  L_Lcd_Out12
  L_Lcd_Out13
  L_Lcd_Out14
  L_Lcd_Out15
  L_Lcd_Out16
  L_Lcd_Out17
  L_Lcd_Out18
  L_Lcd_Out19
  _Lcd_Cmd
  L__Lcd_Cmd20
  L__Lcd_Cmd21
  L__Lcd_Cmd22
  L__Lcd_Cmd23
  L__Lcd_Cmd24
  L__Lcd_Cmd25
  L__Lcd_Cmd26
  L__Lcd_Cmd27
  L__Lcd_Cmd28
  L__Lcd_Cmd29
  L__Lcd_Cmd30
  L__Lcd_Cmd31
  L__Lcd_Cmd32
  L__Lcd_Cmd33
  L__Lcd_Cmd34
  L__Lcd_Cmd35
  L__Lcd_Cmd36
  L__Lcd_Cmd37
  L__Lcd_Cmd38
  L__Lcd_Cmd39
  _Lcd_Chr_CP
  _Lcd_Out_CP
  _Lcd_Chr
  _Lcd_Init
  _Lcd_Out
  L_Div_16x16_S0
  L_Div_16x16_S1
  LOOPS3232A
  SADD22LA
  SOK22LA
  SADD22L8
  SOK22L8
  LOOPS3232B
  SADD22LB
  SOK22LB
  SADD22L16
  SOK22L16
  LOOPS3232C
  SADD22LC
  SOK22LC
  SADD22L24
  SOK22L24
  LOOPS3232D
  SADD22LD
  SOK22LD
  SOK22L
  L_Div_32x32_S6
  L_Div_32x32_S7
  L_Div_32x32_S8
  L_Div_32x32_S9
  FXD3232S
  END_ALL
  CA3232S
  C3232SX
  C3232SX1
  C3232S
  C3232S2
  C3232SX4
  C3232SOK
  C3232SX3
  C3232SX2
  avoid_comfrem
  LOOPU3232A
  UADD22LA
  UOK22LA
  UADD22L8
  UOK22L8
  LOOPU3232B
  UADD22LB
  UOK22LB
  UADD22L16
  UOK22L16
  LOOPU3232C
  UADD22LC
  UOK22LC
  UADD22L24
  UOK22L24
  LOOPU3232D
  UADD22LD
  UOK22LD
  UOK22L
  _NEXT
  _EXIT2
  _LOOP
  _EXIT1
  _IF_FIRST
  _IF_SECOND
  _INVERCE_FIRST
  _MULT
  _INBERSE_SECOND
  _EXIT
  _Mul_8x8_U
  _Mul_16x16_U
  _Div_8x8_U
  _Div_16x16_U
  _Mul_8x8_S
  _Mul_16x16_S
  _Div_16x16_S_L
  _Div_16x16_S
  _Div_8x8_S
  _SDIV3232L
  _COMFREM
  _Div_32x32_S
  _Div_32x32_U
  _Mul_32x32_U
  _Mul_32x32_S
  SETFOV32EEE
  SETFUN32EEE
  NORM3232
  JPNRES032
  JPNSETFUN32
  NORM3232A
  JMPNFIXSIGN32
  NORM32EEE
  NRMRND4032
  NRM4032
  JMPSETFOV32
  NORM4032
  JMPRES032
  JMPSETFUN32
  NORM4032A
  JMPFIXSIGN32
  NRM4032EEE
  USEA32
  JMPEEE
  ALIGNED32
  ALIGNB32
  ALOOPB32
  AOK32
  ACOMP32
  JMPNRMRND4032
  ADD_JMPSETFOV32
  JMPNRM4032
  JMPNRM32
  ADD32EEE
  FPM32
  JPMRES032
  M32BNE0
  MTUN32
  JPMSETFOV32
  MOK32
  JPMSETFUN32
  MLOOP32
  MNOADD32
  MADD32
  MROUND32
  MUL32OK
  MUL32EEE
  L_Div_32x32_FP7
  L_Div_32x32_FP8
  L_Div_32x32_FP9
  L_Div_32x32_FP10
  FPD32
  JPDSETFDZ32
  JPDRES032
  D32BNE0
  TALIGN32
  TS1ALIGN32
  TS2ALIGN32
  DALIGN32OK
  ALTB32
  AGEB32
  JPDSETFOV32
  DARGOK32
  JPDSETFUN32
  DLOOP32
  DS132
  DS232
  DREST32
  DOK32
  DAREST32
  DROUND32
  DIV32OK
  DIV32EEE
  SETIOV3224EEE
  INT3232U
  INT3232UEOK
  SETEXP32U
  SETIOV32U
  TSHIFT3232U
  SHIFT3232UOK
  SHIFT3232U
  INT3232UOK
  JPLSETIOV3224
  IRES032U
  INT3232UEER
  INT3232UEEE
  L_Double2Longword_0
  INT3232
  INT3232EOK
  SETIOV32
  TSHIFT3232
  SHIFT3232OK
  SHIFT3232
  INT3232OK
  JPISETIOV3224
  IRES032
  INT3232EER
  INT3232EEE
  L_Double2Longint_0
  INT3216
  IRES016
  SETIOV16
  TSHIFT3216
  SHIFT3216OK
  SHIFT3216
  INT3216OK
  JPJSETIOV3224
  INT3216EOK
  INT3216EER
  INT3216EEE
  L_Double2Int_0
  INT3216U
  IRES016U
  SETEXP16U
  SETIOV16U
  TSHIFT3216U
  SHIFT3216UOK
  SHIFT3216U
  INT3216UOK
  JPKSETIOV3224
  INT3216UEOK
  INT3216UEER
  INT3216UEEE
  L_Double2Word_0
  INT32U08
  IRES008
  SETEXP08
  SETIOV08
  TSHIFT3208
  SHIFT3208OK
  SHIFT3208
  INT3208OK
  D2B_JPKSETIOV3224
  INT3208EOK
  INT3208EER
  INT3208EEE
  L_Double2Byte_0
  FLO08U32
  FLO1632
  FLO1632EEE
  FLO16U32
  FLO3232
  FLO3232EEE
  FLO32U32
  EQU_FALSE
  COMPARE_EQU
  COMPARE_NOTZERO
  COMPARE_XNOTZERO
  COMPARE_YNOTZERO
  COMPARE_LT
  COMPARE_GT
  COMPARE_TESTALL
  COMPARE_C1
  GT_FALSE
  GT_TRUE
  COMPARE_C2
  COMPARE_C3
  _SETFOV32
  _SETFDZ32
  _FIXSIGN32
  _RES032
  _SETFUN32
  _NRM3232
  _NRM4032
  _Add_32x32_FP
  _Sub_32x32_FP
  _Mul_32x32_FP
  _Div_32x32_FP
  _SETIOV3224
  _Double2Longword
  _Double2Longint
  _Double2Int
  _Double2Word
  _Double2Byte
  _Byte2Double
  _Int2Double
  _Word2Double
  _Longint2Double
  _Longword2Double
  _Equals_Double
  _Compare_Double
  _CC2D_Loop1
  _____DoICP
  _____DoIFC
  ___CC2DW
  _Swap
