MPASM  5.39                    16F883TMPO.ASM   3-2-2011  14:39:26         PAGE  1


LOC  OBJECT CODE     LINE SOURCE TEXT
  VALUE

                      00001 ;**********************************************************************
                      00002 ;                                                                     *
                      00003 ;    Filename:     Práctica 1                                           *
                      00004 ;    Date:         Marzo 1 de 2011                                                   *
                      00005 ;    File Version: 1.0.                                                   *
                      00006 ;                                                                     *
                      00007 ;    Author:       Carlos A Trujillo Anaya                                                   *
                      00008 ;    Company:      Universidad Nacional de Colombia                                                   *
                      00009 ;                                                                     *
                      00010 ;                                                                     *
                      00011 ;**********************************************************************
                      00012 ;                                                                     *
                      00013 ;    Files required: P16F883.INC                                      *
                      00014 ;                                                                     *
                      00015 ;                                                                     *
                      00016 ;                                                                     *
                      00017 ;**********************************************************************
                      00018 ;                                                                     *
                      00019 ;    Notes:   Este programa cada dos segundos verifica el estado de                                     
                                                *
                      00020 ;             un pin y establece el estado de un puerto a partir del                                    
                                                *
                      00021 ;             pin.                                                        *
                      00022 ;                                                                     *
                      00023 ;                                                                     *
                      00024 ;**********************************************************************
                      00025 
                      00026     list        p=16f883    ; list directive to define processor
                      00027     #include    <p16f883.inc>   ; processor specific variable definitions
                      00001         LIST
                      00002 
                      00003 ;==========================================================================
                      00004 ;  MPASM PIC16F883 processor include
                      00005 ; 
                      00006 ;  (c) Copyright 1999-2010 Microchip Technology, All rights reserved
                      00007 ;==========================================================================
                      00008 
                      00760         LIST
                      00028 
                      00029 ; '__CONFIG' directive is used to embed configuration data within .asm file.
                      00030 ; The labels following the directive are located in the respective .inc file.
                      00031 ; See respective data sheet for additional information on configuration word.
                      00032 
2007   28E2           00033     __CONFIG    _CONFIG1, _LVP_OFF & _FCMEN_ON & _IESO_OFF & _BOR_OFF & _CPD_OFF & _CP_OFF & _MCLRE_ON &
                             _PWRTE_ON & _WDT_OFF & _HS_OSC
2008   3EFF           00034     __CONFIG    _CONFIG2, _WRT_OFF & _BOR21V
                      00035 
                      00036 ;***** VARIABLE DEFINITIONS (examples)
  00000021            00037 numeroA         equ 0x21        ; Asignacion de nombre numeroA al resgistro 0x21
  00000022            00038 numeroB         equ 0x22        ; Asignacion de nombre numeroB al resgistro 0x22
  00000023            00039 resultado       equ 0x23        ; Asignacion de nombre resultado al resgistro 0x23
  00000024            00040 numeroC         equ 0x24        ; Asignacion de nombre resultado al resgistro 0x24
                      00041 
MPASM  5.39                    16F883TMPO.ASM   3-2-2011  14:39:26         PAGE  2


LOC  OBJECT CODE     LINE SOURCE TEXT
  VALUE

                      00042 
                      00043 ; example of using Shared Uninitialized Data Section
                      00044 INT_VAR     UDATA_SHR   
0000                  00045 w_temp      RES     1       ; variable used for context saving
0001                  00046 status_temp RES     1       ; variable used for context saving
0002                  00047 pclath_temp RES     1       ; variable used for context saving
                      00048 
                      00049 ; example of using Uninitialized Data Section
                      00050 TEMP_VAR    UDATA           ; explicit address specified is not required
0000                  00051 temp_count  RES     1       ; temporary variable (example)
                      00052 
                      00053 ;**********************************************************************
                      00054 RESET_VECTOR    CODE    0x0000  ; processor reset vector
0000   0000           00055     nop
0001   2???           00056     goto    Inicio               ; go to beginning of program
                      00057 
                      00058 INT_VECTOR      CODE    0x0004  ; interrupt vector location
                      00059 
0004                  00060 Interrupcion
                      00061 
0004   00??           00062     movwf   w_temp          ; save off current W register contents
0005   0803           00063     movf    STATUS,w        ; move status register into W register
0006   00??           00064     movwf   status_temp     ; save off contents of STATUS register
0007   080A           00065     movf    PCLATH,w        ; move pclath register into w register
0008   00??           00066     movwf   pclath_temp     ; save off contents of PCLATH register
                      00067 
                      00068 ; isr code can go here or be located as a call subroutine elsewhere
                      00069 
0009   08??           00070     movf    pclath_temp,w   ; retrieve copy of PCLATH register
000A   008A           00071     movwf   PCLATH          ; restore pre-isr PCLATH register contents
000B   08??           00072     movf    status_temp,w   ; retrieve copy of STATUS register
000C   0083           00073     movwf   STATUS          ; restore pre-isr STATUS register contents
000D   0E??           00074     swapf   w_temp,f
000E   0E??           00075     swapf   w_temp,w        ; restore pre-isr W register contents
000F   0009           00076     retfie                  ; return from interrupt
                      00077 
                      00078 ;Rutina de espera de 2 segundos
0010                  00079 Cinco_Segundos
0010   0000           00080         NOP                                     ;Esta intruccion no hace nada...
0011   30FF           00081         MOVLW   D'255'  ; Cargar este valor en W register (como valor Binario)
0012   00A1           00082         MOVWF   numeroA         ; cargar el valor de W en numeroA
0013   30F0           00083         MOVLW   D'240'  ; Cargar este valor en W register (como valor Binario)
0014   00A3           00084         MOVWF   resultado               ; cargar el valor de W en numeroA
0015   3000           00085         MOVLW   D'0'
0016   00A2           00086     MOVWF       numeroB         ; cargar el valor de W en numeroB
0017   30C0           00087         MOVLW   D'192'
0018   00A4           00088         MOVWF   numeroC         ; cargar el valor de W en numeroC
0019   0000           00089     NOP
001A                  00090 LOOP1                                   ; Ciclo para esperar 5seg
001A   0BA1           00091         DECFSZ  numeroA,f       
001B   2???           00092         GOTO    LOOP1
001C   0000           00093         NOP                     
001D   14A1           00094         BSF             numeroA,1       
MPASM  5.39                    16F883TMPO.ASM   3-2-2011  14:39:26         PAGE  3


LOC  OBJECT CODE     LINE SOURCE TEXT
  VALUE

001E   0FA2           00095         INCFSZ  numeroB,f       
001F   2???           00096     GOTO        LOOP1           
0020   0FA4           00097         INCFSZ  numeroC,f
0021   2???           00098     GOTO        LOOP1
0022   0FA3           00099     INCFSZ      resultado,f
0023   2???           00100     GOTO        LOOP1
0024   0008           00101         RETURN
                      00102 
                      00103 ;Decidimos si el pulser está pulsado o no
0025                  00104 DECISION
0025   1886           00105         BTFSC   PORTB,1 ; Testea si está prendido o apagado.
0026   2???           00106         Goto PRENDER2 ;Prende
0027   2???           00107         Goto APAGAR2 ;Apaga
                      00108         
0028                  00109 PRENDER2
0028   30FF           00110         MOVLW B'11111111' ;255 EN W
0029   0087           00111         MOVWF PORTC               ;Lo pongo en puerto C
002A   0008           00112         RETURN  ;vuelve
                      00113 
002B                  00114 APAGAR2
002B   3000           00115         MOVLW d'0' ;0 EN W
002C   0087           00116         MOVWF PORTC               ;Lo pongo en puerto C
002D   0008           00117         RETURN ;vuelve
                      00118 
                      00119 
                      00120 MAIN_PROG       CODE
                      00121 
0000                  00122 Inicio
                      00123 
0000   1683 1703      00124         BANKSEL ANSELH  ; Me voy para el banco del ANSELH
0002   3000           00125         MOVLW B'00000000'; Todos los pines son digitales
Message[302]: Register in operand not in bank 0.  Ensure that bank bits are correct.
0003   0089           00126         MOVWF ANSELH  ;Lo meto en este registro
0004   1683 1303      00127         BANKSEL TRISB ; Me voy para el banco del trisb
0006   3002           00128         MOVLW B'00000010'; Todos los pines son salidas, excepto RB1
Message[302]: Register in operand not in bank 0.  Ensure that bank bits are correct.
0007   0086           00129         MOVWF TRISB ;Lo meto en este registro
0008   3000           00130         MOVLW D'0'
Message[302]: Register in operand not in bank 0.  Ensure that bank bits are correct.
0009   0087           00131         MOVWF TRISC ;Lo meto en este registro
000A   1283 1303      00132         BANKSEL PORTB ;Me voy para el banco del puerto b
000C   0186           00133         CLRF PORTB ;Borro el puerto
000D   0187           00134         CLRF PORTC  ;Borro el puerto
                      00135 
000E                  00136 Principal       
000E   2???           00137         CALL Cinco_Segundos ;invoco Rutina
000F   2???           00138         CALL DECISION           ;invoco Rutina
0010   2???           00139         GOTO Principal          ;Ciclo principal del programa
                      00140 
28E2 3EFF             00141         END 
MPASM  5.39                    16F883TMPO.ASM   3-2-2011  14:39:26         PAGE  4


SYMBOL TABLE
  LABEL                             VALUE 

ABDEN                             00000000
ABDOVF                            00000007
ACKDT                             00000005
ACKEN                             00000004
ACKSTAT                           00000006
ADCON0                            0000001F
ADCON1                            0000009F
ADCS0                             00000006
ADCS1                             00000007
ADDEN                             00000003
ADFM                              00000007
ADIE                              00000006
ADIF                              00000006
ADON                              00000000
ADRESH                            0000001E
ADRESL                            0000009E
ANS0                              00000000
ANS1                              00000001
ANS10                             00000002
ANS11                             00000003
ANS12                             00000004
ANS13                             00000005
ANS2                              00000002
ANS3                              00000003
ANS4                              00000004
ANS8                              00000000
ANS9                              00000001
ANSEL                             00000188
ANSELH                            00000189
APAGAR2                           0000002B
BAUDCTL                           00000187
BCLIE                             00000003
BCLIF                             00000003
BF                                00000000
BRG0                              00000000
BRG1                              00000001
BRG10                             00000002
BRG11                             00000003
BRG12                             00000004
BRG13                             00000005
BRG14                             00000006
BRG15                             00000007
BRG16                             00000003
BRG2                              00000002
BRG3                              00000003
BRG4                              00000004
BRG5                              00000005
BRG6                              00000006
BRG7                              00000007
BRG8                              00000000
BRG9                              00000001
BRGH                              00000002
C                                 00000000
MPASM  5.39                    16F883TMPO.ASM   3-2-2011  14:39:26         PAGE  5


SYMBOL TABLE
  LABEL                             VALUE 

C1CH0                             00000000
C1CH1                             00000001
C1IE                              00000005
C1IF                              00000005
C1OE                              00000005
C1ON                              00000007
C1OUT                             00000006
C1POL                             00000004
C1R                               00000002
C1RSEL                            00000005
C1SEN                             00000005
C2CH0                             00000000
C2CH1                             00000001
C2IE                              00000006
C2IF                              00000006
C2OE                              00000005
C2ON                              00000007
C2OUT                             00000006
C2POL                             00000004
C2R                               00000002
C2REN                             00000004
C2RSEL                            00000004
C2SYNC                            00000000
CCP1CON                           00000017
CCP1IE                            00000002
CCP1IF                            00000002
CCP1M0                            00000000
CCP1M1                            00000001
CCP1M2                            00000002
CCP1M3                            00000003
CCP1X                             00000005
CCP1Y                             00000004
CCP2CON                           0000001D
CCP2IE                            00000000
CCP2IF                            00000000
CCP2M0                            00000000
CCP2M1                            00000001
CCP2M2                            00000002
CCP2M3                            00000003
CCP2X                             00000005
CCP2Y                             00000004
CCPR1H                            00000016
CCPR1L                            00000015
CCPR2H                            0000001C
CCPR2L                            0000001B
CHS0                              00000002
CHS1                              00000003
CHS2                              00000004
CHS3                              00000005
CKE                               00000006
CKP                               00000004
CM1CON0                           00000107
CM2CON0                           00000108
MPASM  5.39                    16F883TMPO.ASM   3-2-2011  14:39:26         PAGE  6


SYMBOL TABLE
  LABEL                             VALUE 

CM2CON1                           00000109
CREN                              00000004
CSRC                              00000007
Cinco_Segundos                    00000010
D                                 00000005
DATA_ADDRESS                      00000005
DC                                00000001
DC1B0                             00000004
DC1B1                             00000005
DC2B0                             00000004
DC2B1                             00000005
DECISION                          00000025
D_A                               00000005
D_NOT_A                           00000005
ECCPAS                            0000009C
ECCPAS0                           00000004
ECCPAS1                           00000005
ECCPAS2                           00000006
ECCPASE                           00000007
EEADR                             0000010D
EEADRH                            0000010F
EECON1                            0000018C
EECON2                            0000018D
EEDAT                             0000010C
EEDATA                            0000010C
EEDATH                            0000010E
EEIE                              00000004
EEIF                              00000004
EEPGD                             00000007
F                                 00000001
FERR                              00000002
FSR                               00000004
FVREN                             00000000
GCEN                              00000007
GIE                               00000007
GO                                00000001
GO_DONE                           00000001
GO_NOT_DONE                       00000001
HTS                               00000002
I2C_DATA                          00000005
I2C_READ                          00000002
I2C_START                         00000003
I2C_STOP                          00000004
INDF                              00000000
INTCON                            0000000B
INTE                              00000004
INTEDG                            00000006
INTF                              00000001
IOCB                              00000096
IOCB0                             00000000
IOCB1                             00000001
IOCB2                             00000002
IOCB3                             00000003
MPASM  5.39                    16F883TMPO.ASM   3-2-2011  14:39:26         PAGE  7


SYMBOL TABLE
  LABEL                             VALUE 

IOCB4                             00000004
IOCB5                             00000005
IOCB6                             00000006
IOCB7                             00000007
IRCF0                             00000004
IRCF1                             00000005
IRCF2                             00000006
IRP                               00000007
Inicio                            00000000
Interrupcion                      00000004
LOOP1                             0000001A
LTS                               00000001
MC1OUT                            00000007
MC2OUT                            00000006
MSK                               00000093
MSK0                              00000000
MSK1                              00000001
MSK2                              00000002
MSK3                              00000003
MSK4                              00000004
MSK5                              00000005
MSK6                              00000006
MSK7                              00000007
NOT_A                             00000005
NOT_ADDRESS                       00000005
NOT_BO                            00000000
NOT_BOR                           00000000
NOT_DONE                          00000001
NOT_PD                            00000003
NOT_POR                           00000001
NOT_RBPU                          00000007
NOT_RC8                           00000006
NOT_T1SYNC                        00000002
NOT_TO                            00000004
NOT_TX8                           00000006
NOT_W                             00000002
NOT_WRITE                         00000002
OERR                              00000001
OPTION_REG                        00000081
OSCCON                            0000008F
OSCTUNE                           00000090
OSFIE                             00000007
OSFIF                             00000007
OSTS                              00000003
P                                 00000004
P1M0                              00000006
P1M1                              00000007
PCL                               00000002
PCLATH                            0000000A
PCON                              0000008E
PDC0                              00000000
PDC1                              00000001
PDC2                              00000002
MPASM  5.39                    16F883TMPO.ASM   3-2-2011  14:39:26         PAGE  8


SYMBOL TABLE
  LABEL                             VALUE 

PDC3                              00000003
PDC4                              00000004
PDC5                              00000005
PDC6                              00000006
PEIE                              00000006
PEN                               00000002
PIE1                              0000008C
PIE2                              0000008D
PIR1                              0000000C
PIR2                              0000000D
PORTA                             00000005
PORTB                             00000006
PORTC                             00000007
PORTE                             00000009
PR2                               00000092
PRENDER2                          00000028
PRSEN                             00000007
PS0                               00000000
PS1                               00000001
PS2                               00000002
PSA                               00000003
PSSAC0                            00000002
PSSAC1                            00000003
PSSBD0                            00000000
PSSBD1                            00000001
PSTRCON                           0000009D
PULSR                             00000002
PULSS                             00000003
PWM1CON                           0000009B
Principal                         0000000E
R                                 00000002
RA0                               00000000
RA1                               00000001
RA2                               00000002
RA3                               00000003
RA4                               00000004
RA5                               00000005
RA6                               00000006
RA7                               00000007
RB0                               00000000
RB1                               00000001
RB2                               00000002
RB3                               00000003
RB4                               00000004
RB5                               00000005
RB6                               00000006
RB7                               00000007
RBIE                              00000003
RBIF                              00000000
RC0                               00000000
RC1                               00000001
RC2                               00000002
RC3                               00000003
MPASM  5.39                    16F883TMPO.ASM   3-2-2011  14:39:26         PAGE  9


SYMBOL TABLE
  LABEL                             VALUE 

RC4                               00000004
RC5                               00000005
RC6                               00000006
RC7                               00000007
RC8_9                             00000006
RC9                               00000006
RCD8                              00000000
RCEN                              00000003
RCIDL                             00000006
RCIE                              00000005
RCIF                              00000005
RCREG                             0000001A
RCSTA                             00000018
RD                                00000000
RE3                               00000003
READ_WRITE                        00000002
RP0                               00000005
RP1                               00000006
RSEN                              00000001
RX9                               00000006
RX9D                              00000000
R_NOT_W                           00000002
R_W                               00000002
S                                 00000003
SBOREN                            00000004
SCKP                              00000004
SCS                               00000000
SEN                               00000000
SENDB                             00000003
SMP                               00000007
SPBRG                             00000099
SPBRGH                            0000009A
SPEN                              00000007
SR0                               00000006
SR1                               00000007
SRCON                             00000185
SREN                              00000005
SSPADD                            00000093
SSPBUF                            00000013
SSPCON                            00000014
SSPCON2                           00000091
SSPEN                             00000005
SSPIE                             00000003
SSPIF                             00000003
SSPM0                             00000000
SSPM1                             00000001
SSPM2                             00000002
SSPM3                             00000003
SSPMSK                            00000093
SSPOV                             00000006
SSPSTAT                           00000094
STATUS                            00000003
STRA                              00000000
MPASM  5.39                    16F883TMPO.ASM   3-2-2011  14:39:26         PAGE 10


SYMBOL TABLE
  LABEL                             VALUE 

STRB                              00000001
STRC                              00000002
STRD                              00000003
STRSYNC                           00000004
SWDTEN                            00000000
SYNC                              00000004
T0CS                              00000005
T0IE                              00000005
T0IF                              00000002
T0SE                              00000004
T1CKPS0                           00000004
T1CKPS1                           00000005
T1CON                             00000010
T1GINV                            00000007
T1GIV                             00000007
T1GSS                             00000001
T1INSYNC                          00000002
T1OSCEN                           00000003
T1SYNC                            00000002
T2CKPS0                           00000000
T2CKPS1                           00000001
T2CON                             00000012
TMR0                              00000001
TMR0IE                            00000005
TMR0IF                            00000002
TMR1CS                            00000001
TMR1GE                            00000006
TMR1H                             0000000F
TMR1IE                            00000000
TMR1IF                            00000000
TMR1L                             0000000E
TMR1ON                            00000000
TMR2                              00000011
TMR2IE                            00000001
TMR2IF                            00000001
TMR2ON                            00000002
TOUTPS0                           00000003
TOUTPS1                           00000004
TOUTPS2                           00000005
TOUTPS3                           00000006
TRISA                             00000085
TRISA0                            00000000
TRISA1                            00000001
TRISA2                            00000002
TRISA3                            00000003
TRISA4                            00000004
TRISA5                            00000005
TRISA6                            00000006
TRISA7                            00000007
TRISB                             00000086
TRISB0                            00000000
TRISB1                            00000001
TRISB2                            00000002
MPASM  5.39                    16F883TMPO.ASM   3-2-2011  14:39:26         PAGE 11


SYMBOL TABLE
  LABEL                             VALUE 

TRISB3                            00000003
TRISB4                            00000004
TRISB5                            00000005
TRISB6                            00000006
TRISB7                            00000007
TRISC                             00000087
TRISC0                            00000000
TRISC1                            00000001
TRISC2                            00000002
TRISC3                            00000003
TRISC4                            00000004
TRISC5                            00000005
TRISC6                            00000006
TRISC7                            00000007
TRISE                             00000089
TRISE3                            00000003
TRMT                              00000001
TUN0                              00000000
TUN1                              00000001
TUN2                              00000002
TUN3                              00000003
TUN4                              00000004
TX8_9                             00000006
TX9                               00000006
TX9D                              00000000
TXD8                              00000000
TXEN                              00000005
TXIE                              00000004
TXIF                              00000004
TXREG                             00000019
TXSTA                             00000098
UA                                00000001
ULPWUE                            00000005
ULPWUIE                           00000002
ULPWUIF                           00000002
VCFG0                             00000004
VCFG1                             00000005
VR0                               00000000
VR1                               00000001
VR2                               00000002
VR3                               00000003
VRCON                             00000097
VREN                              00000007
VROE                              00000006
VRR                               00000005
VRSS                              00000004
W                                 00000000
WCOL                              00000007
WDTCON                            00000105
WDTPS0                            00000001
WDTPS1                            00000002
WDTPS2                            00000003
WDTPS3                            00000004
MPASM  5.39                    16F883TMPO.ASM   3-2-2011  14:39:26         PAGE 12


SYMBOL TABLE
  LABEL                             VALUE 

WPUB                              00000095
WPUB0                             00000000
WPUB1                             00000001
WPUB2                             00000002
WPUB3                             00000003
WPUB4                             00000004
WPUB5                             00000005
WPUB6                             00000006
WPUB7                             00000007
WR                                00000001
WREN                              00000002
WRERR                             00000003
WUE                               00000001
Z                                 00000002
_BOR21V                           00003EFF
_BOR40V                           00003FFF
_BOR_NSLEEP                       00003EFF
_BOR_OFF                          00003CFF
_BOR_ON                           00003FFF
_BOR_SBODEN                       00003DFF
_CONFIG1                          00002007
_CONFIG2                          00002008
_CPD_OFF                          00003FFF
_CPD_ON                           00003F7F
_CP_OFF                           00003FFF
_CP_ON                            00003FBF
_DEBUG_OFF                        00003FFF
_DEBUG_ON                         00001FFF
_DEVID1                           00002006
_EC_OSC                           00003FFB
_EXTRC                            00003FFF
_EXTRCIO                          00003FFE
_EXTRC_OSC_CLKOUT                 00003FFF
_EXTRC_OSC_NOCLKOUT               00003FFE
_FCMEN_OFF                        000037FF
_FCMEN_ON                         00003FFF
_HS_OSC                           00003FFA
_IDLOC0                           00002000
_IDLOC1                           00002001
_IDLOC2                           00002002
_IDLOC3                           00002003
_IESO_OFF                         00003BFF
_IESO_ON                          00003FFF
_INTOSC                           00003FFD
_INTOSCIO                         00003FFC
_INTRC_OSC_CLKOUT                 00003FFD
_INTRC_OSC_NOCLKOUT               00003FFC
_LP_OSC                           00003FF8
_LVP_OFF                          00002FFF
_LVP_ON                           00003FFF
_MCLRE_OFF                        00003FDF
_MCLRE_ON                         00003FFF
_PWRTE_OFF                        00003FFF
MPASM  5.39                    16F883TMPO.ASM   3-2-2011  14:39:26         PAGE 13


SYMBOL TABLE
  LABEL                             VALUE 

_PWRTE_ON                         00003FEF
_WDT_OFF                          00003FF7
_WDT_ON                           00003FFF
_WRT_1FOURTH                      00003BFF
_WRT_256                          00003DFF
_WRT_HALF                         000039FF
_WRT_OFF                          00003FFF
_XT_OSC                           00003FF9
__16F883                          00000001
__DEBUG                           1
numeroA                           00000021
numeroB                           00000022
numeroC                           00000024
pclath_temp                       00000002
resultado                         00000023
status_temp                       00000001
temp_count                        00000000
w_temp                            00000000

Errors   :     0
Warnings :     0 reported,     0 suppressed
Messages :     3 reported,     0 suppressed

