MPLINK 4.38, Linker
Linker Map File - Created Wed Mar 02 14:39:26 2011

                                 Section Info
                  Section       Type    Address   Location Size(Bytes)
                ---------  ---------  ---------  ---------  ---------
             RESET_VECTOR       code   0x000000    program   0x000004
                   .cinit    romdata   0x000002    program   0x000004
               INT_VECTOR       code   0x000004    program   0x000054
                MAIN_PROG       code   0x00002e    program   0x000022
.config_2007_16F883TMPO.O       code   0x002007    program   0x000002
.config_2008_16F883TMPO.O       code   0x002008    program   0x000002
                 TEMP_VAR      udata   0x000020       data   0x000001
                  INT_VAR      udata   0x000070       data   0x000003



                              Program Memory Usage 
                               Start         End      
                           ---------   ---------      
                            0x000000    0x00003e      
                            0x002007    0x002008      
            65 out of 4359 program addresses used, program memory utilization is 1%



                              Symbols - Sorted by Name
                     Name    Address   Location    Storage File                     
                ---------  ---------  ---------  --------- ---------                
                  APAGAR2   0x00002b    program     static F:\Escritorio\USB_1Marzo\Electrónica\Taller V IF 2011-01\Prácticas\Códigos y Simulaciones\Práctica IV\16F883TMPO.ASM
           Cinco_Segundos   0x000010    program     static F:\Escritorio\USB_1Marzo\Electrónica\Taller V IF 2011-01\Prácticas\Códigos y Simulaciones\Práctica IV\16F883TMPO.ASM
                 DECISION   0x000025    program     static F:\Escritorio\USB_1Marzo\Electrónica\Taller V IF 2011-01\Prácticas\Códigos y Simulaciones\Práctica IV\16F883TMPO.ASM
                   Inicio   0x00002e    program     static F:\Escritorio\USB_1Marzo\Electrónica\Taller V IF 2011-01\Prácticas\Códigos y Simulaciones\Práctica IV\16F883TMPO.ASM
             Interrupcion   0x000004    program     static F:\Escritorio\USB_1Marzo\Electrónica\Taller V IF 2011-01\Prácticas\Códigos y Simulaciones\Práctica IV\16F883TMPO.ASM
                    LOOP1   0x00001a    program     static F:\Escritorio\USB_1Marzo\Electrónica\Taller V IF 2011-01\Prácticas\Códigos y Simulaciones\Práctica IV\16F883TMPO.ASM
                 PRENDER2   0x000028    program     static F:\Escritorio\USB_1Marzo\Electrónica\Taller V IF 2011-01\Prácticas\Códigos y Simulaciones\Práctica IV\16F883TMPO.ASM
                Principal   0x00003c    program     static F:\Escritorio\USB_1Marzo\Electrónica\Taller V IF 2011-01\Prácticas\Códigos y Simulaciones\Práctica IV\16F883TMPO.ASM
              pclath_temp   0x000072       data     static F:\Escritorio\USB_1Marzo\Electrónica\Taller V IF 2011-01\Prácticas\Códigos y Simulaciones\Práctica IV\16F883TMPO.ASM
              status_temp   0x000071       data     static F:\Escritorio\USB_1Marzo\Electrónica\Taller V IF 2011-01\Prácticas\Códigos y Simulaciones\Práctica IV\16F883TMPO.ASM
               temp_count   0x000020       data     static F:\Escritorio\USB_1Marzo\Electrónica\Taller V IF 2011-01\Prácticas\Códigos y Simulaciones\Práctica IV\16F883TMPO.ASM
                   w_temp   0x000070       data     static F:\Escritorio\USB_1Marzo\Electrónica\Taller V IF 2011-01\Prácticas\Códigos y Simulaciones\Práctica IV\16F883TMPO.ASM



                              Symbols - Sorted by Address
                     Name    Address   Location    Storage File                     
                ---------  ---------  ---------  --------- ---------                
             Interrupcion   0x000004    program     static F:\Escritorio\USB_1Marzo\Electrónica\Taller V IF 2011-01\Prácticas\Códigos y Simulaciones\Práctica IV\16F883TMPO.ASM
           Cinco_Segundos   0x000010    program     static F:\Escritorio\USB_1Marzo\Electrónica\Taller V IF 2011-01\Prácticas\Códigos y Simulaciones\Práctica IV\16F883TMPO.ASM
                    LOOP1   0x00001a    program     static F:\Escritorio\USB_1Marzo\Electrónica\Taller V IF 2011-01\Prácticas\Códigos y Simulaciones\Práctica IV\16F883TMPO.ASM
                 DECISION   0x000025    program     static F:\Escritorio\USB_1Marzo\Electrónica\Taller V IF 2011-01\Prácticas\Códigos y Simulaciones\Práctica IV\16F883TMPO.ASM
                 PRENDER2   0x000028    program     static F:\Escritorio\USB_1Marzo\Electrónica\Taller V IF 2011-01\Prácticas\Códigos y Simulaciones\Práctica IV\16F883TMPO.ASM
                  APAGAR2   0x00002b    program     static F:\Escritorio\USB_1Marzo\Electrónica\Taller V IF 2011-01\Prácticas\Códigos y Simulaciones\Práctica IV\16F883TMPO.ASM
                   Inicio   0x00002e    program     static F:\Escritorio\USB_1Marzo\Electrónica\Taller V IF 2011-01\Prácticas\Códigos y Simulaciones\Práctica IV\16F883TMPO.ASM
                Principal   0x00003c    program     static F:\Escritorio\USB_1Marzo\Electrónica\Taller V IF 2011-01\Prácticas\Códigos y Simulaciones\Práctica IV\16F883TMPO.ASM
               temp_count   0x000020       data     static F:\Escritorio\USB_1Marzo\Electrónica\Taller V IF 2011-01\Prácticas\Códigos y Simulaciones\Práctica IV\16F883TMPO.ASM
                   w_temp   0x000070       data     static F:\Escritorio\USB_1Marzo\Electrónica\Taller V IF 2011-01\Prácticas\Códigos y Simulaciones\Práctica IV\16F883TMPO.ASM
              status_temp   0x000071       data     static F:\Escritorio\USB_1Marzo\Electrónica\Taller V IF 2011-01\Prácticas\Códigos y Simulaciones\Práctica IV\16F883TMPO.ASM
              pclath_temp   0x000072       data     static F:\Escritorio\USB_1Marzo\Electrónica\Taller V IF 2011-01\Prácticas\Códigos y Simulaciones\Práctica IV\16F883TMPO.ASM


